root@r2> request support information

  <output xmlns:junos="http://xml.juniper.net/junos/15.1R1/junos">

Current time: 2017-01-25 01:21:44 PST
Time Source:  LOCAL CLOCK
System booted: 2017-01-24 06:23:23 PST (18:58:21 ago)
Protocols started: 2017-01-24 06:23:24 PST (18:58:20 ago)
Last configured: 2017-01-24 07:36:25 PST (17:45:19 ago) by root
 1:21AM  up 18:58, 0 users, load averages: 0.18, 0.38, 0.40


root@r2&amp;gt; show version detail no-forwarding

Hostname: r2
Model: mx240
Junos: 15.1R1.9
JUNOS OS Kernel 32-bit  [20150617.306001_builder_stable_10]
JUNOS OS runtime [20150617.306001_builder_stable_10]
JUNOS OS time zone information [20150617.306001_builder_stable_10]
JUNOS libs [20150618.043753_builder_junos_151_r1]
JUNOS runtime [20150618.043753_builder_junos_151_r1]
JUNOS Packet Forwarding Engine Trio Simulation Package [20150618.043753_builder_junos_151_r1]
JUNOS py base [20150618.043753_builder_junos_151_r1]
JUNOS OS vmguest [20150617.306001_builder_stable_10]
JUNOS OS crypto [20150617.306001_builder_stable_10]
JUNOS network stack and utilities [20150618.043753_builder_junos_151_r1]
JUNOS platform support [20150618.043753_builder_junos_151_r1]
JUNOS modules [20150618.043753_builder_junos_151_r1]
JUNOS daemons [20150618.043753_builder_junos_151_r1]
JUNOS Voice Services Container package [20150618.043753_builder_junos_151_r1]
JUNOS Services SSL [20150618.043753_builder_junos_151_r1]
JUNOS Services Stateful Firewall [20150618.043753_builder_junos_151_r1]
JUNOS Services RPM [20150618.043753_builder_junos_151_r1]
JUNOS Services PTSP Container package [20150618.043753_builder_junos_151_r1]
JUNOS Services NAT [20150618.043753_builder_junos_151_r1]
JUNOS Services Mobile Subscriber Service Container package [20150618.043753_builder_junos_151_r1]
JUNOS Services MobileNext Software package [20150618.043753_builder_junos_151_r1]
JUNOS Services LL-PDF Container package [20150618.043753_builder_junos_151_r1]
JUNOS Services Jflow Container package [20150618.043753_builder_junos_151_r1]
JUNOS Services IPSec [20150618.043753_builder_junos_151_r1]
JUNOS IDP Services [20150618.043753_builder_junos_151_r1]
JUNOS Services HTTP Content Management package [20150618.043753_builder_junos_151_r1]
JUNOS Services Crypto [20150618.043753_builder_junos_151_r1]
JUNOS Services Captive Portal and Content Delivery Container package [20150618.043753_builder_junos_151_r1]
JUNOS Border Gateway Function package [20150618.043753_builder_junos_151_r1]
JUNOS AppId Services [20150618.043753_builder_junos_151_r1]
JUNOS Services Application Level Gateways [20150618.043753_builder_junos_151_r1]
JUNOS Services AACL Container package [20150618.043753_builder_junos_151_r1]
JUNOS Packet Forwarding Engine Support (MX/EX92XX Common) [20150618.043753_builder_junos_151_r1]
JUNOS Packet Forwarding Engine Support (M/T Common) [20150618.043753_builder_junos_151_r1]
JUNOS Online Documentation [20150618.043753_builder_junos_151_r1]
JUNOS FIPS mode utilities [20150618.043753_builder_junos_151_r1]
KERNEL JNPR-10.1-20150617.306001_builder_stable_10 #0 built by builder on Wed Jun 17 2
MGD release 15.1R1.9 built by builder on 2015-06-18 09:09:33 UTC
CLI release 15.1R1.9 built by builder on 2015-06-18 07:21:28 UTC
RPD release 15.1R1.9 built by builder on 2015-06-18 09:22:56 UTC
CHASSISD release 15.1R1.9 built by builder on 2015-06-18 07:56:15 UTC
JLAUNCHD release 15.1R1.9 built by builder on 2015-06-18 07:17:53 UTC
KMD release 15.1R1.9 built by builder on 2015-06-18 07:56:21 UTC
GKMD release 15.1R1.9 built by builder on 2015-06-18 07:56:19 UTC
PKID release 15.1R1.9 built by builder on 2015-06-18 07:56:28 UTC
SENDD release 15.1R1.9 built by builder on 2015-06-18 07:53:29 UTC
DFWD release 15.1R1.9 built by builder on 2015-06-18 07:57:17 UTC
DCD release 15.1R1.9 built by builder on 2015-06-18 09:08:59 UTC
SNMPD release 15.1R1.9 built by builder on 2015-06-18 09:09:55 UTC
ALARM-MGMTD release 15.1R1.9 built by builder on 2015-06-18 09:09:47 UTC
MIB2D release 15.1R1.9 built by builder on 2015-06-18 08:04:32 UTC
APSD release 15.1R1.9 built by builder on 2015-06-18 07:56:54 UTC
VRRPD release 15.1R1.9 built by builder on 2015-06-18 08:01:11 UTC
ALARMD release 15.1R1.9 built by builder on 2015-06-18 07:56:35 UTC
PFED release 15.1R1.9 built by builder on 2015-06-18 07:59:03 UTC
AGENTD release 15.1R1.9 built by builder on 2015-06-18 07:53:32 UTC
LPDFD release 15.1R1.9 built by builder on 2015-06-18 08:01:32 UTC
CRAFTD release 15.1R1.9 built by builder on 2015-06-18 07:57:14 UTC
SAMPLED release 15.1R1.9 built by builder on 2015-06-18 08:04:16 UTC
SRRD release 15.1R1.9 built by builder on 2015-06-18 07:55:52 UTC
JFLOWD release 15.1R1.9 built by builder on 2015-06-18 08:01:47 UTC
ILMID release 15.1R1.9 built by builder on 2015-06-18 07:57:29 UTC
RMOPD release 15.1R1.9 built by builder on 2015-06-18 07:56:28 UTC
COSD release 15.1R1.9 built by builder on 2015-06-18 08:02:16 UTC
FSAD release 15.1R1.9 built by builder on 2015-06-18 07:54:31 UTC
IRSD release 15.1R1.9 built by builder on 2015-06-18 07:54:46 UTC
FUD release 15.1R1.9 built by builder on 2015-06-18 08:04:23 UTC
RTSPD release 15.1R1.9 built by builder on 2015-06-18 07:17:52 UTC
SMARTD release 15.1R1.9 built by builder on 2015-06-18 06:12:10 UTC
KSYNCD release 15.1R1.9 built by builder on 2015-06-18 07:55:04 UTC
SPD release 15.1R1.9 built by builder on 2015-06-18 08:02:06 UTC
JL2TPD release 15.1R1.9 built by builder on 2015-06-18 07:57:52 UTC
JPPPOED release 15.1R1.9 built by builder on 2015-06-18 07:58:00 UTC
RDD release 15.1R1.9 built by builder on 2015-06-18 07:55:33 UTC
PPPD release 15.1R1.9 built by builder on 2015-06-18 09:09:03 UTC
DFCD release 15.1R1.9 built by builder on 2015-06-18 07:57:17 UTC
LACPD release 15.1R1.9 built by builder on 2015-06-18 07:58:14 UTC
LFMD release 15.1R1.9 built by builder on 2015-06-18 07:55:04 UTC
OAMD release 15.1R1.9 built by builder on 2015-06-18 07:55:29 UTC
CFMD release 15.1R1.9 built by builder on 2015-06-18 08:02:18 UTC
JDHCPD release 15.1R1.9 built by builder on 2015-06-18 07:57:46 UTC
JSAVALD release 15.1R1.9 built by builder on 2015-06-18 07:54:51 UTC
PGCPD release 15.1R1.9 built by builder on 2015-06-18 08:04:38 UTC
PSSD release 15.1R1.9 built by builder on 2015-06-18 07:55:32 UTC
SSD release 15.1R1.9 built by builder on 2015-06-18 07:55:52 UTC
MSPD release 15.1R1.9 built by builder on 2015-06-18 07:55:25 UTC
AUTHD release 15.1R1.9 built by builder on 2015-06-18 07:56:17 UTC
AUTOCONFD release 15.1R1.9 built by builder on 2015-06-18 07:53:46 UTC
BBE-SMGD release 15.1R1.9 built by builder on 2015-06-18 08:01:29 UTC
JDIAMETERD release 15.1R1.9 built by builder on 2015-06-18 07:54:50 UTC
BDBREPD release 15.1R1.9 built by builder on 2015-06-18 07:53:50 UTC
SBCCONFD release 15.1R1.9 built by builder on 2015-06-18 08:04:38 UTC
APPIDD release 15.1R1.9 built by builder on 2015-06-18 08:01:25 UTC
IDPD release 15.1R1.9 built by builder on 2015-06-18 08:01:20 UTC
JPPPD release 15.1R1.9 built by builder on 2015-06-18 07:57:59 UTC
JSSCD release 15.1R1.9 built by builder on 2015-06-18 07:54:52 UTC
ICCPD release 15.1R1.9 built by builder on 2015-06-18 07:54:33 UTC
SHM-RTSDBD release 15.1R1.9 built by builder on 2015-06-18 08:04:37 UTC
DATAPATH-TRACED release 15.1R1.9 built by builder on 2015-06-18 07:54:12 UTC
JPTSPD release 15.1R1.9 built by builder on 2015-06-18 08:01:26 UTC
CPCDD release 15.1R1.9 built by builder on 2015-06-18 07:54:01 UTC
SMID release 15.1R1.9 built by builder on 2015-06-18 07:55:45 UTC
SMIHELPERD release 15.1R1.9 built by builder on 2015-06-18 08:00:56 UTC
JDDOSD release 15.1R1.9 built by builder on 2015-06-18 07:54:49 UTC
TRANSPORTD release 15.1R1.9 built by builder on 2015-06-18 08:04:38 UTC
CLKSYNCD release 15.1R1.9 built by builder on 2015-06-18 07:57:12 UTC
DOT1XD release 15.1R1.9 built by builder on 2015-06-18 07:56:10 UTC
ESSMD release 15.1R1.9 built by builder on 2015-06-18 07:54:29 UTC
VMOND release 15.1R1.9 built by builder on 2015-06-18 08:01:07 UTC
PPMD release 15.1R1.9 built by builder on 2015-06-18 07:56:16 UTC
LMPD release 15.1R1.9 built by builder on 2015-06-18 07:55:05 UTC
LRMUXD release 15.1R1.9 built by builder on 2015-06-18 09:09:03 UTC
BFDD release 15.1R1.9 built by builder on 2015-06-18 07:56:14 UTC
SDXD release 15.1R1.9 built by builder on 2015-06-18 07:55:40 UTC
AUDITD release 15.1R1.9 built by builder on 2015-06-18 07:53:35 UTC
L2ALD release 15.1R1.9 built by builder on 2015-06-18 07:58:01 UTC
EVENTD release 15.1R1.9 built by builder on 2015-06-18 07:57:18 UTC
L2CPD release 15.1R1.9 built by builder on 2015-06-18 07:58:08 UTC
ANCPD release 15.1R1.9 built by builder on 2015-06-18 07:56:52 UTC
MCSNOOPD release 15.1R1.9 built by builder on 2015-06-18 09:10:06 UTC
MPLSOAMD release 15.1R1.9 built by builder on 2015-06-18 07:55:25 UTC
COMMITD release 15.1R1.9 built by builder on 2015-06-18 09:09:16 UTC
JNUD release 15.1R1.9 built by builder on 2015-06-18 07:57:54 UTC
lighttpd/1.4.32 (ssl) - a light and fast webserver
Build-Date: Jun 18 2015 06:14:04
VCCPD release 15.1R1.9 built by builder on 2015-06-18 07:56:16 UTC
jroute-actions-dd release 15.1R1.9 built by builder on 2015-06-18 07:00:20 UTC
jkernel-actions-dd release 15.1R1.9 built by builder on 2015-06-18 07:00:35 UTC
ancpd-actions-dd release 15.1R1.9 built by builder on 2015-06-18 06:58:05 UTC
appsecure-actions-dd release 15.1R1.9 built by builder on 2015-06-18 06:58:07 UTC
aprobe-actions-dd release 15.1R1.9 built by builder on 2015-06-18 06:58:07 UTC
apsd-actions-dd release 15.1R1.9 built by builder on 2015-06-18 06:58:08 UTC
authd_cmd-actions-dd release 15.1R1.9 built by builder on 2015-06-18 06:58:09 UTC
autoconfd_cmd-actions-dd release 15.1R1.9 built by builder on 2015-06-18 06:58:11 UTC
bdbrepd_cmd-actions-dd release 15.1R1.9 built by builder on 2015-06-18 06:58:21 UTC
cfm-actions-dd release 15.1R1.9 built by builder on 2015-06-18 06:58:22 UTC
chassis_cmd-actions-dd release 15.1R1.9 built by builder on 2015-06-18 06:58:31 UTC
clksyncd-actions-dd release 15.1R1.9 built by builder on 2015-06-18 06:58:27 UTC
collector-actions-dd release 15.1R1.9 built by builder on 2015-06-18 06:58:35 UTC
cos_cmd-actions-dd release 15.1R1.9 built by builder on 2015-06-18 06:58:40 UTC
cpcdd_cmd-actions-dd release 15.1R1.9 built by builder on 2015-06-18 06:58:40 UTC
dcd_cmd-actions-dd release 15.1R1.9 built by builder on 2015-06-18 06:58:46 UTC
demuxd-actions-dd release 15.1R1.9 built by builder on 2015-06-18 06:58:51 UTC
dfcd_cmd-actions-dd release 15.1R1.9 built by builder on 2015-06-18 06:58:53 UTC
dot1xd-actions-dd release 15.1R1.9 built by builder on 2015-06-18 06:58:58 UTC
dyn-sess-prof-actions-dd release 15.1R1.9 built by builder on 2015-06-18 06:58:58 UTC
elmi-actions-dd release 15.1R1.9 built by builder on 2015-06-18 06:58:58 UTC
essmd-actions-dd release 15.1R1.9 built by builder on 2015-06-18 06:58:58 UTC
forwarding_options_cmd-actions-dd release 15.1R1.9 built by builder on 2015-06-18 06:59:01 UTC
fsad-actions-dd release 15.1R1.9 built by builder on 2015-06-18 06:59:02 UTC
gres-test-point-actions-dd release 15.1R1.9 built by builder on 2015-06-18 06:59:02 UTC
httpd_cmd-actions-dd release 15.1R1.9 built by builder on 2015-06-18 06:59:04 UTC
iccp_cmd-actions-dd release 15.1R1.9 built by builder on 2015-06-18 06:59:04 UTC
ilmid-actions-dd release 15.1R1.9 built by builder on 2015-06-18 06:59:05 UTC
jappid-actions-dd release 15.1R1.9 built by builder on 2015-06-18 06:59:11 UTC
jcrypto-actions-dd release 15.1R1.9 built by builder on 2015-06-18 06:59:12 UTC
jcrypto_junos-actions-dd release 15.1R1.9 built by builder on 2015-06-18 06:59:14 UTC
jddosd-actions-dd release 15.1R1.9 built by builder on 2015-06-18 06:59:45 UTC
jdiameterd-actions-dd release 15.1R1.9 built by builder on 2015-06-18 06:59:17 UTC
jidpd-actions-dd release 15.1R1.9 built by builder on 2015-06-18 06:59:22 UTC
jkernel_cmd-actions-dd release 15.1R1.9 built by builder on 2015-06-18 06:59:50 UTC
jkernel_junos-actions-dd release 15.1R1.9 built by builder on 2015-06-18 06:59:30 UTC
jpppd-actions-dd release 15.1R1.9 built by builder on 2015-06-18 06:59:30 UTC
l2ald-actions-dd release 15.1R1.9 built by builder on 2015-06-18 06:59:35 UTC
lldp-actions-dd release 15.1R1.9 built by builder on 2015-06-18 06:59:39 UTC
macsec-actions-dd release 15.1R1.9 built by builder on 2015-06-18 06:59:39 UTC
mcsnoop-actions-dd release 15.1R1.9 built by builder on 2015-06-18 06:59:45 UTC
mo-actions-dd release 15.1R1.9 built by builder on 2015-06-18 06:59:43 UTC
mobiled-actions-dd release 15.1R1.9 built by builder on 2015-06-18 06:59:57 UTC
pccd-actions-dd release 15.1R1.9 built by builder on 2015-06-18 06:59:53 UTC
pppd-actions-dd release 15.1R1.9 built by builder on 2015-06-18 06:59:53 UTC
pppoed-actions-dd release 15.1R1.9 built by builder on 2015-06-18 06:59:55 UTC
r2cpd-actions-dd release 15.1R1.9 built by builder on 2015-06-18 07:00:00 UTC
rdd-actions-dd release 15.1R1.9 built by builder on 2015-06-18 07:00:05 UTC
rmpsd-actions-dd release 15.1R1.9 built by builder on 2015-06-18 07:00:07 UTC
services-actions-dd release 15.1R1.9 built by builder on 2015-06-18 07:00:23 UTC
stp-actions-dd release 15.1R1.9 built by builder on 2015-06-18 07:00:12 UTC
subinfo-actions-dd release 15.1R1.9 built by builder on 2015-06-18 07:00:14 UTC
virtualchassis-actions-dd release 15.1R1.9 built by builder on 2015-06-18 07:00:27 UTC
vlans-ng-actions-dd release 15.1R1.9 built by builder on 2015-06-18 07:00:28 UTC
jdocs-actions-dd release 15.1R1.9 built by builder on 2015-06-18 06:24:20 UTC


root@r2&amp;gt; show system core-dumps no-forwarding

/var/crash/*core*: No such file or directory
/var/tmp/*core*: No such file or directory
/var/tmp/pics/*core*: No such file or directory
/var/crash/kernel.*: No such file or directory
/var/jails/rest-api/tmp/*core*: No such file or directory


root@r2&amp;gt; show chassis alarms no-forwarding

No alarms currently active


root@r2&amp;gt; show chassis hardware detail no-forwarding

Hardware inventory:
Item             Version  Part number  Serial number     Description
Chassis                                VMX782a           MX240
Midplane
Routing Engine 0                       38fb2a5a-db       RE-VMX
  ada0  23553 MB  QEMU HARDDISK        QM00001           Hard Disk
CB 0                                                     VMX SCB
CB 1                                                     VMX SCB
FPC 0                                                    Virtual 20x1G + 4x10G FPC
  CPU            Rev. 1.0 RIOT         123XYZ987
  MIC 0                                                  Virtual 20x 1GE(LAN) SFP
    PIC 0                 BUILTIN      BUILTIN           Virtual 10x 1GE(LAN) SFP
    PIC 1                 BUILTIN      BUILTIN           Virtual 10x 1GE(LAN) SFP
  MIC 1                                                  Virtual 4x 10GE(LAN) XFP
    PIC 2                 BUILTIN      BUILTIN           Virtual 2x 10GE(LAN) XFP
    PIC 3                 BUILTIN      BUILTIN           Virtual 2x 10GE(LAN) XFP


root@r2&amp;gt; show system processes extensive no-forwarding

last pid: 74883;  load averages:  0.18,  0.38,  0.40  up 0+18:58:22    01:21:45
115 processes: 2 running, 111 sleeping, 1 zombie, 1 waiting

Mem: 52M Active, 1226M Inact, 97M Wired, 87M Buf, 1617M Free
Swap: 1024M Total, 1024M Free


  PID USERNAME  THR PRI NICE   SIZE    RES STATE    TIME    WCPU COMMAND
   10 root        1 155 ki31     0K     8K RUN     18.4H  77.10% idle
74728 root        1  32    0 41448K 23820K select   0:00   2.29% cli
 4023 root        1  21    0   715M  4156K select   0:05   1.76% eventd
74722 root        1  23    0   724M 26256K select   0:00   1.27% mgd
    0 root       16 -100    0     0K   128K -        4:14   1.17% kernel
74724 root        1  52    0 14144K  1908K wait     0:00   1.17% sh
74729 root        1  52    0   724M 25372K select   0:00   1.07% mgd
 9004 root        1  21    0 18880K  4384K select   0:06   0.59% sshd
   11 root       14 -72    -     0K   112K WAIT    11:12   0.20% intr
 4082 root        1  20    0   801M 23216K select   3:38   0.00% pfed
 4033 root        1  20    0   776M 30356K select   2:20   0.00% mib2d
 4026 root        1  20    0   721M  3832K select   1:08   0.00% shm-rtsdbd
 4067 root        3  52    0   723M  6420K sigwai   1:08   0.00% jddosd
 4049 root        1  20    0   763M 12760K select   1:08   0.00% l2ald
 4080 root        1  20    0   733M 14668K select   0:55   0.00% snmpd
 4007 root        4  20    0   811M 17304K select   0:46   0.00% chassisd
   13 root        1 -16    -     0K     8K -        0:42   0.00% rand_harvestq
    6 root        1 -16    -     0K     8K client   0:38   0.00% ifstate notify
 4052 root        1  20    0   782M 14144K select   0:28   0.00% cosd
 4048 root        1  20    0   823M 24092K kqread   0:28   0.00% rpd
 4032 root        1  20    0   719M  4772K select   0:27   0.00% license-check
 4088 root        1  20    0   821M  7796K select   0:25   0.00% transportd
 3998 root        1  20    0 13888K  1468K select   0:24   0.00% bslockd
 4079 root        1  20    0   719M  4392K select   0:18   0.00% alarmd
 4083 root        1  20    0   715M  4204K select   0:16   0.00% irsd
   12 root        3  -8    -     0K    24K -        0:14   0.00% geom
 4059 root        1  20    0   749M 12928K kqread   0:13   0.00% l2cpd
 4089 root        1  20    0   811M 15188K select   0:12   0.00% alarm-mgmtd
 4062 root        1  20    0   753M 10596K select   0:12   0.00% cfmd
 4077 root        1  20    0   745M 11560K kqread   0:09   0.00% dot1xd
 4087 root        1  20    0   772M 35776K select   0:09   0.00% smid
  369 root        1  -8    -     0K     8K mdwait   0:09   0.00% md4
 4078 root        1  20    0   759M 16264K select   0:09   0.00% dcd
 4071 root        1  20    0   721M  6048K select   0:09   0.00% pkid
 4101 root        1  22    0 14144K  1848K wait     0:08   0.00% sh
    4 root        2 -16    -     0K    16K -        0:06   0.00% cam
    8 root        1 -16    -     0K     8K psleep   0:06   0.00% pagedaemon
 4031 root        1  20    0   754M 12208K select   0:05   0.00% idpd
 4022 root        1  20    0   719M  5488K select   0:05   0.00% bfdd
 9053 root        1  20    0 13752K  1584K kqread   0:05   0.00% tail
   18 root        1  16    -     0K     8K syncer   0:04   0.00% syncer
 4058 root        1  20    0   753M 12340K select   0:04   0.00% dfcd
 4017 root        1  20    0   715M  6872K select   0:04   0.00% ppmd
 4061 root        1  20    0   715M  4332K select   0:04   0.00% lfmd
 4076 root        1  20    0   748M  7376K select   0:04   0.00% smihelperd
 4009 root        1  20    0   719M  4492K select   0:03   0.00% craftd
 4051 root        1  20    0   719M  7464K select   0:03   0.00% rmopd
 4050 root        1  20  -15   719M  4836K select   0:03   0.00% apsd
 4047 root        1  20    0 14460K 14444K select   0:03   0.00% ntpd
   25 root        1 -16    -     0K     8K .        0:02   0.00% ddostasks
 4093 root        1  20    -     0K     8K select   0:02   0.00% peerproxy10000080
 4065 root        1  20    0   715M  3484K select   0:02   0.00% iccpd
 9040 root        1  20    0   724M 26068K select   0:01   0.00% mgd
   14 root        4 -68    -     0K    32K -        0:01   0.00% usb
 4063 root        1  20    0   715M  3948K select   0:01   0.00% mplsoamd
 4084 root        1  20    0   795M 22456K select   0:01   0.00% dfwd
  288 root        1  -8    -     0K     8K mdwait   0:01   0.00% md3
 4010 root        1  20    0   724M 24836K select   0:01   0.00% mgd
  441 root        1  -8    -     0K     8K mdwait   0:01   0.00% md5
 3994 root        1  20    0 14036K  2384K kqread   0:01   0.00% jlaunchd
  670 root        1  -8    -     0K     8K mdwait   0:01   0.00% md9
 4002 root        1  20    0 13880K  1436K nanslp   0:01   0.00% cron
 9052 root        1  20    0   717M  3900K select   0:00   0.00% syslog-filter
 4069 root        1  20    0 13860K  1892K select   0:00   0.00% rpcbind
  112 root        1  -8    -     0K     8K mdwait   0:00   0.00% md1
 4075 root        1  52    0 13752K  1648K rpcsvc   0:00   0.00% nfsd
   16 root        1 -16    -     0K     8K psleep   0:00   0.00% bufdaemon
 3997 root        1  20    0 14108K  1532K select   0:00   0.00% watchdog
   17 root        1 -16    -     0K     8K vlruwt   0:00   0.00% vnlru
 4056 root        1  20    0   716M  4372K select   0:00   0.00% rdd
  722 root        1  -8    -     0K     8K mdwait   0:00   0.00% md10
  613 root        1  -8    -     0K     8K mdwait   0:00   0.00% md8
 2455 root        1  -8    -     0K     8K mdwait   0:00   0.00% md15
 4030 root        1  20    0   719M  5748K select   0:00   0.00% appidd
  779 root        1  -8    -     0K     8K mdwait   0:00   0.00% md11
 1425 root        1  -8    -     0K     8K mdwait   0:00   0.00% md13
  561 root        1  -8    -     0K     8K mdwait   0:00   0.00% md7
 4013 root        1  29    0 14272K  2204K select   0:00   0.00% inetd
 4068 root        1  20    0   717M  5568K select   0:00   0.00% agentd
 4053 root        1  20    0   715M  4100K select   0:00   0.00% lmpd
 4057 root        1  20    0   715M  3868K select   0:00   0.00% pppd
 4072 root        1  20    0   715M  4024K select   0:00   0.00% mspd
 4055 root        1  20    0   715M  3740K select   0:00   0.00% fsad
 1482 root        1  -8    -     0K     8K mdwait   0:00   0.00% md14
    1 root        1  26    0 12132K   432K wait     0:00   0.00% init
 4029 root        1  20    0   761M  6740K select   0:00   0.00% bbe-smgd
    5 root        1  -8    -     0K     8K mdwait   0:00   0.00% md0
 4060 root        1  20    0   715M  3924K select   0:00   0.00% oamd
 4064 root        1  52    0   717M  4968K select   0:00   0.00% sendd
 4070 root        1  52    0 13752K  2372K accept   0:00   0.00% nfsd
 4074 root        1  52    0 13832K  2508K select   0:00   0.00% mountd
 1368 root        1  -8    -     0K     8K mdwait   0:00   0.00% md12
 4054 root        1  52    0 14036K  1928K select   0:00   0.00% rtspd
  498 root        1  -8    -     0K     8K mdwait   0:00   0.00% md6
 4086 root        1  24    0   720M  4720K select   0:00   0.00% stats-agentd
 4005 root        1  52    0 14244K  1744K select   0:00   0.00% tnetd
   15 root        1 155 ki31     0K     8K pgzero   0:00   0.00% pagezero
 4018 root        1  20    0 13800K  1412K nanslp   0:00   0.00% smartd
 4081 root        1  24    0 14188K  2104K select   0:00   0.00% tnp.sntpd
74883 root        1  72    0 14224K  2188K RUN      0:00   0.00% top
  233 root        1  -8    -     0K     8K mdwait   0:00   0.00% md2
 4004 root        1  52    0 13832K  1312K ttyin    0:00   0.00% getty
   23 root        1 -16    -     0K     8K select   0:00   0.00% if_pic_listen0
74719 root        1  22    0  9656K  1536K nanslp   0:00   0.00% sleep
 3992 root        1  52    0 13908K  1348K wait     0:00   0.00% jlaunchhelperd
   24 root        1 -16    -     0K     8K select   0:00   0.00% if_pfe_listen
   21 root        1 -16    -     0K     8K purge_   0:00   0.00% kern_pir_proc
    7 root        1 -16    -     0K     8K dump_r   0:00   0.00% kern_dump_proc
 3086 root        1 -16    -     0K     8K ftcl     0:00   0.00% ftcleanup
   19 root        1 -16    -     0K     8K sleep    0:00   0.00% netdaemon
   22 root        1 -16    -     0K     8K condsl   0:00   0.00% delayedexecd
    9 root        1 -16    -     0K     8K psleep   0:00   0.00% vmdaemon
    2 root        1 -16    -     0K     8K crypto   0:00   0.00% crypto
    3 root        1 -16    -     0K     8K crypto   0:00   0.00% crypto returns



root@r2&amp;gt; show pfe statistics error


Slot 0



HSL2 Errors:
------------
  *****  No errors on this PFE  *****
LU Chip 0
LUCHIP(0) ISTAT PIO Errors:
    None recorded.


root@r2&amp;gt; show pfe statistics traffic

Packet Forwarding Engine traffic statistics:
    Input  packets:                    0                    0 pps
    Output packets:                    0                    0 pps
Packet Forwarding Engine local traffic statistics:
    Local packets input                 :                    0
    Local packets output                :                    0
    Software input control plane drops  :                    0
    Software input high drops           :                    0
    Software input medium drops         :                    0
    Software input low drops            :                    0
    Software output drops               :                    0
    Hardware input drops                :                    0
Packet Forwarding Engine local protocol statistics:
    HDLC keepalives            :                    0
    ATM OAM                    :                    0
    Frame Relay LMI            :                    0
    PPP LCP/NCP                :                    0
    OSPF hello                 :                    0
    OSPF3 hello                :                    0
    RSVP hello                 :                    0
    LDP hello                  :                    0
    BFD                        :                    0
    IS-IS IIH                  :                    0
    LACP                       :                    0
    ARP                        :                    0
    ETHER OAM                  :                    0
    Unknown                    :                    0
Packet Forwarding Engine hardware discard statistics:
    Timeout                    :                    0
    Truncated key              :                    0
    Bits to test               :                    0
    Data error                 :                    0
    Stack underflow            :                    0
    Stack overflow             :                    0
    Normal discard             :                    0
    Extended discard           :                    0
    Invalid interface          :                    0
    Info cell drops            :                    0
    Fabric drops               :                    0
Packet Forwarding Engine Input IPv4 Header Checksum Error and Output MTU Error statistics:
    Input Checksum             :                    0
    Output MTU                 :                    0


root@r2&amp;gt; show chassis routing-engine no-forwarding

Routing Engine status:
  Slot 0:
    Current state                  Master
    Election priority              Master (default)
    Temperature                 0 degrees C / 32 degrees F
    DRAM                      3072 MB (4096 MB installed)
    Memory utilization           6 percent
    5 sec CPU utilization:
      User                       4 percent
      Background                 0 percent
      Kernel                     3 percent
      Interrupt                  1 percent
      Idle                      92 percent
    1 min CPU utilization:
      User                       2 percent
      Background                 0 percent
      Kernel                     2 percent
      Interrupt                  1 percent
      Idle                      95 percent
    5 min CPU utilization:
      User                       1 percent
      Background                 0 percent
      Kernel                     2 percent
      Interrupt                  1 percent
      Idle                      96 percent
    15 min CPU utilization:
      User                       1 percent
      Background                 0 percent
      Kernel                     2 percent
      Interrupt                  1 percent
      Idle                      97 percent
    Model                          RE-VMX
    Serial ID                      38fb2a5a-db
    Start time                     2017-01-24 06:23:23 PST
    Uptime                         18 hours, 58 minutes, 19 seconds
    Last reboot reason             Router rebooted after a normal shutdown.
    Load averages:                 1 minute   5 minute  15 minute
                                       0.18       0.38       0.40


root@r2&amp;gt; show chassis environment no-forwarding



root@r2&amp;gt; show chassis firmware no-forwarding

Part                     Type       Version
FPC 0                    ROM        PC Bios
                         O/S        Version 15.1R1.9 by builder on 2015-06-18 06:28:47 UTC


root@r2&amp;gt; show chassis fpc detail

Slot 0 information:
  State                                 Online
  Temperature                        Testing
  Total CPU DRAM                    512 MB
  Total RLDRAM                       10 MB
  Total DDR DRAM                      0 MB
  Start time:                           2017-01-24 06:26:09 PST
  Uptime:                               18 hours, 55 minutes, 35 seconds
  Max Power Consumption               0 Watts


root@r2&amp;gt; show system boot-messages  no-forwarding

Copyright (c) 1992-2015 The FreeBSD Project.
Copyright (c) 1979, 1980, 1983, 1986, 1988, 1989, 1991, 1992, 1993, 1994
	The Regents of the University of California. All rights reserved.
FreeBSD is a registered trademark of The FreeBSD Foundation.
FreeBSD JNPR-10.1-20150617.306001_builder_stable_10 #0: Wed Jun 17 20:01:55 PDT 2015
    builder@basith.juniper.net:/volume/build/junos/occam/freebsd/stable_10/20150617.builder.306001/obj/i386/juniper/kernels/JNPR-I386-PRD/kernel i386
gcc version 4.2.1 (for JUNOS)
CPU: QEMU Virtual CPU version 2.5+ (2600.10-MHz 686-class CPU)
  Origin="GenuineIntel"  Id=0x663  Family=0x6  Model=0x6  Stepping=3
  Features=0x783fbfd&amp;lt;FPU,DE,PSE,TSC,MSR,PAE,MCE,CX8,APIC,SEP,MTRR,PGE,MCA,CMOV,PAT,PSE36,MMX,FXSR,SSE,SSE2&amp;gt;
  Features2=0x80202001&amp;lt;SSE3,CX16,x2APIC,HV&amp;gt;
  AMD Features=0x20100800&amp;lt;SYSCALL,NX,LM&amp;gt;
  AMD Features2=0x1&amp;lt;LAHF&amp;gt;
Hypervisor: Origin = "KVMKVMKVM"
real memory  = 4294967296 (4096 MB)
avail memory = 3132919808 (2987 MB)
Event timer "LAPIC" quality 400
ACPI APIC Table: &amp;lt;BOCHS  BXPCAPIC&amp;gt;
platform_early_bootinit: M/T/EX Series Early Boot Initialization
Olive CPU
Security policy loaded: Junos MAC/fips (mac_fips)
Security policy loaded: MAC/veriexec (mac_veriexec)
Security policy loaded: JUNOS MAC/privcheck (mac_privcheck)
MAC/veriexec fingerprint module loaded: SHA1
ioapic0 &amp;lt;Version 1.1&amp;gt; irqs 0-23 on motherboard
random: &amp;lt;Software, Yarrow&amp;gt; initialized
Initializing M/T/EX platform properties ..
rts_sysconf_ifstate_init: registerd rtcb osd: slotid 2
ofwbus0: &amp;lt;Open Firmware Device Tree&amp;gt; on motherboard
fdtio0: &amp;lt;FDT I/O port space&amp;gt; on ofwbus0
fpga0: &amp;lt;RE system controller&amp;gt; port 0x191-0x198 on fdtio0
cryptosoft0: &amp;lt;software crypto&amp;gt; on motherboard
acpi0: &amp;lt;BOCHS BXPCRSDT&amp;gt; on motherboard
acpi0: Power Button (fixed)
cpu0: &amp;lt;ACPI CPU&amp;gt; on acpi0
atrtc0: &amp;lt;AT realtime clock&amp;gt; port 0x70-0x71,0x72-0x77 irq 8 on acpi0
Event timer "RTC" frequency 32768 Hz quality 0
hpet0: &amp;lt;High Precision Event Timer&amp;gt; iomem 0xfed00000-0xfed003ff on acpi0
Timecounter "HPET" frequency 100000000 Hz quality 950
Timecounter "ACPI-fast" frequency 3579545 Hz quality 900
acpi_timer0: &amp;lt;24-bit timer at 3.579545MHz&amp;gt; port 0x608-0x60b on acpi0
pcib0: &amp;lt;ACPI Host-PCI bridge&amp;gt; port 0xcf8-0xcff on acpi0
pci0: &amp;lt;ACPI PCI bus&amp;gt; on pcib0
isab0: &amp;lt;PCI-ISA bridge&amp;gt; at device 1.0 on pci0
isa0: &amp;lt;ISA bus&amp;gt; on isab0
atapci0: &amp;lt;Intel PIIX3 WDMA2 controller&amp;gt; port 0x1f0-0x1f7,0x3f6,0x170-0x177,0x376,0xc0e0-0xc0ef at device 1.1 on pci0
ata0: &amp;lt;ATA channel&amp;gt; at channel 0 on atapci0
ata1: &amp;lt;ATA channel&amp;gt; at channel 1 on atapci0
uhci0: &amp;lt;Intel 82371SB (PIIX3) USB controller&amp;gt; port 0xc0c0-0xc0df irq 11 at device 1.2 on pci0
usbus0 on uhci0
smb0: &amp;lt;Intel 82371AB SMB controller&amp;gt; irq 9 at device 1.3 on pci0
vgapci0: &amp;lt;VGA-compatible display&amp;gt; mem 0xfd000000-0xfdffffff,0xfebf0000-0xfebf0fff at device 2.0 on pci0
vgapci0: Boot video device
em0: &amp;lt;Intel(R) PRO/1000 Legacy Network Connection 1.0.6&amp;gt; port 0xc000-0xc03f mem 0xfeb80000-0xfeb9ffff irq 11 at device 3.0 on pci0
if_initname: em
em1: &amp;lt;Intel(R) PRO/1000 Legacy Network Connection 1.0.6&amp;gt; port 0xc040-0xc07f mem 0xfeba0000-0xfebbffff irq 11 at device 3.1 on pci0
if_initname: em
em2: &amp;lt;Intel(R) PRO/1000 Legacy Network Connection 1.0.6&amp;gt; port 0xc080-0xc0bf mem 0xfebc0000-0xfebdffff irq 11 at device 3.2 on pci0
if_initname: em
uart0: &amp;lt;16550 or compatible&amp;gt; port 0x3f8-0x3ff irq 4 on acpi0
uart0: console (9600,n,8,1)
pmtimer0 on isa0
orm0: &amp;lt;ISA Option ROM&amp;gt; at iomem 0xee800-0xeffff pnpid ORM0000 on isa0
Initializing product: 1 ..
Setting up M/T interface operations and attributes
md0: Preloaded image &amp;lt;/packages/sets/active/boot/os-kernel/contents.izo&amp;gt; 7182336 bytes at 0xc1739f30
usbus0: 12Mbps Full Speed USB v1.0
platform_set_re_misc_properties_common: vm_guest=1
Timecounters tick every 1.000 msec
 Loading Redundant LT driver
Registered AMT tunnel Encap with UDP Tunnel!
###PCB Group initialized for udppcbgroup
###PCB Group initialized for tcppcbgroup
rts_init: registered inrtsock osd: slotid 3
ugen0.1: &amp;lt;Intel&amp;gt; at usbus0
uhub0: &amp;lt;Intel UHCI root HUB, class 9/0, rev 1.00/1.00, addr 1&amp;gt; on usbus0
ada0 at ata0 bus 0 scbus0 target 0 lun 0
ada0: &amp;lt;QEMU HARDDISK 2.5+&amp;gt; ATA-7 device
ada0: Serial Number QM00001
ada0: 16.700MB/s transfers (WDMA2, PIO 8192bytes)
ada0: 23553MB (48236544 512 byte sectors: 16H 63S/T 16383C)
ada0: Previously was known as ad0
cd0 at ata1 bus 0 scbus1 target 0 lun 0
cd0: &amp;lt;QEMU QEMU DVD-ROM 2.5+&amp;gt; Removable CD-ROM SCSI-0 device
cd0: Serial Number QM00003
cd0: 16.700MB/s transfers (WDMA2, ATAPI 12bytes, PIO 65534bytes)
cd0: Attempt to query device size failed: NOT READY, Medium not present
random: unblocking device.
hwpmc: Cannot initialize hwpmc module in a virtualmachine
module_register_init: MOD_LOAD (hwpmc, 0xc05da795, 0xc098b7a0) error 1
Timecounter "TSC-low" frequency 1300052066 Hz quality 800
Kernel thread "wkupdaemon" (pid 19) exited prematurely.
Root mount waiting for: usbus0
uhub0: 2 ports with 2 removable, self powered
Root mount waiting for: usbus0
Root mount waiting for: usbus0
ugen0.2: &amp;lt;QEMU&amp;gt; at usbus0
umass0: &amp;lt;QEMU QEMU USB HARDDRIVE, class 0/0, rev 2.00/0.00, addr 2&amp;gt; on usbus0
Trying to mount root from cd9660:/dev/md0.uzip []...
da0 at umass-sim0 bus 0 scbus2 target 0 lun 0
da0: &amp;lt;QEMU QEMU HARDDISK 2.5+&amp;gt; Fixed Direct Access SCSI-5 device
da0: Serial Number 1-00000001.2-1
da0: 1.000MB/s transfers
da0: 50MB (102400 512 byte sectors: 64H 32S/T 50C)
da0: quirks=0x2&amp;lt;NO_6_BYTE&amp;gt;
Waiting (max 60 seconds) for system process `vnlru' to stop...done
Waiting (max 60 seconds) for system process `bufdaemon' to stop...done
Waiting (max 60 seconds) for system process `syncer' to stop...
Syncing disks, vnodes remaining...0 0 0 done
All buffers synced.
Uptime: 54s
Khelp module "jsocket" can't unload until its refcount drops from 2 to 0.
Rebooting...

Copyright (c) 1992-2015 The FreeBSD Project.
Copyright (c) 1979, 1980, 1983, 1986, 1988, 1989, 1991, 1992, 1993, 1994
	The Regents of the University of California. All rights reserved.
FreeBSD is a registered trademark of The FreeBSD Foundation.
FreeBSD JNPR-10.1-20150617.306001_builder_stable_10 #0: Wed Jun 17 20:01:55 PDT 2015
    builder@basith.juniper.net:/volume/build/junos/occam/freebsd/stable_10/20150617.builder.306001/obj/i386/juniper/kernels/JNPR-I386-PRD/kernel i386
gcc version 4.2.1 (for JUNOS)
CPU: QEMU Virtual CPU version 2.5+ (2600.10-MHz 686-class CPU)
  Origin="GenuineIntel"  Id=0x663  Family=0x6  Model=0x6  Stepping=3
  Features=0x783fbfd&amp;lt;FPU,DE,PSE,TSC,MSR,PAE,MCE,CX8,APIC,SEP,MTRR,PGE,MCA,CMOV,PAT,PSE36,MMX,FXSR,SSE,SSE2&amp;gt;
  Features2=0x80202001&amp;lt;SSE3,CX16,x2APIC,HV&amp;gt;
  AMD Features=0x20100800&amp;lt;SYSCALL,NX,LM&amp;gt;
  AMD Features2=0x1&amp;lt;LAHF&amp;gt;
Hypervisor: Origin = "KVMKVMKVM"
real memory  = 4294967296 (4096 MB)
avail memory = 3132919808 (2987 MB)
Event timer "LAPIC" quality 400
ACPI APIC Table: &amp;lt;BOCHS  BXPCAPIC&amp;gt;
platform_early_bootinit: M/T/EX Series Early Boot Initialization
mtx_platform_set_re_type: vm_retype :RE-VMX
mtx_platform_set_re_type: Found RE type 160 RE-VMX
Security policy loaded: Junos MAC/fips (mac_fips)
Security policy loaded: MAC/veriexec (mac_veriexec)
Security policy loaded: JUNOS MAC/privcheck (mac_privcheck)
MAC/veriexec fingerprint module loaded: SHA1
ioapic0 &amp;lt;Version 1.1&amp;gt; irqs 0-23 on motherboard
random: &amp;lt;Software, Yarrow&amp;gt; initialized
Initializing M/T/EX platform properties ..
rts_sysconf_ifstate_init: registerd rtcb osd: slotid 2
ofwbus0: &amp;lt;Open Firmware Device Tree&amp;gt; on motherboard
fdtio0: &amp;lt;FDT I/O port space&amp;gt; on ofwbus0
fpga0: &amp;lt;RE system controller&amp;gt; port 0x191-0x198 on fdtio0
cryptosoft0: &amp;lt;software crypto&amp;gt; on motherboard
acpi0: &amp;lt;BOCHS BXPCRSDT&amp;gt; on motherboard
acpi0: Power Button (fixed)
cpu0: &amp;lt;ACPI CPU&amp;gt; on acpi0
atrtc0: &amp;lt;AT realtime clock&amp;gt; port 0x70-0x71,0x72-0x77 irq 8 on acpi0
Event timer "RTC" frequency 32768 Hz quality 0
hpet0: &amp;lt;High Precision Event Timer&amp;gt; iomem 0xfed00000-0xfed003ff on acpi0
Timecounter "HPET" frequency 100000000 Hz quality 950
Timecounter "ACPI-fast" frequency 3579545 Hz quality 900
acpi_timer0: &amp;lt;24-bit timer at 3.579545MHz&amp;gt; port 0x608-0x60b on acpi0
pcib0: &amp;lt;ACPI Host-PCI bridge&amp;gt; port 0xcf8-0xcff on acpi0
pci0: &amp;lt;ACPI PCI bus&amp;gt; on pcib0
isab0: &amp;lt;PCI-ISA bridge&amp;gt; at device 1.0 on pci0
isa0: &amp;lt;ISA bus&amp;gt; on isab0
atapci0: &amp;lt;Intel PIIX3 WDMA2 controller&amp;gt; port 0x1f0-0x1f7,0x3f6,0x170-0x177,0x376,0xc0e0-0xc0ef at device 1.1 on pci0
ata0: &amp;lt;ATA channel&amp;gt; at channel 0 on atapci0
ata1: &amp;lt;ATA channel&amp;gt; at channel 1 on atapci0
uhci0: &amp;lt;Intel 82371SB (PIIX3) USB controller&amp;gt; port 0xc0c0-0xc0df irq 11 at device 1.2 on pci0
usbus0 on uhci0
smb0: &amp;lt;Intel 82371AB SMB controller&amp;gt; irq 9 at device 1.3 on pci0
vgapci0: &amp;lt;VGA-compatible display&amp;gt; mem 0xfd000000-0xfdffffff,0xfebf0000-0xfebf0fff at device 2.0 on pci0
vgapci0: Boot video device
em0: &amp;lt;Intel(R) PRO/1000 Legacy Network Connection 1.0.6&amp;gt; port 0xc000-0xc03f mem 0xfeb80000-0xfeb9ffff irq 11 at device 3.0 on pci0
if_initname: em
em1: &amp;lt;Intel(R) PRO/1000 Legacy Network Connection 1.0.6&amp;gt; port 0xc040-0xc07f mem 0xfeba0000-0xfebbffff irq 11 at device 3.1 on pci0
if_initname: em
em2: &amp;lt;Intel(R) PRO/1000 Legacy Network Connection 1.0.6&amp;gt; port 0xc080-0xc0bf mem 0xfebc0000-0xfebdffff irq 11 at device 3.2 on pci0
if_initname: em
uart0: &amp;lt;16550 or compatible&amp;gt; port 0x3f8-0x3ff irq 4 on acpi0
uart0: console (9600,n,8,1)
pmtimer0 on isa0
orm0: &amp;lt;ISA Option ROM&amp;gt; at iomem 0xee800-0xeffff pnpid ORM0000 on isa0
jnx_get_vm_chassis_type: vm_ch_str mx240
jnx_get_vm_chassis_type: vchassis_type: 48
jnx_product_set_vplatform: vchassis_type is 48
jnx_product_set_vplatform: virt_chassis_i2cid 21
jnx_product_set_vplatform: virt_chassis_i2cid 33
jnx_product_set_vplatform: virt_chassis_i2cid 48
VPlatform: Setting product type to mx240
jnx_product_set_vplatform: jnx_re_type=160, jnx_product_type=48 48
Initializing product: 48 ..
Setting up M/T interface operations and attributes
md0: Preloaded image &amp;lt;/packages/sets/active/boot/os-kernel/contents.izo&amp;gt; 7182336 bytes at 0xc1739f30
usbus0: 12Mbps Full Speed USB v1.0
re_vmx_interface_setup: 60 Rename mgmt interface
Timecounters tick every 1.000 msec
 Loading Redundant LT driver
Registered AMT tunnel Encap with UDP Tunnel!
###PCB Group initialized for udppcbgroup
###PCB Group initialized for tcppcbgroup
rts_init: registered inrtsock osd: slotid 3
ugen0.1: &amp;lt;Intel&amp;gt; at usbus0
uhub0: &amp;lt;Intel UHCI root HUB, class 9/0, rev 1.00/1.00, addr 1&amp;gt; on usbus0
ada0 at ata0 bus 0 scbus0 target 0 lun 0
ada0: &amp;lt;QEMU HARDDISK 2.5+&amp;gt; ATA-7 device
ada0: Serial Number QM00001
ada0: 16.700MB/s transfers (WDMA2, PIO 8192bytes)
ada0: 23553MB (48236544 512 byte sectors: 16H 63S/T 16383C)
ada0: Previously was known as ad0
cd0 at ata1 bus 0 scbus1 target 0 lun 0
cd0: &amp;lt;QEMU QEMU DVD-ROM 2.5+&amp;gt; Removable CD-ROM SCSI-0 device
cd0: Serial Number QM00003
cd0: 16.700MB/s transfers (WDMA2, ATAPI 12bytes, PIO 65534bytes)
cd0: Attempt to query device size failed: NOT READY, Medium not present
random: unblocking device.
hwpmc: Cannot initialize hwpmc module in a virtualmachine
module_register_init: MOD_LOAD (hwpmc, 0xc05da795, 0xc098b7a0) error 1
Timecounter "TSC-low" frequency 1300052227 Hz quality 800
Kernel thread "wkupdaemon" (pid 20) exited prematurely.
Root mount waiting for: usbus0
uhub0: 2 ports with 2 removable, self powered
Root mount waiting for: usbus0
Root mount waiting for: usbus0
ugen0.2: &amp;lt;QEMU&amp;gt; at usbus0
umass0: &amp;lt;QEMU QEMU USB HARDDRIVE, class 0/0, rev 2.00/0.00, addr 2&amp;gt; on usbus0
Trying to mount root from cd9660:/dev/md0.uzip []...
da0 at umass-sim0 bus 0 scbus2 target 0 lun 0
da0: &amp;lt;QEMU QEMU HARDDISK 2.5+&amp;gt; Fixed Direct Access SCSI-5 device
da0: Serial Number 1-00000001.2-1
da0: 1.000MB/s transfers
da0: 50MB (102400 512 byte sectors: 64H 32S/T 50C)
da0: quirks=0x2&amp;lt;NO_6_BYTE&amp;gt;


root@r2&amp;gt; show system storage no-forwarding

Filesystem              Size       Used      Avail  Capacity   Mounted on
/dev/md0.uzip            17M        17M         0B      100%  /
devfs                   1.0K       1.0K         0B      100%  /dev
/dev/gpt/junos           20G       1.0G        17G        6%  /.mount
devfs                   1.0K       1.0K         0B      100%  /.mount/dev
/dev/md1.uzip            31M        31M         0B      100%  /.mount/packages/mnt/os-runtime
tmpfs                   2.6G        32K       2.6G        0%  /.mount/tmp
procfs                  4.0K       4.0K         0B      100%  /.mount/proc
/dev/md2.uzip           1.3M       1.3M         0B      100%  /.mount/packages/mnt/os-zoneinfo-x86-32-20150617.306001
/dev/md3.uzip            42M        42M         0B      100%  /.mount/packages/mnt/junos-libs
/dev/md4.uzip           767M       767M         0B      100%  /.mount/packages/mnt/junos-runtime-x86-32-20150618.043753
/packages/mnt/junos-libs/lib        42M        42M         0B  100%  /.mount/packages/mnt/junos-runtime-x86-32-20150618.043753/web-api/libs/junos
/packages/mnt/os-runtime/lib        31M        31M         0B  100%  /.mount/packages/mnt/junos-runtime-x86-32-20150618.043753/web-api/libs/os
/lib                     20G       1.0G        17G        6%  /.mount/packages/mnt/junos-runtime-x86-32-20150618.043753/web-api/libs/junos-net
/packages/mnt/os-runtime/libexec        31M        31M         0B  100%  /.mount/packages/mnt/junos-runtime-x86-32-20150618.043753/web-api/libexec
/var/jails/rest-api        20G       1.0G        17G      6%  /.mount/packages/mnt/junos-runtime-x86-32-20150618.043753/web-api/var
/dev/md5                137M       137M         0B      100%  /.mount/packages/mnt/jsim-vmx-x86-32-20150618.043753
/dev/md6.uzip            12M        12M         0B      100%  /.mount/packages/mnt/py-base-x86-32-20150618.043753
/dev/md7.uzip            13M        13M         0B      100%  /.mount/packages/mnt/os-crypto
/dev/md8.uzip            13M        13M         0B      100%  /.mount/packages/mnt/junos-net
/dev/md9.uzip            44M        44M         0B      100%  /.mount/packages/mnt/junos-platform
/dev/md10.uzip           15M        15M         0B      100%  /.mount/packages/mnt/junos-modules-x86-32-20150618.043753
/dev/md11.uzip           19M        19M         0B      100%  /.mount/packages/mnt/junos-daemons-x86-32-20150618.043753
/dev/md12.uzip           72M        72M         0B      100%  /.mount/packages/mnt/jpfe-common-x86-32-20150618.043753
/dev/md13.uzip           11M        11M         0B      100%  /.mount/packages/mnt/jdocs-x86-32-20150618.043753
/dev/md14.uzip           13M        13M         0B      100%  /.mount/packages/mnt/fips-mode-x86-32-20150618.043753
tmpfs                   507M        17M       490M        3%  /.mount/mfs
/dev/md15.uzip          380M       380M         0B      100%  /.mount/packages/mnt/jpfe-X960-x86-32-20150618.043753


root@r2&amp;gt; show system virtual-memory no-forwarding

         Type InUse MemUse HighUse Requests  Size(s)
       kqueue    41    18K       -       89  16,64,128,256,1024
      entropy  1026    65K       -     7351  16,64,4096
         proc        procK       -     args  77
        hhook    16     2K       -       24  16,128
     acpiintr     1     1K       -        1  32
      ithread    70     6K       -       70  16,64,128
         UART     4     7K       -        4  16,1024,4096
       KTRACE   100    13K       -      100  128
       linker   648 15591K       -     2029  16,32,64,128,256,1024,2048,4096,8192,16384,32768,65536
        lockf   193    11K       -   115231  32,64
   loginclass     3     1K       -      642  128
      ata_pci     1     1K       -        1  32
       ip6ndp     0     0K       -        2
         temp  6138   283K       -   229077  16,32,64,128,256,512,1024,2048,4096,8192,65536
       devbuf  1579  1522K       -     1688  16,32,64,128,256,512,1024,2048,4096,8192,32768,65536
       module   336    22K       -      337  64,128
       acpica   884    52K       -    34615  16,32,64,128,256,1024,8192
     mtx_pool     2     8K       -        2  4096
     netstack     1     1K       -        1  16
     acpitask     1     4K       -        1  4096
          osd   613    10K       -    51734  16
       USBdev    10     1K       -       10  32,128
     pmchooks     1     1K       -        1  64
          USB    14   357K       -       17  16,32,64,128,256,512,2048,8192,16384
   CAM periph     8     1K       -       20  16,32,64,128
      subproc   249   505K       -    75025  256,4096
         proc     2     1K       -        2  512
      session    10     2K       -      756  128
         pgrp    10     1K       -      757  64
         cred   108    11K       -   464894  64,128
      uidinfo     2     1K       -        7  64,128
       plimit    26     7K       -      737  256
      acpisem    20     3K       -       20  64,128
CAM dev queue     4     1K       -        4  64
       DEVFS1   116    29K       -      120  256
       DEVFS3   233    30K       -      240  128,256
       DEVFS2   116     2K       -      117  16
    sysctltmp     0     0K       -    43669  16,32,64,256
    sysctloid 11288   335K       -    11617  16,32,64,128
       sysctl     0     0K       -   633947  16,32,64,128,512
      tidhash     1     1K       -        1  1024
      callout     2   924K       -        2
         umtx   344    33K       -      344  64,128
     p1003.1b     1     1K       -        1  16
         SWAP     2   141K       -        2  64
          bus         busK       -       sc  31
          bus   773    78K       -     1769  16,32,64,128,256,1024
      devstat    18    37K       -       18  16,4096
 eventhandler    98     5K       -       98  32,64,128
        DEVFS    25     1K       -       26  16,64
       DEVFSP     0     0K       -        1  32
         kobj   155   310K       -      328  2048
          Per         PerK       -      cpu  1
         rman    90     6K       -      489  16,32,64
  nullfs_node     5     1K       -        5  32
         sbuf     1     1K       -    50134  16,32,64,128,256,512,1024,2048,4096,8192,16384,32768,65536
  nullfs_hash     1   256K       -        1
 nullfs_mount     5     1K       -        5  16
    pfs_nodes    21     3K       -       21  128
    taskqueue    27     3K       -       27  16,128
       Unitno    18     1K       -   145102  16,64
         vmem     3    98K       -       12  64,256,512,2048,8192,16384,32768,65536
          iov     0     0K       -   659425  16,32,64,128,512
       select    81     6K       -       81  64
     ioctlops     0     0K       -     2229  512,2048
          msg     4    25K       -        4  1024,4096,16384
          sem     4   101K       -        4  1024,4096
          shm    14    84K       -       45  4096,32768
          tty     1     1K       -        2  512
          pts     0     0K       -        1  128
     mbuf_tag     0     0K       -    21384  16,32
        shmfd    31    16K       -       61  32,128,1024,4096
  pfs_vncache    52     2K       -      585  32
          pcb   409   110K       -    37880  16,32,64,256,512,1024,2048,4096
       soname   165    19K       -   549535  16,32,64,128
       biobuf   156   162K       -     1042  1024,2048
     vfscache     1   512K       -        1
   cl_savebuf     0     0K       -       36  32,64,128
     vfs_hash     1   256K       -        1
       vnodes     1     1K       -        1  128
        mount   349    13K       -      456  16,32,64,128,256,2048
  vnodemarker     0     0K       -    26720  512
    ufs_mount     3    11K       -        3  256,2048,8192
    vm_pgdata     2    65K       -        2  64,65536
   tmpfs name   187     4K       -      519  16,32,64
  tmpfs mount     2     1K       -        2  128
    CAM queue    10     2K       -       30  16,256
     CAM path     9     1K       -       48  16
       OAMCTL     0     0K       -        1  32
          LED     6     1K       -        6  16,64
         GEOM   409    35K       -     3611  16,32,64,128,256,512,1024,2048
      memdesc     1     4K       -        1  4096
      md_disk    16    32K       -       16  2048
     openfirm     5     1K       -        6  16
      CAM CCB     0     0K       -   151613  2048
      scsi_cd     0     0K       -        7  16
      scsi_da     0     0K       -        9  16,32,64
      acpidev    20     1K       -       20  32
       apmdev     1     1K       -        1  64
      CAM DEV     6    12K       -       12  2048
   madt_table     0     0K       -        1  2048
    geom_uzip    45  1042K       -  2334629  32,64,128,256,512,1024,2048,4096,8192,16384,32768,65536
       isadev     2     1K       -        2  64
   isofs_node  2346   294K       -     2346  128
  isofs_mount    16     2K       -       16  128
      CAM XPT    28     3K       -      883  16,32,64,128,256,512,1024,2048,65536
      CAM SIM     4     1K       -        4  128
      io_apic     1     1K       -        1  1024
     pci_link    10     1K       -       10  16,128
         cdev     4     1K       -        4  128
          MCA    10     2K       -       10  128
  ddb_capture     1    64K       -        1  65536
     nexusdev     5     1K       -        5  16
     filecaps     0     0K       -        2  128
        sigio     1     1K       -       10  32
     filedesc   162   208K       -    75161  16,1024,2048,4096
      kdtrace   286    50K       -    75064  64,256
         kenv    57     7K       -       97  16,32,64,256,4096
           lr     1     2K       -        1  2048
     itable64     1     1K       -        1
     itable32   538    34K       -      538  64
     itable16   778   139K       -      790  256
      ifstate  3927   147K       -    16605  16,32,64,1024,2048
      pfe_ipc     0     0K       -    16506  16,32,64,512,1024,2048,4096
         mkey   535     9K       -    44285  16
       ifaddr    46     3K       -       46  32,64
       sysctl    24     6K       -       58  256,512,1024
       rtable   138    18K       -      147  16,32,512
      ifmaddr   102     3K       -      102  16,32
         ipfw    48    25K       -      103  16,32,64,256,512,1024,2048,4096
       ifstat   956  4916K       -     3369  16,32,128,512,4096,8192,32768
     ifdevice    14     4K       -       14  16,1024
       rcache     4     8K       -        4  2048
        rnode    68     2K       -       77  16,32
      metrics     7     1K       -       13
    rtnexthop   150    24K       -      150  32,128,512
     iffamily    39     5K       -       39  16,32,128
    iflogical    22     5K       -       22  16,256,512
       crypto     1     1K       -        1  512
        jlock    78    14K       -     7448
          DDI     5     1K       -        5
gresstatevarlog     1    88K       -        1
      ibitmap     8    42K       -        8  16,32,256,1024,8192,32768
  ifl_idx_mgr     3     1K       -        3  16,32,64
JFE statistics    14   105K       -       14 8192,16384
        jlist     1     1K       -        1  32
     ifa_list    11     1K       -       11  16
          STP    79    17K       -       79  16,128,512
     syncache     1     8K       -        1  8192
vpls_lc_instance     1     2K       -        1 2048
     tlv_stat     0     0K       -     4971  16384
nhack_info_entries     3     1K       -        3 16,32
         ddos     7   162K       -        7  32,512,1024,32768,65536
shared_bitvector     3     1K       -        3 32
Bridge Domain     2     1K       -        2  16,512
        devrt     7    35K       -        7  32,512,2048,32768
 ifl_tlv_info     4     1K       -        4  16
   ifl_st_ctl     2     1K       -        2  16
         mesh        meshK       -    group  4
InterFaceBridgeDomain     1     1K       -        1 128
       rtsmsg     0     0K       -       28  4096,8192,16384
          idl     1     8K       -       90  16,512,8192,16384
          jsr     2     1K       -        8  16
       gencfg   417    60K       -      528  16,32,64,512,1024,2048,8192
      pfestat   127    30K       -    55634  16,32,2048,4096
          pic    13     5K       -       13  32,1024
  Export Host     2     2K       -        2  1024
  inpcbpolicy   115     2K       -    13916  16
  ipsecpolicy   230    58K       -    27832  256
      solaris 267110 12816K       -   267150 16,32,64,128,256,512,1024,2048,4096,8192,16384,32768,65536
       cyclic     4     1K       -        4  16,32,64
          fbt 59387  3840K       -    59387  64
         KATS     0     0K       -       11  16,32,64,128
          rpc     7     9K       -        7  16,32,256,512,8192
          SDT    20     1K       -       20  16,32
ITEM            SIZE     LIMIT     USED    FREE  REQUESTS
UMA Kegs:        256,        0,     108,     12,      108
UMA Zones:       408,        0,     108,      0,      108
UMA Slabs:        56,        0,    1371,     69,     1389
UMA RCntSlabs:    64,        0,     667,     26,      667
UMA Hash:        128,        0,       6,     25,        6
4 Bucket:         16,        0,      24,    480,    32803
6 Bucket:         24,        0,       1,    335,      113
8 Bucket:         32,        0,      27,    351,     1382
12 Bucket:        48,        0,       0,      0,        0
16 Bucket:        64,        0,      11,    304,     1217
32 Bucket:       128,        0,      13,    142,      197
64 Bucket:       256,        0,      34,     41,      401
128 Bucket:      512,        0,      26,     38,     1144
256 Bucket:     1024,        0,      39,     13,     1745
vmem btag:        28,        0,   14396,    148,    23474
VM OBJECT:       156,        0,    5410,    265,  1051753
RADIX NODE:       44,   757848,   58320,    921,  2055030
MAP:             144,        0,       3,     81,        3
KMAP ENTRY:       76,        0,       5,    154,        5
MAP ENTRY:        76,        0,    4809,    597,  2881683
VMSPACE:         240,        0,      76,     52,    74622
fakepg:           68,        0,       2,    175,      523
mt_zone:        2060,        0,     337,      2,      337
16:               16,        0,  185879,     97,   886533
32:               32,        0,   37245,    303,  2156426
64:               64,        0,   73358,    289,  1533339
128:             128,        0,   63600,     43,   843636
256:             256,        0,    1051,     59,   157029
512:             512,        0,     231,     33,    90688
1024:           1024,        0,     423,      9,   165407
2048:           2048,        0,     282,     68,   251736
4096:           4096,        0,     632,      1,    91003
8192:           8192,        0,     162,      4,    97033
16384:         16384,        0,      53,      8,    14410
32768:         32768,        0,     113,      3,    55887
65536:         65536,        0,      24,      0,      827
64 pcpu:           8,        0,       3,    253,        3
ptr pcpu:          4,        0,       0,      0,        0
SLEEPQUEUE:       44,        0,     173,    142,      173
Files:            56,        0,    1023,    273,  1644612
TURNSTILE:        72,        0,     173,    106,      173
rl_entry:         28,        0,     105,    183,      105
umtx pi:          52,        0,       0,      0,        0
Junos 48:         48,        0,     385,    203,      418
Junos 80:         80,        0,     321,     79,     1123
Junos 96:         96,        0,     489,     15,     2972
Junos 120:       120,        0,      59,     73,     6584
Junos 160:       160,        0,     832,     43,     2243
Junos 176:       176,        0,      92,     40,     7469
Junos 208:       208,        0,     215,     32,    26310
Junos 232:       232,        0,       3,     65,       25
Junos 240:       240,        0,      22,     42,       24
Junos 296:       296,        0,       2,     37,       73
jsocket:          24,        0,     533,    307,    44282
MAC labels:       20,        0,    4466,    180,     5536
PROC:            796,        0,     117,     13,    74893
THREAD:          844,        0,     167,      5,      169
cpuset:           40,        0,      76,    227,       77
mbuf_packet:     256,   245760,     768,    497,  6067930
mbuf:            256,   245760,       3,    517,  2027550
mbuf_cluster:   2048,    38400,    1268,     58,   192135
mbuf_jumbo_page:  4096,    19200,       0,      4,      183
mbuf_jumbo_9k:  9216,     5688,       0,      0,        0
mbuf_jumbo_16k: 16384,     3200,       0,      0,        0
mbuf_ext_refcnt:     4,        0,       0,    504,       28
g_bio:           152,        0,       0,    572,   680721
ttyinq:          152,        0,      15,     63,       75
ttyoutq:         256,        0,       8,     67,       40
ata_request:     220,        0,       0,     72,   151542
cryptop:          60,        0,       0,      0,        0
cryptodesc:       56,        0,       0,      0,        0
vtnet_tx_hdr:     16,        0,       0,      0,        0
FPU_save_area:   512,        0,       0,      0,        0
GENCFG:           72,  1000048,     107,     61,      110
VNODE:           284,        0,    4439,     27,     5284
VNODEPOLL:        60,        0,       1,    267,        1
BUF TRIE:         44,        0,     880,   4944,   163735
S VFS Cache:      72,        0,    4287,    137,    13543
STS VFS Cache:    92,        0,       0,      0,        0
L VFS Cache:     292,        0,      49,     68,      168
LTS VFS Cache:   312,        0,       0,      0,        0
NAMEI:          1024,        0,       0,     16,  2341387
Mountpoints:     672,        0,      27,     15,       27
pipe:            408,        0,      51,     12,    52718
ksiginfo:         80,        0,     119,    931,    69345
itimer:          232,        0,       0,      0,        0
KNOTE:            72,        0,     170,    110,  1610014
socket:          444,    97389,     533,     25,    44282
ipq:              52,      308,       0,      0,        0
udp_inpcb:       256,    97395,      33,     42,      102
tcp_inpcb:       256,    97395,      76,     59,    13808
tcpcb:           784,    97390,      75,      5,    13808
sackhole:         20,        0,       0,      0,        0
tcptw:            60,     8241,       1,    267,       14
syncache:        128,    15376,       0,    155,       27
tcpreass:         20,     2424,       0,      0,        0
ripcb:           256,    97395,       7,     68,        7
unpcb:           172,    97405,     273,     49,     6585
selfd:            28,        0,     474,    102, 72392618
SWAPMETA:        276,   131082,       0,      0,        0
FFS inode:       116,        0,    1787,    117,     1938
FFS1 dinode:     128,        0,    1787,    104,     1938
FFS2 dinode:     256,        0,       0,      0,        0
TMPFS dirent:     36,        0,       9,    327,       68
TMPFS node:      136,        0,      10,     77,       69
TMPFS dirent:     36,        0,     177,    159,      273
TMPFS node:      136,        0,     178,     83,      274
cyclic_id_cache:    32,        0,       0,      0,        0
dtrace_state_cache:  1792,        0,       0,      0,        0
taskq_zone:       24,        0,       0,      0,        0
 64851780 cpu context switches
  5652872 device interrupts
 26044834 software interrupts
  6503755 traps
 72563891 system calls
       42 kernel threads created
    59662  fork() calls
    15189 vfork() calls
        0 rfork() calls
        0 swap pager pageins
        0 swap pager pages paged in
        0 swap pager pageouts
        0 swap pager pages paged out
    50345 vnode pager pageins
    50347 vnode pager pages paged in
      545 vnode pager pageouts
     5963 vnode pager pages paged out
        0 page daemon wakeups
  1724698 pages examined by the page daemon
        0 pages reactivated
  1858859 copy-on-write faults
      214 copy-on-write optimized faults
  3251545 zero fill pages zeroed
   281581 zero fill pages prezeroed
        1 intransit blocking page faults
  5593094 total VM faults taken
    50436 page faults requiring I/O
        0 pages affected by kernel thread creation
179736835 pages affected by  fork()
 45674023 pages affected by vfork()
        0 pages affected by rfork()
  6301540 pages freed
        0 pages freed by daemon
  4827039 pages freed by exiting process
    13587 pages active
   314801 pages inactive
        0 pages in VM cache
    24803 pages wired down
   412717 pages free
     4096 bytes per page
  8233773 total name lookups
           cache hits (96% pos + 3% neg) system 0% per-directory
           deletions 0%, falsehits 0%, toolong 0%
interrupt                          total       rate
irq4: uart0                          768          0
irq11: em0 em1 em2+              5477814         80
irq14: ata0                       128779          1
irq15: ata1                        45511          0
cpu0:timer                      12242056        179
Total                           17894928        261
vm.kmem_map_free: 570142720


root@r2&amp;gt; show system buffer no-forwarding

netstat: kern.ipc.mbstat: No such file or directory
771/1014/1785 mbufs in use (current/cache/total)
771/555/1326/38400 mbuf clusters in use (current/cache/total/max)
768/497 mbuf+clusters out of packet secondary zone in use (current/cache)
0/4/4/19200 4k (page size) jumbo clusters in use (current/cache/total/max)
0/0/0/5688 9k jumbo clusters in use (current/cache/total/max)
0/0/0/3200 16k jumbo clusters in use (current/cache/total/max)
1734K/1379K/3114K bytes allocated to network (current/cache/total)
0/0/0 requests for mbufs denied (mbufs/clusters/mbuf+clusters)
0/0/0 requests for jumbo clusters denied (4k/9k/16k)
0/26/1312 sfbufs in use (current/peak/max)


root@r2&amp;gt; show system queues no-forwarding

output interface            bytes          max  packets      max    drops
lsi                             0        12500        0       41        0
dsc                             0            0        0        0        0
lo0                             0            0        0        0        0
fxp0                            0     12500000        0    38400        2
em1                             0     12500000        0    38400        3
gre                             0        12500        0       41        0
ipip                            0        12500        0       41        0
tap                             0            0        0        0        0
pime                            0        12500        0       41        0
pimd                            0        12500        0       41        0
em2                             0     12500000        0    38400        0
mtun                            0        12500        0       41        0
jsrv                            0     12500000        0    38400        0
demux0                          0            0        0        0        0
cbp0                            0     12500000        0    38400        0
pip0                            0     12500000        0    38400        0
pp0                             0       125000        0      416        0
irb                             0     12500000        0    38400        0
vtep                            0     12500000        0    38400        0
lc-0/0/0                        0            0        0        0        0
pfh-0/0/0                       0            0        0        0        0
pfe-0/0/0                       0            0        0        0        0
ge-0/0/0                        0      1250000        0     4166        0
ge-0/0/1                        0      1250000        0     4166        0
ge-0/0/2                        0      1250000        0     4166        0
ge-0/0/3                        0      1250000        0     4166        0
ge-0/0/4                        0      1250000        0     4166        0
ge-0/0/5                        0      1250000        0     4166        0
ge-0/0/6                        0      1250000        0     4166        0
ge-0/0/7                        0      1250000        0     4166        0
ge-0/0/8                        0      1250000        0     4166        0
ge-0/0/9                        0      1250000        0     4166        0
ge-0/1/0                        0      1250000        0     4166        0
ge-0/1/1                        0      1250000        0     4166        0
ge-0/1/2                        0      1250000        0     4166        0
ge-0/1/3                        0      1250000        0     4166        0
ge-0/1/4                        0      1250000        0     4166        0
ge-0/1/5                        0      1250000        0     4166        0
ge-0/1/6                        0      1250000        0     4166        0
ge-0/1/7                        0      1250000        0     4166        0
ge-0/1/8                        0      1250000        0     4166        0
ge-0/1/9                        0      1250000        0     4166        0
xe-0/2/0                        0      1250000        0     4166        0
xe-0/2/1                        0      1250000        0     4166        0
xe-0/3/0                        0      1250000        0     4166        0
xe-0/3/1                        0      1250000        0     4166        0
input protocol              bytes          max  packets      max    drops
splfwdq                         0      1000000        0     1000        0
splnetq                         0      1000000        0     1000        0
arpintrq                        0         3000        0       50    79249
optionq                         0       200000        0      200        0
icmpq                           0        50000        0       50        0
frlmiq                          0            0        0        0        0
spppintrq                       0        25000        0     1000        0
atmctlpktq                      0            0        0        0        0
atmoamq                         0            0        0        0        0
tnpintrq                        0      1250000        0     4166        0
tagintrq                        0       200000        0      200        0
tagfragq                        0       200000        0      200        0


root@r2&amp;gt; show system statistics no-forwarding

Tcp:
         550514 packets sent
                 24541 data packets (2113334 bytes)
                 0 data packets retransmitted (0 bytes)
                 0 resends initiated by MTU discovery
                 522243 ack only packets (16780 packets delayed)
                 0 URG only packets
                 0 window probe packets
                 3656 window update packets
                 17155 control packets
         613975 packets received
                 16590 acks(for 2112967 bytes)
                 484916 duplicate acks
                 0 acks for unsent data
                 51093  packets received in-sequence(34139734 bytes)
                 493280 completely duplicate packets(0 bytes)
                 0 old duplicate packets
                 0 packets with some duplicate data(0 bytes duped)
                 0 out-of-order packets(0 bytes)
                 0 packets of data after window(0 bytes)
                 0 window probes
                 81 window update packets
                 3 packets received after close
                 0 discarded for bad checksums
                 0 discarded for bad header offset fields
                 0 discarded because packet too short
         13701 connection requests
         27 connection accepts
         0 bad connection attempts
         0 listen queue overflows
         54 connections established (including accepts)
         13732 connections closed (including 5 drops)
                 2 connections updated cached RTT on close
                 2 connections updated cached RTT variance on close
                 0 connections updated cached ssthresh on close
         25 embryonic connections dropped
         16590 segments updated rtt(of 27241 attempts)
         0 retransmit timeouts
                 0 connections dropped by retransmit timeout
         0 persist timeouts
                 0 connections dropped by persist timeout
         59738 keepalive timeouts
                 59738 keepalive probes sent
                 0 connections dropped by keepalive
         2678 correct ACK header predictions
         40655 correct data packet header predictions
         27 syncache entries added
                 0 retransmitted
                 0 dupsyn
                 0 dropped
                 27 completed
                 0 bucket overflow
                 0 cache overflow
                 0 reset
                 0 stale
                 0 aborted
                 0 badack
                 0 unreach
                 0 zone failures
         0 cookies sent
         0 cookies received
         0 SACK recovery episodes
         0 segment retransmits in SACK recovery episodes
         0 byte retransmits in SACK recovery episodes
         0 SACK options (SACK blocks) received
         0 SACK options (SACK blocks) sent
         0 SACK scoreboard overflow
         0 ACKs sent in response to in-window but not exact RSTs
         0 ACKs sent in response to in-window SYNs on established connections
         0 rcv packets dropped by TCP due to bad address
         0 out-of-sequence segment drops due to insufficient memory
         3433 RST packets
         0 ICMP packets ignored by TCP
         0 send packets dropped by TCP due to auth errors
         0 rcv packets dropped by TCP due to auth errors
         0 outgoing segments dropped due to policing
udp:
         128803 datagrams received
         0 with incomplete header
         0 with bad data length field
         0 with bad checksum
         105097 dropped due to no socket
         105097 broadcast/multicast datagrams dropped due to no socket
         0 dropped due to full socket buffers
         0 not for hashed pcb
         4294885905 delivered
         31180 datagrams output
ip:
         798185 total packets received
         0 bad header checksums
         0 with size smaller than minimum
         0 with data size &amp;lt; data length
         0 with header length &amp;lt; data size
         0 with data length &amp;lt; header length
         0 with incorrect version number
         0 packets destined to dead next hop
         0 fragments received
         0 fragments dropped (dup or out of space)
         0 fragments dropped (queue overflow)
         0 fragments dropped after timeout
         0 fragments dropped due to over limit
         0 packets reassembled ok
         743020 packets for this host
         9577 packets for unknown/unsupported protocol
         47835 packets forwarded
         0 packets not forwardable
         0 redirects sent
         658814 packets sent from this host
         0 packets sent with fabricated ip header
         0 output packets dropped due to no bufs
         14193 output packets discarded due to no route
         0 output datagrams fragmented
         0 fragments created
         0 datagrams that can't be fragmented
         0 packets with bad options
         21375 packets with options handled without error
         0 strict source and record route options
         0 loose source and record route options
         0 record route options
         0 timestamp options
         0 timestamp and address options
         0 timestamp and prespecified address options
         0 option packets dropped due to rate limit
         21375 router alert options
         0 multicast packets dropped (no iflist)
         0 packets dropped (src and int don't match)
         0 transit re packets dropped on mgmt i/f
         0 packets used first nexthop in ecmp unilist
         0 incoming ttpoip packets received
         0 incoming ttpoip packets dropped
         0 outgoing TTPoIP packets sent
         0 outgoing TTPoIP packets dropped
         0 raw packets dropped. no space in socket recv buffer
         0 packets consumed by virtual-node processing
icmp:
         0 drops due to rate limit
         0 calls to icmp_error
         0 errors not generated because old message was icmp
         Output Histogram
                 214 echo reply
         0 messages with bad code fields
         0 messages less than the minimum length
         0 messages with bad checksum
         0 messages with bad source address
         0 messages with bad length
         0 echo drops with broadcast or multicast destinaton address
         0 timestamp drops with broadcast or multicast destination address
         Input Histogram
                 214 echo
         214 message responses generated
igmp:
         9577 messages received
         0 messages received with too few bytes
         0 messages received with bad checksum
         0 membership queries received
         0 membership queries received with invalid fields
         0 membership reports received
         0 membership reports received with invalid fields
         0 membership reports received for groups to which we belong
         0 Membership reports sent
raw_if:
         0 RAW packets transmitted
         0 PPPOE packets transmitted
         0 ISDN packets transmitted
         0 DIALER packets transmitted
         0 PPP packets transmitted to pppd
         0 PPP packets transmitted to jppd
         0 IGMPL2 packets transmitted
         0 MLDL2 packets transmitted
         0 Fibre Channel packets transmitted
         0 FIP packets transmitted
         0 STP packets transmitted
         0 LACP packets transmitted
         0 VCCP packets transmitted
         0 Fabric OAM packets transmitted
         0 VCCP packets transmitted
         0 output drops due to tx error
         0 MPU packets transmitted
         0 PPPOE packets received
         0 ISDN packets received
         0 DIALER packets received
         0 PPP packets received from pppd
         0 MPU packets received
         0 PPP packets received from jppd
         0 IGMPL2 packets received
         0 MLDL2 packets received
         0 Fibre Channel packets received
         0 FIP packets received
         0 STP packets received
         0 LACP packets received
         0 VCCP packets received
         0 Fabric OAM packets received
         0 VCCP packets received
         0 Fibre Channel packets dropped
         0 FIP packets dropped
         0 STP packets dropped
         0 LACP packets dropped
         0 Fabric OAM packets dropped
         0 VCCP packets dropped
         0 Input drops due to bogus protocol
         0 input drops due to no mbufs available
         0 input drops due to no space in socket
         0 input drops due to no socket
arp:
         4872682 datagrams received
         142 ARP requests received
         194 ARP replies received
         1 resolution request  received
         0 unrestricted proxy requests
         0 restricted proxy requests
         0 received proxy requests
         0 unrestricted proxy requests not proxied
         0 restricted proxy requests not proxied
         0 datagrams with bogus interface
         0 datagrams with incorrect length
         0 datagrams for non-IP protocol
         0 datagrams with unsupported op code
         0 datagrams with bad protocol address length
         0 datagrams with bad hardware address length
         0 datagrams with multicast source address
         0 datagrams with multicast target address
         0 datagrams with my own hardware address
         4417459 datagrams for an address not on the interface
         0 datagrams with a broadcast source address
         0 datagrams with source address duplicate to mine
         448436 datagrams which were not for me
         0 packets discarded waiting for resolution
         2 packets sent after waiting for resolution
         155 ARP requests sent
         142 ARP replies sent
         0 requests for memory denied
         0 requests dropped on entry
         0 requests dropped during retry
         0 requests dropped due to interface deletion
         0 requests on unnumbered interfaces
         0 new requests on unnumbered interfaces
         0 replies for from unnumbered interfaces
         0 requests on unnumbered interface with non-subnetted donor
         0 replies from unnumbered interface with non-subnetted donor
         0 arp packets rejected as family is configured with deny arp
         0 arp response packets are rejected on mace icl interface
         6451 arp replies are rejected as source and destination is same
         0 arp probe for proxy address reachable from the incoming interface
         0 arp request discarded for vrrp source address
         0 self arp request packet received on irb interface
         0 proxy arp request discarded as source ip is a proxy target
         0 arp packets are dropped as nexthop allocation failed
         0 arp packets received from peer vrrp rotuer and discarded
         0 arp packets are rejected as target ip arp resolve is in progress
         0 grat arp packets are ignored as mac address is not changed
         0 arp packets are dropped from peer vrrp
         0 arp packets are dropped as driver call failed
         0 arp packets are dropped as source is not validated
ip6:
         0 total packets received
         0 packets with size smaller than minimum
         0 packets with data size &amp;lt; data length
         0 packets with bad options
         0 packets with incorrect version number
         0 fragments received
         0 fragments dropped (dup or out of space)
         0 fragments dropped after timeout
         0 fragments that exceeded limit
         0 packets reassembled ok
         0 packets for this host
         0 packets forwarded
         0 packets not forwardable
         0 redirects sent
         8 packets sent from this host
         0 packets sent with fabricated ip header
         0 output packets dropped due to no bufs, etc.
         0 output packets discarded due to no route
         0 output datagrams fragmented
         0 fragments created
         0 datagrams that can't be fragmented
         0 packets that violated scope rules
         0 multicast packets which we don't join
         0 packets whose headers are not continuous
         0 tunneling packets that can't find gif
         0 packets discarded due to too may headers
         0 failures of source address selection
         source addresses on an outgoing I/F
                 1 link-locals
                 1 site-locals
         source addresses of same scope
                 1 link-locals
         source addresses of a different scope
                 1 site-locals
         0 forward cache hit
         0 forward cache miss
         0 Packets destined to dead next hop
         0 option packets dropped due to rate limit
         0 Packets dropped (src and int don't match)
         0 packets dropped due to bad protocol
         0 transit re packet(null) dropped on mgmt i/f
 icmp6:
         0 Calls to icmp_error
         0 Errors not generated because old message was icmp error
         0 Errors not generated because rate limitation
         Output histogram:
                 6 neighbor solicitation
                 2 neighbor advertisement
         0 Messages with bad code fields
         0 Messages &amp;lt; minimum length
         0 Bad checksums
         0 Messages with bad length
         Histogram of error messages to be generated:
                 0 No route
                 0 Administratively prohibited
                 0 Beyond scope
                 0 Address unreachable
                 0 Port unreachable
                 0 Time exceed transit
                 0 Time exceed reassembly
                 0 Erroneous header field
                 0 Unrecognized next header
                 0 Unrecognized option
                 0 Unknown
         0 Message responses generated
         0 Messages with too many ND options
         75000 Max System ND nh cache limit
         59840 Max Public ND nh cache limit
         200 Max IRI ND nh cache limit
         14960 Max Management intf ND nh cache limit
         0 Current Public ND nexthops present
         1 Current IRI ND nexthops present
         0 Current Management ND nexthops present
         0 Total ND nexthops creation failed as limit reached
         0 Public ND nexthops creation failed as public limit reached
         0 IRI ND nexthops creation failed as iri limit reached
         0 Management ND nexthops creation failed as mgt limit reached
pfkey:
         2 Requests sent from userland
         104 Bytes sent from userland
         histogram by message type:
                 1 reserved
                 1 dump
         0 Messages with invalid length field
         0 Messages with invalid version field
         0 Messages with invalid message type field
         0 Messages too short
         0 Messages with memory allocation failure
         0 Messages with duplicate extension
         0 Messages with invalid extension type
         0 Messages with invalid sa type
         0 Messages with invalid address extension
         2 Requests sent to userland
         104 Bytes sent to userland
         histogram by message type:
                 1 reserved
                 1 dump
         0 Messages toward single socket
         0 Messages toward all sockets
         0 Messages toward registered sockets
         0 Messages with memory allocation failure
clnl:
         0 Total packets received
         0 Packets delivered
         0 Too small packets
         0 Packets with bad header length
         0 Packets with bad checksum
         0 Bad version packets
         0 Unknown or unsupported protocol packets
         0 Packets with bogus sdl size
         0 No free memory in socket buffer
         0 Send packets discarded
         0 Sbappend failure
         0 Mcopy failure
         0 Address fields were not reasonable
         0 Segment information forgotten
         0 Forwarded packets
         0 Total packets sent
         0 Output packets discarded
         0 Non-forwarded packets
         0 Packets fragmented
         0 Fragments sent
         0 Fragments discarded
         0 Fragments timed out
         0 Fragmentation prohibited
         0 Packets reconstructed
         0 Packets destined to dead nexthop
         0 Packets discarded due to no route
         0 Error pdu rate drops
         0 ER pdu generation failure
esis:
         0 Total pkts received
         0 Total packets consumed by protocol
         0 Pdus received with bad checksum
         0 Pdus received with bad version number
         0 Pdus received with bad type field
         0 Short pdus received
         0 Pdus withbogus sdl size
         0 Pdus with bad header length
         0 Pdus with unknown or unsupport protocol
         0 No free memory in socket buffer
         0 Send packets discarded
         0 Sbappend failure
         0 Mcopy failure
         0 ISO family not configured
tnp:
         0 Unicast packets received
         68150 Broadcast packets received
         0 Fragmented packets received
         0 Hello packets dropped
         0 Fragments dropped
         0 Fragment reassembly queue flushes
         0 Packets with tnp src address collision received
         68150 Hello packets received
         0 Control packets received
         0 Rdp packets received
         0 Udp packets received
         0 Tunnel packets received
         0 Input packets discarded with no protocol
         0 Packets of version unspecified received
         0 Packets of version 1 received
         0 Packets of version 2 received
         68150 Packets of version 3 received
         0 Unicast packets sent
         68005 Broadcast packets sent
         0 Fragmented packets sent
         0 Hello packets dropped
         0 Fragments dropped
         68005 Hello packets sent
         0 Control packets sent
         0 Rdp packets sent
         0 Udp packets sent
         0 Tunnel packets sent
         0 Packets sent with unknown protocol
         0 Packets of version unspecified sent
         0 Packets of version 1 sent
         0 Packets of version 2 sent
         68005 Packets of version 3 sent
rdp:
         0 Input packets
         0 Packets discarded for bad checksum
         0 Packets discarded due to bad sequence number
         0 Refused connections
         0 Acks received
         0 Packets dropped due to full socket buffers
         0 Retransmits
         6 Output packets
         0 Acks sent
         0 Connects
         0 Closes
         0 Keepalives received
         0 Keepalives sent
tudp:
         0 Datagrams received
         0 Datagrams with incomplete header
         0 Datagrams with bad data length field
         0 Datagrams with bad checksum
         0 Datagrams dropped due to no socket
         0 Broadcast/multicast datagrams dropped due to no socket
         0 Datagrams dropped due to full socket buffers
         0 Delivered
         1 Datagrams output
ttp:
         0 Packets sent
         0 Packets sent while unconnected
         0 Packets sent while interface down
         0 Packets sent couldn't get buffer
         0 Packets sent couldn't find neighbor
         0 Packets sent when transmit is disable
         0 Packets sent when host unreachable
         0 L3 Packets sent could not get buffer
         0 L3 Packets dropped
         0 Packets sent with bad logical interface
         0 Packets sent with bad address family
         0 L2 packets received
         0 Unknown L3 packets received
         0 IPv4 L3 packets received
         0 MPLS L3 packets received
         0 MPLS-&amp;gt;IPV4 L3 packets received
         0 IPv4-&amp;gt;MPLS L3 packets received
         0 IPv6 L3 packets received
         0 ARP L3 packets received
         0 CLNP L3 packets received
         0 TNP L3 packets received
         0 NULL L3 packets received
         0 Cyclotron cycle L3 packets received
         0 Cyclotron send L3 packets received
         0 Openflow packets received
         0 Packets received while unconnected
         0 Packets received from unknown ifl
         0 Input packets couldn't get buffer
         0 Input packets with bad type
         0 Input packets with discard type
         0 Input packets with too many tlvs
         0 Input packets with bad tlv header
         0 Input packets with bad tlv type
         0 Input packets dropped based on tlv result
         0 Input packets with bad address family
         0 Input packets for which rt lookup is bypassed
mpls:
         0 Total MPLS packets received
         0 Packets forwarded
         0 Packets dropped
         0 Packets with header too small
         0 After tagging, packets can't fit link MTU
         0 Packets with IPv4 explicit NULL tag
         0 Packets with IPv4 explicit NULL cksum errors
         0 Packets with router alert tag
         0 LSP ping packets (ttl-expired/router alert)
         0 Packets with ttl expired
         0 Packets with tag encoding error
         0 Packets discarded due to no route
         0 Packets used first nexthop in ecmp unilist
ethoamlfm:
         0 total received packets
         0 input drops due to bad interface state
         0 received packets forwarded
         0 total transmitted packets
         0 sent packets
         0 output drops due to bad interface state
ethoamcfm:
         0 total received packets
         0 input drops due to bad interface state
         0 received packets forwarded
         0 total transmitted packets
         0 sent packets
         0 output drops due to bad interface state
         0 flood requests forwarded to PFE
         0 flood requests dropped
vpls:
	0 total packets received
	0 with size smaller than minimum
	0 with incorrect version number
	0 packets for this host

	0 packets with no logical interface
	0 packets with no family
	0 packets with no route table
	0 packets with no auxiliary table
	0 packets with no corefacing entry
	0 packets with no CE-facing entry

	0 mac route learning requests
	0 mac routes learnt
	0 requests to learn an existing route
	0 learning requests while learning disabled on interface
	0 learning requests over capacity
	0 mac routes moved
	0 requests to move static route

	0 mac route aging requests
	0 mac routes aged
	0 bogus address in aging requests
	0 requests to age static route
	0 requests to re-ageout aged route
	0 requests involving multiple peer FEs
	0 aging acks from PFE
	0 aging non-acks from PFE
	0 aging requests timed out waiting on FEs
	0 aging requests over max-rate
	0 errors finding peer FEs
	0 unsupported platform
	0 dropped due to no l3 route table
	0 dropped due to no local ifl
	0 packets punted
	0 dropped due to no socket
bridge:
	0 total packets received
	0 with size smaller than minimum
	0 with incorrect version number
	0 packets for this host

	0 packets with no logical interface
	0 packets with no family
	0 packets with no route table
	0 packets with no auxiliary table
	0 packets with no corefacing entry
	0 packets with no CE-facing entry

	0 mac route learning requests
	0 mac routes learnt
	0 requests to learn an existing route
	0 learning requests while learning disabled on interface
	0 learning requests over capacity
	0 mac routes moved
	0 requests to move static route

	0 mac route aging requests
	0 mac routes aged
	0 bogus address in aging requests
	0 requests to age static route
	0 requests to re-ageout aged route
	0 requests involving multiple peer FEs
	0 aging acks from PFE
	0 aging non-acks from PFE
	0 aging requests timed out waiting on FEs
	0 aging requests over max-rate
	0 errors finding peer FEs
	0 unsupported platform
	0 dropped due to no l3 route table
	0 dropped due to no local ifl
	0 packets punted
	0 dropped due to no socket


root@r2&amp;gt; show configuration | except SECRET-DATA | display omit

## Last commit: 2017-01-24 07:36:25 PST by root
version 15.1R1.9;
groups {
    member0 {
        system {
            host-name r2;
            backup-router 10.102.191.254;
        }
        interfaces {
            fxp0 {
                unit 0 {
                    family inet {
                        address 10.102.182.215/20;
                    }
                }
            }
        }
    }
    global {
        system {
            domain-name englab.juniper.net;
            domain-search [ englab.juniper.net juniper.net jnpr.net spglab.juniper.net ];
            time-zone America/Los_Angeles;
            debugger-on-break;
            dump-on-panic;
            authentication-order [ password radius tacplus ];
            root-authentication {
            }
            name-server {
                10.102.149.51;
                10.102.149.52;
            }
            radius-server {
            }
            tacplus-server {
                192.168.5.73 {
                    timeout 15;
                    single-connection;
                }
            }
            login {
                class wheel {
                    permissions snmp;
                }
                user regress {
                    uid 928;
                    class superuser;
                    shell csh;
                    authentication {
                    }
                }
                user remote {
                    uid 2000;
                    class super-user;
                }
            }
            services {
                finger;
                ftp;
                rlogin;
                rsh;
                ssh {
                    root-login allow;
                }
                telnet;
                xnm-clear-text;
            }
            syslog {
                host log {
                    kernel info;
                    any notice;
                    pfe info;
                    interactive-commands any;
                }
                file messages {
                    kernel info;
                    any notice;
                    authorization info;
                    pfe info;
                    archive world-readable;
                }
                file security {
                    interactive-commands any;
                    archive world-readable;
                }
            }
            processes {
                routing enable;
                ntp enable;
                management enable;
                watchdog enable;
                snmp enable;
                inet-process enable;
                mib-process enable;
            }
            ntp {
                boot-server 66.129.255.62;
                server 66.129.255.62;
            }
        }
        chassis {
            dump-on-panic;
        }
        interfaces {
            lo0 {
                unit 0 {
                    family inet {
                        address 128.102.182.215/32 {
                            primary;
                        }
                    }
                    family iso {
                        address 47.0005.80ff.f800.0000.0108.0001.1281.0218.2215.00;
                    }
                    family inet6 {
                        address abcd::128:102:182:215/128 {
                            primary;
                        }
                    }
                }
            }
        }
        snmp {
            location "Systest lab";
            contact "Jay Lloyd";
            interface fxp0.0;
            community public {
                authorization read-only;
            }
            community private {
                authorization read-write;
            }
        }
        routing-options {
            static {
                /* corperate and alpha net */
                route 172.16.0.0/12 {
                    next-hop 10.102.191.254;
                    retain;
                    no-readvertise;
                }
                /* eng lab nets */
                route 192.168.0.0/16 {
                    next-hop 10.102.191.254;
                    retain;
                    no-readvertise;
                }
                route 10.0.0.0/8 {
                    next-hop 10.102.191.254;
                    retain;
                    no-readvertise;
                }
            }
            router-id 128.102.182.215;
        }
    }
}
apply-groups [ global member0 ];
system {
    ports {
        console log-out-on-disconnect;
    }
    services {
        ssh {
            max-sessions-per-connection 32;
        }
        netconf {
            ssh;
        }
    }
    syslog {
        file default-log-messages {
            any info;
            match "(requested 'commit' operation)|(copying configuration to juniper.save)|(commit complete)|ifAdminStatus|(FRU power)|(FRU removal)|(FRU insertion)|(link UP)|transitioned|Transferred|transfer-file|(license add)|(license delete)|(package -X update)|(package -X delete)|(FRU Online)|(FRU Offline)|(plugged in)|(unplugged)|CFMD_CCM_DEFECT| LFMD_3AH | RPD_MPLS_PATH_BFD|(Master Unchanged, Members Changed)|(Master Changed, Members Changed)|(Master Detected, Members Changed)|(vc add)|(vc delete)|(Master detected)|(Master changed)|(Backup detected)|(Backup changed)|(interface vcp-)|(AIS_DATA_AVAILABLE)";
            structured-data;
        }
    }
}
snmp {
    trap-group space {
        targets {
            10.102.177.58;
        }
    }
}


root@r2&amp;gt; show interfaces extensive no-forwarding

Physical interface: ge-0/0/0, Enabled, Physical link is Up
  Interface index: 138, SNMP ifIndex: 516, Generation: 141
  Link-level type: Ethernet, MTU: 1514, MRU: 1522, LAN-PHY mode, Speed: 1000mbps, BPDU Error: None, MAC-REWRITE Error: None, Loopback: Disabled, Source filtering: Disabled, Flow control: Enabled
  Pad to minimum frame size: Disabled
  Device flags   : Present Running
  Interface flags: SNMP-Traps Internal: 0x4000
  Link flags     : None
  CoS queues     : 8 supported, 8 maximum usable queues
  Hold-times     : Up 0 ms, Down 0 ms
  Damping        : half-life: 0 sec, max-suppress: 0 sec, reuse: 0, suppress: 0, state: unsuppressed
  Current address: 00:05:86:78:2a:00, Hardware address: 00:05:86:78:2a:00
  Last flapped   : 2017-01-24 06:27:57 PST (18:53:50 ago)
  Statistics last cleared: Never
  Traffic statistics:
   Input  bytes  :                    0                    0 bps
   Output bytes  :                    0                    0 bps
   Input  packets:                    0                    0 pps
   Output packets:                    0                    0 pps
   IPv6 transit statistics:
    Input  bytes  :                   0
    Output bytes  :                   0
    Input  packets:                   0
    Output packets:                   0
  Dropped traffic statistics due to STP State:
   Input  bytes  :                    0
   Output bytes  :                    0
   Input  packets:                    0
   Output packets:                    0
  Input errors:
    Errors: 0, Drops: 0, Framing errors: 0, Runts: 0, Policed discards: 0, L3 incompletes: 0, L2 channel errors: 0, L2 mismatch timeouts: 0, FIFO errors: 0, Resource errors: 0
  Output errors:
    Carrier transitions: 1, Errors: 0, Drops: 0, Collisions: 0, Aged packets: 0, FIFO errors: 0, HS link CRC errors: 0, MTU errors: 0, Resource errors: 0
  Active alarms  : None
  Active defects : None
  MAC statistics:                      Receive         Transmit
    Total octets                             0                0
    Total packets                            0                0
    Unicast packets                          0                0
    Broadcast packets                        0                0
    Multicast packets                        0                0
    CRC/Align errors                         0                0
    FIFO errors                              0                0
    MAC control frames                       0                0
    MAC pause frames                         0                0
    Oversized frames                         0
    Jabber frames                            0
    Fragment frames                          0
    VLAN tagged frames                       0
    Code violations                          0
    Total errors                             0                0
  Filter statistics:
    Input packet count                       0
    Input packet rejects                     0
    Input DA rejects                         0
    Input SA rejects                         0
    Output packet count                                       0
    Output packet pad count                                   0
    Output packet error count                                 0
