root@10.19.120.226> request support information


root@vMX-125> show system uptime no-forwarding

Current time: 2017-03-22 15:56:19 UTC
Time Source:  LOCAL CLOCK
System booted: 2017-03-22 14:15:24 UTC (01:40:55 ago)
Protocols started: 2017-03-22 14:17:10 UTC (01:39:09 ago)
Last configured: 2017-03-16 10:02:31 UTC (6d 05:53 ago) by root
 3:56PM  up 1:41, 0 users, load averages: 0.46, 0.43, 0.36


root@vMX-125> show version detail no-forwarding

Hostname: vMX-125
Model: vmx
Junos: 15.1F6.9
JUNOS OS Kernel 64-bit  [20160616.329709_builder_stable_10]
JUNOS OS libs [20160616.329709_builder_stable_10]
JUNOS OS runtime [20160616.329709_builder_stable_10]
JUNOS OS time zone information [20160616.329709_builder_stable_10]
JUNOS network stack and utilities [20160701.104257_builder_junos_151_f6]
JUNOS modules [20160701.104257_builder_junos_151_f6]
JUNOS OS libs compat32 [20160616.329709_builder_stable_10]
JUNOS OS 32-bit compatibility [20160616.329709_builder_stable_10]
JUNOS libs compat32 [20160701.104257_builder_junos_151_f6]
JUNOS runtime [20160701.104257_builder_junos_151_f6]
JUNOS Packet Forwarding Engine Simulation Package [20160701.104257_builder_junos_151_f6]
JUNOS py base [20160701.104257_builder_junos_151_f6]
JUNOS OS vmguest [20160616.329709_builder_stable_10]
JUNOS OS crypto [20160616.329709_builder_stable_10]
JUNOS platform support [20160701.104257_builder_junos_151_f6]
JUNOS libs [20160701.104257_builder_junos_151_f6]
JUNOS mtx Data Plane Crypto Support [20160701.104257_builder_junos_151_f6]
JUNOS daemons [20160701.104257_builder_junos_151_f6]
JUNOS Voice Services Container package [20160701.104257_builder_junos_151_f6]
JUNOS Services SSL [20160701.104257_builder_junos_151_f6]
JUNOS Services Stateful Firewall [20160701.104257_builder_junos_151_f6]
JUNOS Services RPM [20160701.104257_builder_junos_151_f6]
JUNOS Services PTSP Container package [20160701.104257_builder_junos_151_f6]
JUNOS Services NAT [20160701.104257_builder_junos_151_f6]
JUNOS Services Mobile Subscriber Service Container package [20160701.104257_builder_junos_151_f6]
JUNOS Services MobileNext Software package [20160701.104257_builder_junos_151_f6]
JUNOS Services LL-PDF Container package [20160701.104257_builder_junos_151_f6]
JUNOS Services Jflow Container package [20160701.104257_builder_junos_151_f6]
JUNOS Services IPSec [20160701.104257_builder_junos_151_f6]
JUNOS IDP Services [20160701.104257_builder_junos_151_f6]
JUNOS Services HTTP Content Management package [20160701.104257_builder_junos_151_f6]
JUNOS Services Crypto [20160701.104257_builder_junos_151_f6]
JUNOS Services Captive Portal and Content Delivery Container package [20160701.104257_builder_junos_151_f6]
JUNOS Services COS [20160701.104257_builder_junos_151_f6]
JUNOS Border Gateway Function package [20160701.104257_builder_junos_151_f6]
JUNOS AppId Services [20160701.104257_builder_junos_151_f6]
JUNOS Services Application Level Gateways [20160701.104257_builder_junos_151_f6]
JUNOS Services AACL Container package [20160701.104257_builder_junos_151_f6]
JUNOS Packet Forwarding Engine Support (M/T Common) [20160701.104257_builder_junos_151_f6]
JUNOS Online Documentation [20160701.104257_builder_junos_151_f6]
JUNOS FIPS mode utilities [20160701.104257_builder_junos_151_f6]
KERNEL JNPR-10.1-20160616.329709_builder_stable_10 #0 built by builder on Thu Jun 16 1
MGD release 15.1F6.9 built by builder on 2016-07-01 14:04:50 UTC
CLI release 15.1F6.9 built by builder on 2016-07-01 12:48:00 UTC
RPD release 15.1F6.9 built by builder on 2016-07-01 14:15:55 UTC
CHASSISD release 15.1F6.9 built by builder on 2016-07-01 13:20:12 UTC
JLAUNCHD release 15.1F6.9 built by builder on 2016-07-01 12:37:42 UTC
DFWD release 15.1F6.9 built by builder on 2016-07-01 13:23:02 UTC
DCD release 15.1F6.9 built by builder on 2016-07-01 14:04:36 UTC
SNMPD release 15.1F6.9 built by builder on 2016-07-01 14:05:25 UTC
ALARM-MGMTD release 15.1F6.9 built by builder on 2016-07-01 14:05:21 UTC
MIB2D release 15.1F6.9 built by builder on 2016-07-01 13:31:02 UTC
APSD release 15.1F6.9 built by builder on 2016-07-01 13:22:34 UTC
VRRPD release 15.1F6.9 built by builder on 2016-07-01 13:27:34 UTC
ALARMD release 15.1F6.9 built by builder on 2016-07-01 13:22:04 UTC
PFED release 15.1F6.9 built by builder on 2016-07-01 13:26:12 UTC
AGENTD release 15.1F6.9 built by builder on 2016-07-01 13:21:46 UTC
CRAFTD release 15.1F6.9 built by builder on 2016-07-01 13:22:52 UTC
SAMPLED release 15.1F6.9 built by builder on 2016-07-01 13:30:26 UTC
SRRD release 15.1F6.9 built by builder on 2016-07-01 13:19:25 UTC
JFLOWD release 15.1F6.9 built by builder on 2016-07-01 13:28:18 UTC
ILMID release 15.1F6.9 built by builder on 2016-07-01 13:23:15 UTC
RMOPD release 15.1F6.9 built by builder on 2016-07-01 13:21:16 UTC
COSD release 15.1F6.9 built by builder on 2016-07-01 13:28:47 UTC
FSAD release 15.1F6.9 built by builder on 2016-07-01 13:17:58 UTC
IRSD release 15.1F6.9 built by builder on 2016-07-01 13:18:13 UTC
FUD release 15.1F6.9 built by builder on 2016-07-01 13:30:58 UTC
RTSPD release 15.1F6.9 built by builder on 2016-07-01 12:43:51 UTC
smartd 6.4 2015-06-04 r4109 [FreeBSD JNPR-10.1-20160616.329709_builder_stable_10 amd64] Junos Build
Copyright (C) 2002-15, Bruce Allen, Christian Franke, www.smartmontools.org
KSYNCD release 15.1F6.9 built by builder on 2016-07-01 13:18:31 UTC
SPD release 15.1F6.9 built by builder on 2016-07-01 13:28:25 UTC
JL2TPD release 15.1F6.9 built by builder on 2016-07-01 13:23:48 UTC
JPPPOED release 15.1F6.9 built by builder on 2016-07-01 13:23:58 UTC
RDD release 15.1F6.9 built by builder on 2016-07-01 13:19:12 UTC
PPPD release 15.1F6.9 built by builder on 2016-07-01 14:04:42 UTC
DFCD release 15.1F6.9 built by builder on 2016-07-01 13:22:56 UTC
LACPD release 15.1F6.9 built by builder on 2016-07-01 13:25:32 UTC
LFMD release 15.1F6.9 built by builder on 2016-07-01 13:18:33 UTC
OAMD release 15.1F6.9 built by builder on 2016-07-01 13:19:05 UTC
TNETD release 15.1F6.9 built by builder on 2016-07-01 12:43:52 UTC
CFMD release 15.1F6.9 built by builder on 2016-07-01 13:28:34 UTC
JDHCPD release 15.1F6.9 built by builder on 2016-07-01 13:23:47 UTC
JSAVALD release 15.1F6.9 built by builder on 2016-07-01 13:18:25 UTC
PGCPD release 15.1F6.9 built by builder on 2016-07-01 13:30:31 UTC
PSSD release 15.1F6.9 built by builder on 2016-07-01 13:19:11 UTC
SSD release 15.1F6.9 built by builder on 2016-07-01 13:19:33 UTC
MSPD release 15.1F6.9 built by builder on 2016-07-01 13:18:59 UTC
AUTHD release 15.1F6.9 built by builder on 2016-07-01 13:20:32 UTC
PMOND release 15.1F6.9 built by builder on 2016-07-01 13:19:57 UTC
AUTOCONFD release 15.1F6.9 built by builder on 2016-07-01 13:17:24 UTC
BBE-SMGD release 15.1F6.9 built by builder on 2016-07-01 13:28:15 UTC
JDIAMETERD release 15.1F6.9 built by builder on 2016-07-01 13:18:18 UTC
BDBREPD release 15.1F6.9 built by builder on 2016-07-01 13:17:29 UTC
SBCCONFD release 15.1F6.9 built by builder on 2016-07-01 13:30:41 UTC
APPIDD release 15.1F6.9 built by builder on 2016-07-01 13:27:51 UTC
IDPD release 15.1F6.9 built by builder on 2016-07-01 13:27:50 UTC
JPPPD release 15.1F6.9 built by builder on 2016-07-01 13:23:56 UTC
JSSCD release 15.1F6.9 built by builder on 2016-07-01 13:18:27 UTC
ICCPD release 15.1F6.9 built by builder on 2016-07-01 13:18:01 UTC
SHM-RTSDBD release 15.1F6.9 built by builder on 2016-07-01 13:31:08 UTC
DATAPATH-TRACED release 15.1F6.9 built by builder on 2016-07-01 13:17:44 UTC
JPTSPD release 15.1F6.9 built by builder on 2016-07-01 13:28:10 UTC
CPCDD release 15.1F6.9 built by builder on 2016-07-01 13:17:34 UTC
SMID release 15.1F6.9 built by builder on 2016-07-01 13:19:19 UTC
SMIHELPERD release 15.1F6.9 built by builder on 2016-07-01 13:27:07 UTC
JDDOSD release 15.1F6.9 built by builder on 2016-07-01 13:18:17 UTC
TRANSPORTD release 15.1F6.9 built by builder on 2016-07-01 13:31:11 UTC
CLKSYNCD release 15.1F6.9 built by builder on 2016-07-01 13:22:48 UTC
SDK-VMMD release 15.1F6.9 built by builder on 2016-07-01 13:27:00 UTC
GSTATD release 15.1F6.9 built by builder on 2016-07-01 13:19:56 UTC
DOT1XD release 15.1F6.9 built by builder on 2016-07-01 13:20:01 UTC
ESSMD release 15.1F6.9 built by builder on 2016-07-01 13:17:55 UTC
VMOND release 15.1F6.9 built by builder on 2016-07-01 13:27:19 UTC
BBE-MIBD release 15.1F6.9 built by builder on 2016-07-01 13:22:35 UTC
PPMD release 15.1F6.9 built by builder on 2016-07-01 13:20:16 UTC
LMPD release 15.1F6.9 built by builder on 2016-07-01 13:18:36 UTC
LRMUXD release 15.1F6.9 built by builder on 2016-07-01 14:04:37 UTC
PGMD release 15.1F6.9 built by builder on 2016-07-01 13:19:10 UTC
BFDD release 15.1F6.9 built by builder on 2016-07-01 13:20:11 UTC
SDXD release 15.1F6.9 built by builder on 2016-07-01 13:17:12 UTC
AUDITD release 15.1F6.9 built by builder on 2016-07-01 13:17:18 UTC
L2ALD release 15.1F6.9 built by builder on 2016-07-01 13:24:00 UTC
EVENTD release 15.1F6.9 built by builder on 2016-07-01 13:23:03 UTC
L2CPD release 15.1F6.9 built by builder on 2016-07-01 13:24:00 UTC
ANCPD release 15.1F6.9 built by builder on 2016-07-01 13:22:06 UTC
MCSNOOPD release 15.1F6.9 built by builder on 2016-07-01 14:05:32 UTC
MPLSOAMD release 15.1F6.9 built by builder on 2016-07-01 13:18:59 UTC
COMMITD release 15.1F6.9 built by builder on 2016-07-01 14:04:45 UTC
JNUD release 15.1F6.9 built by builder on 2016-07-01 13:23:50 UTC
lighttpd/1.4.32 (ssl) - a light and fast webserver
Build-Date: Jul  1 2016 11:41:04
JSD release 15.1F6.9 built by builder on 2016-07-01 13:28:14 UTC
VCCPD release 15.1F6.9 built by builder on 2016-07-01 13:20:22 UTC
KMD release 15.1F6.9 built by builder on 2016-07-01 13:20:10 UTC
GKMD release 15.1F6.9 built by builder on 2016-07-01 13:20:02 UTC
PKID release 15.1F6.9 built by builder on 2016-07-01 13:20:53 UTC
SENDD release 15.1F6.9 built by builder on 2016-07-01 13:17:13 UTC
jroute-actions-dd release 15.1F6.9 built by builder on 2016-07-01 12:29:06 UTC
jkernel-actions-dd release 15.1F6.9 built by builder on 2016-07-01 12:29:09 UTC
ancpd-actions-dd release 15.1F6.9 built by builder on 2016-07-01 12:27:10 UTC
appsecure-actions-dd release 15.1F6.9 built by builder on 2016-07-01 12:27:11 UTC
aprobe-actions-dd release 15.1F6.9 built by builder on 2016-07-01 12:27:15 UTC
apsd-actions-dd release 15.1F6.9 built by builder on 2016-07-01 12:27:19 UTC
authd_cmd-actions-dd release 15.1F6.9 built by builder on 2016-07-01 12:27:22 UTC
autoconfd_cmd-actions-dd release 15.1F6.9 built by builder on 2016-07-01 12:27:22 UTC
bdbrepd_cmd-actions-dd release 15.1F6.9 built by builder on 2016-07-01 12:27:32 UTC
cfm-actions-dd release 15.1F6.9 built by builder on 2016-07-01 12:27:34 UTC
chassis_cmd-actions-dd release 15.1F6.9 built by builder on 2016-07-01 12:27:40 UTC
clksyncd-actions-dd release 15.1F6.9 built by builder on 2016-07-01 12:27:37 UTC
collector-actions-dd release 15.1F6.9 built by builder on 2016-07-01 12:27:45 UTC
cos_cmd-actions-dd release 15.1F6.9 built by builder on 2016-07-01 12:27:49 UTC
cpcdd_cmd-actions-dd release 15.1F6.9 built by builder on 2016-07-01 12:27:49 UTC
dcd_cmd-actions-dd release 15.1F6.9 built by builder on 2016-07-01 12:27:50 UTC
demuxd-actions-dd release 15.1F6.9 built by builder on 2016-07-01 12:27:53 UTC
dfcd_cmd-actions-dd release 15.1F6.9 built by builder on 2016-07-01 12:27:55 UTC
dot1xd-actions-dd release 15.1F6.9 built by builder on 2016-07-01 12:27:56 UTC
dyn-sess-prof-actions-dd release 15.1F6.9 built by builder on 2016-07-01 12:27:57 UTC
elmi-actions-dd release 15.1F6.9 built by builder on 2016-07-01 12:27:57 UTC
essmd-actions-dd release 15.1F6.9 built by builder on 2016-07-01 12:27:59 UTC
forwarding_options_cmd-actions-dd release 15.1F6.9 built by builder on 2016-07-01 12:28:02 UTC
fsad-actions-dd release 15.1F6.9 built by builder on 2016-07-01 12:28:03 UTC
gres-test-point-actions-dd release 15.1F6.9 built by builder on 2016-07-01 12:28:04 UTC
httpd_cmd-actions-dd release 15.1F6.9 built by builder on 2016-07-01 12:28:04 UTC
iccp_cmd-actions-dd release 15.1F6.9 built by builder on 2016-07-01 12:28:04 UTC
ilmid-actions-dd release 15.1F6.9 built by builder on 2016-07-01 12:28:06 UTC
jappid-actions-dd release 15.1F6.9 built by builder on 2016-07-01 12:28:08 UTC
jcrypto-actions-dd release 15.1F6.9 built by builder on 2016-07-01 12:28:08 UTC
jcrypto_junos-actions-dd release 15.1F6.9 built by builder on 2016-07-01 12:28:13 UTC
jddosd-actions-dd release 15.1F6.9 built by builder on 2016-07-01 12:28:41 UTC
jdiameterd-actions-dd release 15.1F6.9 built by builder on 2016-07-01 12:28:22 UTC
jidpd-actions-dd release 15.1F6.9 built by builder on 2016-07-01 12:28:24 UTC
jkernel_cmd-actions-dd release 15.1F6.9 built by builder on 2016-07-01 12:28:42 UTC
jkernel_junos-actions-dd release 15.1F6.9 built by builder on 2016-07-01 12:28:29 UTC
jpppd-actions-dd release 15.1F6.9 built by builder on 2016-07-01 12:28:30 UTC
l2ald-actions-dd release 15.1F6.9 built by builder on 2016-07-01 12:28:41 UTC
lldp-actions-dd release 15.1F6.9 built by builder on 2016-07-01 12:28:46 UTC
macsec-actions-dd release 15.1F6.9 built by builder on 2016-07-01 12:28:48 UTC
mcsnoop-actions-dd release 15.1F6.9 built by builder on 2016-07-01 12:28:54 UTC
mo-actions-dd release 15.1F6.9 built by builder on 2016-07-01 12:28:54 UTC
mobiled-actions-dd release 15.1F6.9 built by builder on 2016-07-01 12:29:00 UTC
pccd-actions-dd release 15.1F6.9 built by builder on 2016-07-01 12:29:02 UTC
pppd-actions-dd release 15.1F6.9 built by builder on 2016-07-01 12:29:03 UTC
pppoed-actions-dd release 15.1F6.9 built by builder on 2016-07-01 12:29:05 UTC
r2cpd-actions-dd release 15.1F6.9 built by builder on 2016-07-01 12:29:07 UTC
rdd-actions-dd release 15.1F6.9 built by builder on 2016-07-01 12:29:08 UTC
rmpsd-actions-dd release 15.1F6.9 built by builder on 2016-07-01 12:29:09 UTC
services-actions-dd release 15.1F6.9 built by builder on 2016-07-01 12:29:18 UTC
stp-actions-dd release 15.1F6.9 built by builder on 2016-07-01 12:29:14 UTC
subinfo-actions-dd release 15.1F6.9 built by builder on 2016-07-01 12:29:14 UTC
transportd-actions-dd release 15.1F6.9 built by builder on 2016-07-01 12:29:16 UTC
virtualchassis-actions-dd release 15.1F6.9 built by builder on 2016-07-01 12:29:20 UTC
vlans-ng-actions-dd release 15.1F6.9 built by builder on 2016-07-01 12:29:20 UTC
jdocs-actions-dd release 15.1F6.9 built by builder on 2016-07-01 11:57:09 UTC


root@vMX-125> show system core-dumps no-forwarding

/var/crash/*core*: No such file or directory
/var/tmp/*core*: No such file or directory
/var/tmp/pics/*core*: No such file or directory
/var/crash/kernel.*: No such file or directory
/var/jails/rest-api/tmp/*core*: No such file or directory


root@vMX-125> show chassis alarms no-forwarding

No alarms currently active


root@vMX-125> show chassis hardware detail no-forwarding

Hardware inventory:
Item             Version  Part number  Serial number     Description
Chassis                                VM57B4E347FE      VMX
Midplane
Routing Engine 0                                         RE-VMX
  ada0  25601 MB  VMware Virtual IDE Har 000000000000000 Hard Disk
CB 0                                                     VMX SCB
CB 1                                                     VMX SCB
FPC 0                                                    Virtual FPC
  CPU            Rev. 1.0 RIOT         123XYZ987
  MIC 0                                                  Virtual
    PIC 0                 BUILTIN      BUILTIN           Virtual


root@vMX-125> show system processes extensive no-forwarding

last pid:  4769;  load averages:  0.46,  0.43,  0.36  up 0+01:40:55    15:56:19
115 processes: 2 running, 112 sleeping, 1 waiting

Mem: 222M Active, 1189M Inact, 158M Wired, 204M Buf, 392M Free
Swap: 3072M Total, 3072M Free


  PID USERNAME  THR PRI NICE   SIZE    RES STATE    TIME    WCPU COMMAND
   10 root        1 155 ki31     0K    16K RUN     99:07  94.87% idle
 3185 root        1  20    0   786M  3572K select   0:00   0.20% pmond
 4466 root        1  43    0 56512K  4516K select   0:00   0.20% sshd
   11 root       16 -72    -     0K   256K WAIT     0:23   0.00% intr
   12 root        3  -8    -     0K    48K -        0:08   0.00% geom
 3248 root        1  20    0   786M 22696K select   0:06   0.00% pfed
 3167 root        1  20    0   778M 12504K select   0:04   0.00% mib2d
   13 root        1 -16    -     0K    16K -        0:03   0.00% rand_harvestq
 3189 root        1  20    0   719M  5460K select   0:03   0.00% license-check
    6 root        1 -16    -     0K    16K client   0:03   0.00% ifstate notify
 3161 root        4  20    0   888M 25444K select   0:03   0.00% chassisd
 3218 root        1  20    0   747M 13096K select   0:02   0.00% l2ald
 3181 root        1  20    0   721M  3772K select   0:02   0.00% shm-rtsdbd
  736 root        1  -8    -     0K    16K mdwait   0:02   0.00% md9
    0 root       14 -100    0     0K   224K -        0:02   0.00% kernel
 3246 root        1  20    0   737M 15320K select   0:02   0.00% snmpd
 3236 root        3  38    0   723M  6292K sigwai   0:02   0.00% jddosd
 3157 root        1  20    0 13900K  1432K select   0:01   0.00% bslockd
 3221 root        1  20    0   767M 15360K select   0:01   0.00% cosd
    4 root        2 -16    -     0K    32K -        0:01   0.00% cam
 3237 root        3  20    0   724M  8980K nanslp   0:01   0.00% agentd
 3251 root        1  20    0   821M  7336K select   0:01   0.00% transportd
 3179 root        1  20    0   756M 35940K select   0:01   0.00% smid
 3182 root        1  20    0   776M  3248K nanslp   0:01   0.00% gstatd
 3245 root        1  20    0   719M  4884K select   0:01   0.00% alarmd
 3249 root        1  20    0   715M  3812K select   0:01   0.00% irsd
 3217 root        1  20    0   849M 58172K kqread   0:01   0.00% rpd
    8 root        2 -16    -     0K    32K umarcl   0:00   0.00% pagedaemon
 3231 root        1  20    0   736M 10604K select   0:00   0.00% cfmd
 3244 root        1  20    0   742M 15956K select   0:00   0.00% dcd
 3228 root        1  20    0   749M 12316K kqread   0:00   0.00% l2cpd
 3250 root        1  20    0   776M 21256K select   0:00   0.00% dfwd
  647 root        1  -8    -     0K    16K mdwait   0:00   0.00% md8
 3252 root        1  20    0   811M  4896K select   0:00   0.00% alarm-mgmtd
 3243 root        1  20    0   721M  5552K select   0:00   0.00% pkid
   17 root        1  16    -     0K    16K syncer   0:00   0.00% syncer
 3162 root        1  20    0   720M  4880K select   0:00   0.00% sdk-vmmd
 3242 root        1  20    0   741M 11052K kqread   0:00   0.00% dot1xd
 3178 root        1  20    0   715M  3872K select   0:00   0.00% eventd
 3188 root        1  20    0   754M 12152K select   0:00   0.00% idpd
 1022 root        1  -8    -     0K    16K mdwait   0:00   0.00% md13
 3177 root        1  20    0   719M  5440K select   0:00   0.00% bfdd
 3165 root        1  43    0   724M 21160K select   0:00   0.00% mgd
 3230 root        1  20    0   715M  3956K select   0:00   0.00% lfmd
 3147 root        1  20    0 33008K  2728K kqread   0:00   0.00% jlaunchd
 3227 root        1  20    0   737M 12412K select   0:00   0.00% dfcd
 3172 root        1  20    0   715M  6852K select   0:00   0.00% ppmd
 3220 root        1  20    0   783M  7464K select   0:00   0.00% rmopd
 3164 root        1  20    0   719M  4452K select   0:00   0.00% craftd
   24 root        1 -16    -     0K    16K .        0:00   0.00% ddostasks
 3219 root        1  20  -15   719M  4720K select   0:00   0.00% apsd
 3316 root        1   4    -     0K    16K select   0:00   0.00% peerproxy80000010
 4598 root        1  52    0 41916K 23880K select   0:00   0.00% cli
  111 root        1  -8    -     0K    16K mdwait   0:00   0.00% md1
 4592 root        1  45    0 41916K 23872K select   0:00   0.00% cli
 4599 root        1  52    0   724M 21788K select   0:00   0.00% mgd
  200 root        1  -8    -     0K    16K mdwait   0:00   0.00% md2
 1132 root        1  -8    -     0K    16K mdwait   0:00   0.00% md15
  476 root        1  -8    -     0K    16K mdwait   0:00   0.00% md5
 3235 root        1  20    0   715M  3080K select   0:00   0.00% iccpd
 3232 root        1  20    0   715M  3544K select   0:00   0.00% mplsoamd
  534 root        1  -8    -     0K    16K mdwait   0:00   0.00% md6
 1190 root        1  -8    -     0K    16K mdwait   0:00   0.00% md16
 3148 root        1  20    0 20544K  1552K nanslp   0:00   0.00% cron
 3168 root        1  20    0 14272K  2008K select   0:00   0.00% inetd
 3224 root        1  20    0   715M  3692K select   0:00   0.00% fsad
 3186 root        1  20    0   761M  6908K select   0:00   0.00% bbe-smgd
 3225 root        1  20    0   716M  4364K select   0:00   0.00% rdd
 3187 root        1  20    0   719M  5572K select   0:00   0.00% appidd
  934 root        1  -8    -     0K    16K mdwait   0:00   0.00% md12
 3238 root        1  20    0 20528K  1756K select   0:00   0.00% rpcbind
 3226 root        1  20    0   715M  3800K select   0:00   0.00% pppd
   15 root        1 -16    -     0K    16K psleep   0:00   0.00% bufdaemon
   16 root        1 -16    -     0K    16K vlruwt   0:00   0.00% vnlru
  421 root        1  -8    -     0K    16K mdwait   0:00   0.00% md4
 3234 root        1  24    0   717M  4572K select   0:00   0.00% sendd
 3222 root        1  20    0   715M  4084K select   0:00   0.00% lmpd
 3255 root        1  21    0 16308K  1548K accept   0:00   0.00% nfsd
 3240 root        1  20    0   715M  3604K select   0:00   0.00% mspd
 3229 root        1  20    0   715M  3500K select   0:00   0.00% oamd
 1077 root        1  -8    -     0K    16K mdwait   0:00   0.00% md14
 1524 root        1  -8    -     0K    16K mdwait   0:00   0.00% md19
 4593 root        1  29    0   724M 21596K select   0:00   0.00% mgd
 3156 root        1  20    0 14112K  1484K select   0:00   0.00% watchdog
 4590 root        1  52    0 20880K  2384K pause    0:00   0.00% csh
 3262 root        1  21    0 16308K  1512K rpcsvc   0:00   0.00% nfsd
 3241 root        1  34    0 18440K  1716K select   0:00   0.00% mountd
 3254 root        1  21    0   720M  4320K select   0:00   0.00% stats-agentd
    1 root        1  26    0 10372K   488K wait     0:00   0.00% init
 3159 root        1  52    0 14248K  1696K select   0:00   0.00% tnetd
 3223 root        1  22    0 14040K  1920K select   0:00   0.00% rtspd
 1466 root        1  -8    -     0K    16K mdwait   0:00   0.00% md18
 1408 root        1  -8    -     0K    16K mdwait   0:00   0.00% md17
 4594 root        1  52    0 20908K  2008K wait     0:00   0.00% sh
  811 root        1  -8    -     0K    16K mdwait   0:00   0.00% md10
    5 root        1  -8    -     0K    16K mdwait   0:00   0.00% md0
  592 root        1  -8    -     0K    16K mdwait   0:00   0.00% md7
  869 root        1  -8    -     0K    16K mdwait   0:00   0.00% md11
 4769 root        1  72    0 25068K  2244K RUN      0:00   0.00% top
 3247 root        1  21    0 14192K  1716K select   0:00   0.00% tnp.sntpd
 3152 root        1  52    0 18444K  1376K ttyin    0:00   0.00% getty
 3153 root        1  52    0 18444K  1376K ttyin    0:00   0.00% getty
  365 root        1  -8    -     0K    16K mdwait   0:00   0.00% md3
 3140 root        1  52    0 26716K  1428K wait     0:00   0.00% jlaunchhelperd
   21 root        1 -16    -     0K    16K select   0:00   0.00% if_pic_listen0
   14 root        1 155 ki31     0K    16K pgzero   0:00   0.00% pagezero
 2170 root        1 -16    -     0K    16K ftcl     0:00   0.00% ftcleanup
   23 root        1 -16    -     0K    16K select   0:00   0.00% if_pfe_listen
    7 root        1 -16    -     0K    16K dump_r   0:00   0.00% kern_dump_proc
   18 root        1 -16    -     0K    16K sleep    0:00   0.00% netdaemon
   20 root        1 -16    -     0K    16K purge_   0:00   0.00% kern_pir_proc
   22 root        1 -16    -     0K    16K condsl   0:00   0.00% delayedexecd
    2 root        1 -16    -     0K    16K crypto   0:00   0.00% crypto
    9 root        1 -16    -     0K    16K psleep   0:00   0.00% vmdaemon
    3 root        1 -16    -     0K    16K crypto   0:00   0.00% crypto returns



root@vMX-125> show pfe statistics error


Slot 0



HSL2 Errors:
------------
  *****  No errors on this PFE  *****
LU Chip 0
LUCHIP(0) ISTAT PIO Errors:
    None recorded.


root@vMX-125> show pfe statistics traffic

Packet Forwarding Engine traffic statistics:
    Input  packets:                    0                    0 pps
    Output packets:                    0                    0 pps
Packet Forwarding Engine local traffic statistics:
    Local packets input                 :                    0
    Local packets output                :                    0
    Software input control plane drops  :                    0
    Software input high drops           :                    0
    Software input medium drops         :                    0
    Software input low drops            :                    0
    Software output drops               :                    0
    Hardware input drops                :                    0
Packet Forwarding Engine local protocol statistics:
    HDLC keepalives            :                    0
    ATM OAM                    :                    0
    Frame Relay LMI            :                    0
    PPP LCP/NCP                :                    0
    OSPF hello                 :                    0
    OSPF3 hello                :                    0
    RSVP hello                 :                    0
    LDP hello                  :                    0
    BFD                        :                    0
    IS-IS IIH                  :                    0
    LACP                       :                    0
    ARP                        :                    0
    ETHER OAM                  :                    0
    Unknown                    :                    0
Packet Forwarding Engine hardware discard statistics:
    Timeout                    :                    0
    Truncated key              :                    0
    Bits to test               :                    0
    Data error                 :                    0
    Stack underflow            :                    0
    Stack overflow             :                    0
    Normal discard             :                    0
    Extended discard           :                    0
    Invalid interface          :                    0
    Info cell drops            :                    0
    Fabric drops               :                    0
Packet Forwarding Engine Input IPv4 Header Checksum Error and Output MTU Error statistics:
    Input Checksum             :                    0
    Output MTU                 :                    0


root@vMX-125> show chassis routing-engine no-forwarding

Routing Engine status:
  Slot 0:
    Current state                  Master
    Election priority              Master (default)
    DRAM                      2013 MB (2048 MB installed)
    Memory utilization          19 percent
    5 sec CPU utilization:
      User                       2 percent
      Background                 0 percent
      Kernel                     2 percent
      Interrupt                  0 percent
      Idle                      96 percent
    1 min CPU utilization:
      User                       1 percent
      Background                 0 percent
      Kernel                     1 percent
      Interrupt                  0 percent
      Idle                      98 percent
    5 min CPU utilization:
      User                       1 percent
      Background                 0 percent
      Kernel                     1 percent
      Interrupt                  0 percent
      Idle                      98 percent
    15 min CPU utilization:
      User                       0 percent
      Background                 0 percent
      Kernel                     1 percent
      Interrupt                  0 percent
      Idle                      98 percent
    Model                          RE-VMX
    Start time                     2017-03-22 14:15:24 UTC
    Uptime                         1 hour, 40 minutes, 50 seconds
    Last reboot reason             Router rebooted after a normal shutdown.
    Load averages:                 1 minute   5 minute  15 minute
                                       0.50       0.43       0.36


root@vMX-125> show chassis environment no-forwarding



root@vMX-125> show chassis firmware no-forwarding

Part                     Type       Version
FPC 0                    ROM        PC Bios
                         O/S        Version 15.1F6.9 by builder on 2016-07-01 11:57:39 UTC


root@vMX-125> show chassis fpc detail

Slot 0 information:
  State                                 Online
  Temperature                        Testing
  Total CPU DRAM                      1 MB
  Total RLDRAM                       10 MB
  Total DDR DRAM                      0 MB
  Start time:                           2017-03-22 14:17:28 UTC
  Uptime:                               1 hour, 38 minutes, 51 seconds
  Max Power Consumption               0 Watts


root@vMX-125> show system boot-messages  no-forwarding

Copyright (c) 1992-2015 The FreeBSD Project.
Copyright (c) 1979, 1980, 1983, 1986, 1988, 1989, 1991, 1992, 1993, 1994
	The Regents of the University of California. All rights reserved.
FreeBSD is a registered trademark of The FreeBSD Foundation.
FreeBSD JNPR-10.1-20160616.329709_builder_stable_10 #0: Thu Jun 16 14:48:53 PDT 2016
    builder@basith.juniper.net:/volume/build/junos/occam/freebsd/stable_10/20160616.builder.329709/obj/amd64/juniper/kernels/JNPR-AMD64-PRD/kernel amd64
gcc version 4.2.1 (for JUNOS)
VT: running with driver "vga".
CPU: Intel(R) Xeon(R) CPU E5-2670 v3 @ 2.30GHz (2300.00-MHz K8-class CPU)
  Origin="GenuineIntel"  Id=0x306f2  Family=0x6  Model=0x3f  Stepping=2
  Features=0xfa3fbff<FPU,VME,DE,PSE,TSC,MSR,PAE,MCE,CX8,APIC,SEP,MTRR,PGE,MCA,CMOV,PAT,PSE36,DTS,MMX,FXSR,SSE,SSE2,SS>
  Features2=0x9ed83203<SSE3,PCLMULQDQ,SSSE3,FMA,CX16,SSE4.1,SSE4.2,MOVBE,POPCNT,AESNI,XSAVE,OSXSAVE,AVX,HV>
  AMD Features=0x28100800<SYSCALL,NX,RDTSCP,LM>
  AMD Features2=0x1<LAHF>
  TSC: P-state invariant
Hypervisor: Origin = "VMwareVMware"
real memory  = 2147483648 (2048 MB)
avail memory = 2039984128 (1945 MB)
Event timer "LAPIC" quality 600
ACPI APIC Table: <PTLTD  	 APIC  >
platform_early_bootinit: M/T/EX Series Early Boot Initialization
mtx_platform_set_re_type: vm_retype :RE-VMX
mtx_platform_set_re_type: Found RE type 160 RE-VMX
Security policy loaded: MAC/veriexec (mac_veriexec)
Security policy loaded: JUNOS MAC/privcheck (mac_privcheck)
Security policy loaded: Junos MAC/fips (mac_fips)
MAC/veriexec fingerprint module loaded: SHA256
MAC/veriexec fingerprint module loaded: SHA1
MADT: Forcing active-low polarity and level trigger for SCI
ioapic0 <Version 1.1> irqs 0-23 on motherboard
random: <Software, Yarrow> initialized
Initializing M/T/EX platform properties ..
rts_sysconf_ifstate_init: registerd rtcb osd: slotid 2
ofwbus0: <Open Firmware Device Tree> on motherboard
fdtio0: <FDT I/O port space> on ofwbus0
fpga0: <RE system controller> port 0x191-0x198 on fdtio0
cryptosoft0: <software crypto> on motherboard
acpi0: <INTEL 440BX> on motherboard
acpi0: Power Button (fixed)
hpet0: <High Precision Event Timer> iomem 0xfed00000-0xfed003ff on acpi0
Timecounter "HPET" frequency 14318180 Hz quality 950
cpu0: <ACPI CPU> on acpi0
attimer0: <AT timer> port 0x40-0x43 irq 0 on acpi0
Timecounter "i8254" frequency 1193182 Hz quality 0
Event timer "i8254" frequency 1193182 Hz quality 100
atrtc0: <AT realtime clock> port 0x70-0x71 irq 8 on acpi0
Event timer "RTC" frequency 32768 Hz quality 0
Timecounter "ACPI-fast" frequency 3579545 Hz quality 900
acpi_timer0: <24-bit timer at 3.579545MHz> port 0x1008-0x100b on acpi0
pcib0: <ACPI Host-PCI bridge> port 0xcf8-0xcff on acpi0
pci0: <ACPI PCI bus> on pcib0
pcib1: <ACPI PCI-PCI bridge> at device 1.0 on pci0
pci1: <ACPI PCI bus> on pcib1
gpio0: <GPIO controller> at device 7.0 on pci0
device_attach: gpio0 attach returned 6
atapci0: <Intel PIIX4 UDMA33 controller> port 0x1f0-0x1f7,0x3f6,0x170-0x177,0x376,0x1060-0x106f at device 7.1 on pci0
ata0: <ATA channel> at channel 0 on atapci0
ata1: <ATA channel> at channel 1 on atapci0
smb0: <Intel 82371AB SMB controller> port 0x1040-0x104f at device 7.3 on pci0
smb0: controller initialization failed
pci cmd reg = 0x0001, SMB host conf = 0x00
vgapci0: <VGA-compatible display> port 0x1070-0x107f mem 0xec000000-0xefffffff,0xfe000000-0xfe7fffff irq 16 at device 15.0 on pci0
vgapci0: Boot video device
pcib2: <ACPI PCI-PCI bridge> at device 17.0 on pci0
pci2: <ACPI PCI bus> on pcib2
em0: <Intel(R) PRO/1000 Legacy Network Connection 1.0.6> port 0x2000-0x203f mem 0xfd5c0000-0xfd5dffff,0xfdff0000-0xfdffffff irq 18 at device 0.0 on pci2
if_initname: em
em1: <Intel(R) PRO/1000 Legacy Network Connection 1.0.6> port 0x2040-0x207f mem 0xfd5a0000-0xfd5bffff,0xfdfe0000-0xfdfeffff irq 19 at device 1.0 on pci2
if_initname: em
pcib3: <ACPI PCI-PCI bridge> at device 21.0 on pci0
pci3: <ACPI PCI bus> on pcib3
pcib4: <ACPI PCI-PCI bridge> at device 21.1 on pci0
pci4: <ACPI PCI bus> on pcib4
pcib5: <ACPI PCI-PCI bridge> at device 21.2 on pci0
pci5: <ACPI PCI bus> on pcib5
pcib6: <ACPI PCI-PCI bridge> at device 21.3 on pci0
pci6: <ACPI PCI bus> on pcib6
pcib7: <ACPI PCI-PCI bridge> at device 21.4 on pci0
pci7: <ACPI PCI bus> on pcib7
pcib8: <ACPI PCI-PCI bridge> at device 21.5 on pci0
pci8: <ACPI PCI bus> on pcib8
pcib9: <ACPI PCI-PCI bridge> at device 21.6 on pci0
pci9: <ACPI PCI bus> on pcib9
pcib10: <ACPI PCI-PCI bridge> at device 21.7 on pci0
pci10: <ACPI PCI bus> on pcib10
pcib11: <ACPI PCI-PCI bridge> at device 22.0 on pci0
pci11: <ACPI PCI bus> on pcib11
pcib12: <ACPI PCI-PCI bridge> at device 22.1 on pci0
pci12: <ACPI PCI bus> on pcib12
pcib13: <ACPI PCI-PCI bridge> at device 22.2 on pci0
pci13: <ACPI PCI bus> on pcib13
pcib14: <ACPI PCI-PCI bridge> at device 22.3 on pci0
pci14: <ACPI PCI bus> on pcib14
pcib15: <ACPI PCI-PCI bridge> at device 22.4 on pci0
pci15: <ACPI PCI bus> on pcib15
pcib16: <ACPI PCI-PCI bridge> at device 22.5 on pci0
pci16: <ACPI PCI bus> on pcib16
pcib17: <ACPI PCI-PCI bridge> at device 22.6 on pci0
pci17: <ACPI PCI bus> on pcib17
pcib18: <ACPI PCI-PCI bridge> at device 22.7 on pci0
pci18: <ACPI PCI bus> on pcib18
pcib19: <ACPI PCI-PCI bridge> at device 23.0 on pci0
pci19: <ACPI PCI bus> on pcib19
pcib20: <ACPI PCI-PCI bridge> at device 23.1 on pci0
pci20: <ACPI PCI bus> on pcib20
pcib21: <ACPI PCI-PCI bridge> at device 23.2 on pci0
pci21: <ACPI PCI bus> on pcib21
pcib22: <ACPI PCI-PCI bridge> at device 23.3 on pci0
pci22: <ACPI PCI bus> on pcib22
pcib23: <ACPI PCI-PCI bridge> at device 23.4 on pci0
pci23: <ACPI PCI bus> on pcib23
pcib24: <ACPI PCI-PCI bridge> at device 23.5 on pci0
pci24: <ACPI PCI bus> on pcib24
pcib25: <ACPI PCI-PCI bridge> at device 23.6 on pci0
pci25: <ACPI PCI bus> on pcib25
pcib26: <ACPI PCI-PCI bridge> at device 23.7 on pci0
pci26: <ACPI PCI bus> on pcib26
pcib27: <ACPI PCI-PCI bridge> at device 24.0 on pci0
pci27: <ACPI PCI bus> on pcib27
pcib28: <ACPI PCI-PCI bridge> at device 24.1 on pci0
pci28: <ACPI PCI bus> on pcib28
pcib29: <ACPI PCI-PCI bridge> at device 24.2 on pci0
pci29: <ACPI PCI bus> on pcib29
pcib30: <ACPI PCI-PCI bridge> at device 24.3 on pci0
pci30: <ACPI PCI bus> on pcib30
pcib31: <ACPI PCI-PCI bridge> at device 24.4 on pci0
pci31: <ACPI PCI bus> on pcib31
pcib32: <ACPI PCI-PCI bridge> at device 24.5 on pci0
pci32: <ACPI PCI bus> on pcib32
pcib33: <ACPI PCI-PCI bridge> at device 24.6 on pci0
pci33: <ACPI PCI bus> on pcib33
pcib34: <ACPI PCI-PCI bridge> at device 24.7 on pci0
pci34: <ACPI PCI bus> on pcib34
acpi_acad0: <AC Adapter> on acpi0
atkbdc0: <Keyboard controller (i8042)> port 0x60,0x64 irq 1 on acpi0
atkbd0: <AT Keyboard> irq 1 on atkbdc0
atkbd0: [GIANT-LOCKED]
isab0: <ACPI Generic ISA bridge> on acpi0
isa0: <ISA bus> on isab0
uart0: <16550 or compatible> port 0x3f8-0x3ff irq 4 on acpi0
uart0: console (9600,n,8,1)
uart0: [GIANT-LOCKED]
uart1: <16550 or compatible> port 0x2f8-0x2ff irq 3 on acpi0
uart1: [GIANT-LOCKED]
orm0: <ISA Option ROMs> at iomem 0xc0000-0xc7fff,0xc8000-0xc8fff,0xc9000-0xc9fff,0xdc000-0xdffff,0xe0000-0xe7fff on isa0
jnx_product_set_vplatform: vchassis_type is 161
VPlatform: Setting product model to unknown for product type 161
virtual chassis member-id = 255
virtual chassis mode      = 0
virtual chassis fpc-slots = 255
virtual chassis effective fpc-slots = 12
virtual chassis ifstate revert      = 1
Initializing product: 161 ..
Setting up M/T interface operations and attributes
acpi_throttle0: <ACPI CPU Throttling> on cpu0
platform_set_re_misc_properties_common: vm_guest=4
platform_set_re_misc_properties_common: vm_retype: 'RE-VMX'
platform_set_re_misc_properties_common: renaming em0 -> fxp0
md0: Preloaded image </packages/sets/active/boot/os-kernel/contents.izo> 7774208 bytes at 0xffffffff80af4fa8
random: unblocking device.
Timecounters tick every 1.000 msec
 Loading Redundant LT driver
Registered AMT tunnel Encap with UDP Tunnel!
###PCB Group initialized for udppcbgroup
###PCB Group initialized for tcppcbgroup
rts_init: registered inrtsock osd: slotid 3
ada0 at ata0 bus 0 scbus0 target 0 lun 0
ada0: <VMware Virtual IDE Hard Drive 00000001> ATA-4 device
ada0: Serial Number 00000000000000000001
ada0: 33.300MB/s transfers (UDMA2, PIO 32768bytes)
ada0: 25601MB (52430848 512 byte sectors: 15H 63S/T 16383C)
ada0: Previously was known as ad0
ada1 at ata0 bus 0 scbus0 target 1 lun 0
ada1: <VMware Virtual IDE Hard Drive 00000001> ATA-4 device
ada1: Serial Number 01000000000000000001
ada1: 33.300MB/s transfers (UDMA2, PIO 32768bytes)
ada1: 6142MB (12578958 512 byte sectors: 16H 63S/T 12479C)
ada1: Previously was known as ad1
ada2 at ata1 bus 0 scbus1 target 1 lun 0
ada2: <VMware Virtual IDE Hard Drive 00000001> ATA-4 device
ada2: Serial Number 11000000000000000001
ada2: 33.300MB/s transfers (UDMA2, PIO 32768bytes)
ada2: 16MB (32768 512 byte sectors: 16H 63S/T 32C)
ada2: Previously was known as ad3
cd0 at ata1 bus 0 scbus1 target 0 lun 0
cd0: <NECVMWar VMware IDE CDR10 1.00> Removable CD-ROM SCSI-0 device
cd0: Serial Number 10000000000000000001
cd0: 33.300MB/s transfers (UDMA2, ATAPI 12bytes, PIO 65534bytes)
cd0: Attempt to query device size failed: NOT READY, Medium not present
cd0: quirks=0x40<RETRY_BUSY>
Timecounter "TSC-low" frequency 1149999000 Hz quality 1000
Kernel thread "wkupdaemon" (pid 19) exited prematurely.
Trying to mount root from cd9660:/dev/md0.uzip []...


root@vMX-125> show system storage no-forwarding

Filesystem              Size       Used      Avail  Capacity   Mounted on
/dev/md0.uzip            20M        20M         0B      100%  /
devfs                   1.0K       1.0K         0B      100%  /dev
/dev/gpt/junos           20G       1.4G        17G        7%  /.mount
devfs                   1.0K       1.0K         0B      100%  /.mount/dev
/dev/md1.uzip            22M        22M         0B      100%  /.mount/packages/mnt/os-libs-10
/dev/md2.uzip            21M        21M         0B      100%  /.mount/packages/mnt/os-runtime
tmpfs                   3.4G        20K       3.4G        0%  /.mount/tmp
procfs                  4.0K       4.0K         0B      100%  /.mount/proc
/dev/ada1s1e            302M        24K       278M        0%  /.mount/config
/dev/ada1s1f            5.5G        34M       5.1G        1%  /.mount/var
/dev/md3.uzip           1.3M       1.3M         0B      100%  /.mount/packages/mnt/os-zoneinfo64-12bc9515
/dev/md4.uzip            15M        15M         0B      100%  /.mount/packages/mnt/junos-net
/dev/md5.uzip            23M        23M         0B      100%  /.mount/packages/mnt/junos-modules64-c5c7df84
/dev/md6.uzip            18M        18M         0B      100%  /.mount/packages/mnt/os-libs-compat32-10
/dev/md7.uzip           490K       490K         0B      100%  /.mount/packages/mnt/os-compat32
/dev/md8.uzip            43M        43M         0B      100%  /.mount/packages/mnt/junos-libs-compat32
/dev/md9.uzip           838M       838M         0B      100%  /.mount/packages/mnt/junos-runtime32-b47eb88f
/packages/mnt/junos-libs-compat32/usr/lib32        43M        43M         0B  100%  /.mount/packages/mnt/junos-runtime32-b47eb88f/web-api/libs/junos
/packages/mnt/os-libs-compat32-10/usr/lib32        18M        18M         0B  100%  /.mount/packages/mnt/junos-runtime32-b47eb88f/web-api/libs/os
/packages/mnt/os-compat32/libexec       490K       490K         0B  100%  /.mount/packages/mnt/junos-runtime32-b47eb88f/web-api/libexec
/var/jails/rest-api       5.5G        34M       5.1G      1%  /.mount/packages/mnt/junos-runtime32-b47eb88f/web-api/var
/dev/md10               571M       571M         0B      100%  /.mount/packages/mnt/jsim-pfe32-e050c9ac
/dev/md11.uzip           12M        12M         0B      100%  /.mount/packages/mnt/py-base32-a4849895
/dev/md12.uzip          6.8M       6.8M         0B      100%  /.mount/packages/mnt/os-crypto
/dev/md13.uzip           45M        45M         0B      100%  /.mount/packages/mnt/junos-platform
/dev/md14.uzip          5.8M       5.8M         0B      100%  /.mount/packages/mnt/junos-libs
/dev/md15.uzip           19M        19M         0B      100%  /.mount/packages/mnt/junos-dp-crypto-support-mtx32-116b535d
/dev/md16.uzip           81M        81M         0B      100%  /.mount/packages/mnt/junos-daemons64-db7f0fc9
/dev/md17.uzip           74M        74M         0B      100%  /.mount/packages/mnt/jpfe-common32-d2c5b4e2
/dev/md18.uzip           11M        11M         0B      100%  /.mount/packages/mnt/jdocs32-86fe94b1
/dev/md19.uzip           14M        14M         0B      100%  /.mount/packages/mnt/fips-mode32-18ca39f2
tmpfs                   336M        17M       319M        5%  /.mount/mfs


root@vMX-125> show system virtual-memory no-forwarding

         Type InUse MemUse HighUse Requests  Size(s)
         kenv    67    11K       -      146  16,32,64,128,256,8192
       kqueue    41    35K       -       75  16,64,256,512,2048
         proc        procK       -     args  74
        hhook    16     3K       -       24  16,32,256
      ithread    74    12K       -       74  32,128,256
      ata_pci     1     1K       -        1  64
       KTRACE   100    13K       -      100  128
     acpitask     1    16K       -        1  16384
       linker  1289 10548K       -     1974  16,32,64,128,256,512,1024,2048,4096,8192,16384,32768,65536
        lockf   190    20K       -   132814  64,128
   loginclass     3     1K       -      134  128
   CAM periph    10     3K       -       21  16,32,64,128,256
       ip6ndp     0     0K       -        2
         temp 26829   927K       -    63615  16,32,64,128,256,512,1024,2048,4096,8192,16384
       devbuf  1250  1097K       -     1298  16,32,64,128,256,512,1024,2048,4096,8192,32768
       module   346    44K       -      346  128
       kbdmux     6    22K       -        6  16,512,1024,2048,16384
     mtx_pool     2    16K       -        2  8192
     netstack     1     1K       -        1  16
        vtbuf    24  1968K       -       46  4096
           vt    11     6K       -       11  512
          osd   606    10K       -     7405  16,32
          LED     4     1K       -        4  16,128
     pmchooks     1     1K       -        1  128
      md_disk    20    40K       -       20  2048
      subproc   245   536K       -     4907  512,4096
         proc     2     2K       -        2  1024
      session     9     3K       -      184  256
         pgrp     9     2K       -      188  128
         cred   116    19K       -    48570  64,256
      uidinfo     2     1K       -       14  128,256
       plimit    26     7K       -      223  256
     openfirm     5     1K       -        6  16
      acpisem    33     5K       -       33  128
CAM dev queue     3     1K       -        3  64
    CAM queue    10     4K       -       17  16,32,512
    sysctltmp     0     0K       -     5317  16,32,64,256
    sysctloid 58315  2845K       -    76281  16,32,64,128
       sysctl     0     0K       -   129208  16,32,64,128,512
       DEVFS1   149    75K       -      154  512
      tidhash     1     2K       -        1  2048
      callout     2  1416K       -        2
         umtx   342    43K       -      342  128
     p1003.1b     1     1K       -        1  16
         SWAP     2   413K       -        2  64
       DEVFS3   287    72K       -      298  256
          bus         busK       -       sc  100
          bus  1197   208K       -     4220  16,32,64,128,256,512,1024
      devstat    28    57K       -       28  32,4096
 eventhandler    97     8K       -       97  64,128
       DEVFS2   149     3K       -      151  16
         kobj   158   632K       -      291  4096
          Per         PerK       -      cpu  1
        DEVFS    33     1K       -       34  16,128
       DEVFSP     0     0K       -        4  64
         rman   562    60K       -      888  32,128
         sbuf     1     1K       -     9021  16,32,64,128,256,512,1024,2048,4096,8192,16384,32768,65536
  nullfs_node     4     1K       -        4  64
    taskqueue    23     4K       -       23  16,32,256
     terminal    11     3K       -       11  256
       Unitno    14     1K       -     6386  32,64
         vmem     3   138K       -        6  128,2048,4096,8192,65536
          iov     1     1K       -   252325  16,32,64,128,256,512
       select    83    11K       -       83  128
     ioctlops     0     0K       -     2676  512,2048
          msg     4    30K       -        4  2048,4096,8192,16384
          sem     4   106K       -        4  2048,4096
          shm    14   168K       -       43  8192,65536
          tty    14    14K       -       16  1024
          pts     0     0K       -        2  256
     mbuf_tag     0     0K       -        9  32,64
        shmfd    34    23K       -       83  64,256,1024,8192
  nullfs_hash     1   512K       -        1
          pcb   475   199K       -     1037  16,32,64,128,512,1024,2048,4096
       soname   170    20K       -    41547  16,32,64,128
       biobuf   299   309K       -     1118  1024,2048
     vfscache     1  1024K       -        1
   cl_savebuf     0     0K       -       49  64,128,256
     vfs_hash     1   512K       -        1
 nullfs_mount     4     1K       -        4  32
       vnodes     1     1K       -        1  256
    pfs_nodes    21     6K       -       21  256
        mount   414    21K       -      509  16,32,64,128,256,4096
  pfs_vncache    75     5K       -     1837  64
  vnodemarker     0     0K       -     3145  512
    ufs_mount     9    24K       -        9  512,2048,4096,8192
    vm_pgdata     2   257K       -        2  128
   tmpfs name   166     4K       -      390  16,32,64
       OAMCTL     0     0K       -        4  64
  tmpfs mount     2     1K       -        2  128
     CAM path    11     1K       -       46  32
      CAM CCB     0     0K       -   193002  2048
      memdesc     1     4K       -        1  4096
      scsi_cd     0     0K       -        7  16
         GEOM   536    85K       -     3670  16,32,64,128,256,512,1024,2048,8192
     atkbddev     1     1K       -        1  64
      CAM DEV     7    14K       -        8  2048
      acpidev    66     5K       -       66  64
      CAM XPT    30     2K       -      211  16,32,64,128,256,512,1024,2048,65536
      entropy  1026    65K       -     1538  32,64,4096
      CAM SIM     3     1K       -        3  256
         UART     8    23K       -        8  16,1024,2048,8192
       apmdev     1     1K       -        1  128
    geom_uzip    57  1056K       -  2349240  64,128,256,512,1024,2048,4096,8192,16384,32768,65536
   madt_table     0     0K       -        1  4096
       isadev     1     1K       -        1  128
   isofs_node  2562   641K       -     2562  256
  isofs_mount    20     5K       -       20  256
  ddb_capture     1    64K       -        1  65536
     pci_link     8     1K       -        8  64,128
     acpiintr     1     1K       -        1  64
      io_apic     1     2K       -        1  2048
       acpica  8274   765K       -    79087  16,32,64,128,256,512,1024,2048
         cdev     4     1K       -        4  256
          MCA     1     1K       -        1  128
     nexusdev     5     1K       -        5  16
     filecaps     0     0K       -        2  128
        sigio     1     1K       -        2  64
     filedesc   141   329K       -     4913  16,2048,4096,8192
      kdtrace   284    49K       -     4948  64,256
       rtable   137    23K       -      148  16,32,128,512,1024
      ifmaddr    57     2K       -       57  32
         ipfw    50    27K       -      105  16,32,64,128,256,512,1024,2048,4096
       ifstat   999  2747K       -     1069  16,32,64,512,4096,8192
     ifdevice    14     5K       -       14  16,2048
       rcache     4    16K       -        4  4096
        rnode    63     3K       -       77  32
      metrics     5     2K       -       16
    rtnexthop   152    31K       -      152  512
     iffamily    36     7K       -       36  16
    iflogical    22    11K       -       22  16,512,1024
       crypto     1     1K       -        1  512
        jlock    74    17K       -      579
          DDI     2     1K       -        2
gresstatevarlog     1    96K       -        1
      ibitmap     8    67K       -       12  16,32,256,1024,8192,32768
  ifl_idx_mgr     3     1K       -        3  16,32
JFE statistics     9     2K       -        9
        jlist     1     1K       -        1
     ifa_list     8     1K       -        8  16
          STP    37     9K       -       37  16,128,512
     syncache     1    16K       -        1  16384
vpls_lc_instance     1     4K       -        1 4096
     tlv_stat     0     0K       -      194  16384
nhack_info_entries     3     1K       -        3 32
         ddos     7   283K       -        7  32,64,512,2048,65536
shared_bitvector     3     1K       -        3
Bridge Domain     2     1K       -        2  32,512
        devrt     7    35K       -        7  64,512,2048,32768
 ifl_tlv_info     3     1K       -        3  16
   ifl_st_ctl     2     1K       -        2  16
         mesh        meshK       -    group  4
InterFaceBridgeDomain     1     1K       -        1
       rtsmsg     0     0K       -       15  4096,16384
          idl     1     8K       -       75  16,512,8192,16384
          jsr     2     1K       -        6  32
       gencfg   327    46K       -      384  16,32,64,512,1024,2048,4096
      pfestat   132    30K       -     1697  16,64,512,2048,4096
          pic     4     2K       -        4  32,128,256,1024
           lr     1     4K       -        1  4096
     itable64     1     1K       -        1  128
     itable32   538    43K       -      538
     itable16   722   201K       -      734  512
     ifstrace  1207   160K       -     1207  64,128,512
      ifstate  3990   217K       -     8532  16,32,64,128,512,2048,32768
      pfe_ipc     0     0K       -     2453  16,32,64,512,1024,2048,4096
         mkey   532    17K       -     6793  32,128
       ifaddr    31     3K       -       31  32
       sysctl    22     6K       -       52  256,512,1024,2048
  Export Host     2     2K       -        2  1024
  inpcbpolicy   111     4K       -      254  32
  ipsecpolicy   222    56K       -      508  256
      solaris 365248 18800K       -   365291 16,32,64,128,256,512,1024,2048,4096,8192,16384,32768,65536
       cyclic     4     1K       -        4  16,64,128
          fbt 83394 10681K       -    83394  128
         KATS     0     0K       -       11  16,32,64,128
          rpc     7     9K       -       23  32,64,256,512,8192
          SDT    20     1K       -       20  16,64
ITEM            SIZE     LIMIT     USED    FREE  REQUESTS
UMA Kegs:        384,        0,     107,      3,      107
UMA Zones:       768,        0,     107,      3,      107
UMA Slabs:        80,        0,    1840,     10,     1913
UMA RCntSlabs:    88,        0,     529,     11,      529
UMA Hash:        256,        0,       8,      7,        8
4 Bucket:         32,        0,      60,    315,     5442
6 Bucket:         48,        0,       0,      0,        0
8 Bucket:         64,        0,      57,    253,     6051
12 Bucket:        96,        0,       5,    159,       48
16 Bucket:       128,        0,      11,    144,      135
32 Bucket:       256,        0,      14,     61,      239
64 Bucket:       512,        0,      48,     48,     1383
128 Bucket:     1024,        0,      24,     16,     2088
256 Bucket:     2048,        0,      27,      3,     1690
vmem btag:        56,        0,   13843,    428,    22370
VM OBJECT:       256,        0,    5908,     77,    99609
RADIX NODE:      144,        0,   32682,    366,   221984
MAP:             240,        0,       3,     61,        3
KMAP ENTRY:      128,        0,      74,     81,       74
MAP ENTRY:       128,        0,    5088,    182,   349657
VMSPACE:         448,        0,      74,     16,     4903
fakepg:          104,        0,      16,    136,       32
mt_zone:        4112,        0,     343,      0,      343
16:               16,        0,  223394,    498,   328478
32:               32,        0,  125672,     78,   201656
64:               64,        0,   17855,    125,  1830601
128:             128,        0,  188127,    136,   771888
256:             256,        0,    4019,     76,   175178
512:             512,        0,    1171,     21,    32289
1024:           1024,        0,     535,     13,    26791
2048:           2048,        0,     374,      6,   335824
4096:           4096,        0,     855,      5,    49876
8192:           8192,        0,     254,     19,    36487
16384:         16384,        0,      66,     13,    66996
32768:         32768,        0,      25,      4,    55206
65536:         65536,        0,      20,      4,      611
SLEEPQUEUE:       80,        0,     172,    107,      172
64 pcpu:           8,        0,       3,    253,        3
Files:            80,        0,    1043,    107,   288859
TURNSTILE:       136,        0,     172,     28,      172
rl_entry:         40,        0,     105,    195,      105
umtx pi:          96,        0,       0,      0,        0
Junos 48:         48,        0,     221,    111,      678
Junos 80:         80,        0,     709,     41,      823
Junos 96:         96,        0,     131,    156,      215
Junos 120:       120,        0,     590,     37,      625
Junos 160:       160,        0,     583,     42,     3275
Junos 176:       176,        0,     105,     27,      131
Junos 208:       208,        0,     329,     51,      407
Junos 232:       232,        0,     708,     40,     1237
Junos 240:       240,        0,       9,     55,       18
Junos 296:       296,        0,     130,     26,      573
jsocket:          48,        0,     530,    300,     6790
MAC labels:       40,        0,    4969,    131,     7257
PROC:           1304,        0,     117,      9,     4779
THREAD:         1256,        0,     165,      6,      167
cpuset:           72,        0,      77,     88,       78
mbuf_packet:     256,   803130,     512,    247,   147690
mbuf:            256,   803130,     181,    335,   382723
mbuf_cluster:   2048,   125488,     762,    268,    19721
mbuf_jumbo_page:  4096,    62744,       4,     10,      453
mbuf_jumbo_9k:  9216,    18590,       0,      0,        0
mbuf_jumbo_16k: 16384,    10457,       0,      0,        0
mbuf_ext_refcnt:     4,        0,       0,    502,       15
g_bio:           248,        0,       0,    928,   930587
ttyinq:          160,        0,      30,     45,      120
ttyoutq:         256,        0,      16,     59,       64
ata_request:     336,        0,       0,     33,   192817
cryptop:          88,        0,       0,      0,        0
cryptodesc:       72,        0,       0,      0,        0
vtnet_tx_hdr:     24,        0,       0,      0,        0
FPU_save_area:   832,        0,       0,      0,        0
GENCFG:          120,  2000031,      95,     37,       95
VNODE:           472,        0,    4937,     23,     7170
VNODEPOLL:       112,        0,       0,      0,        0
BUF TRIE:        144,        0,    1086,  12468,   107500
S VFS Cache:     108,        0,    4723,     37,    12362
STS VFS Cache:   148,        0,       0,      0,        0
L VFS Cache:     328,        0,      68,     28,       97
LTS VFS Cache:   368,        0,       0,      0,        0
NAMEI:          1024,        0,       0,     16,   382349
Mountpoints:     816,        0,      32,      8,       32
pipe:            744,        0,      52,     13,     3604
ksiginfo:        112,        0,     118,    932,      447
itimer:          352,        0,       0,      0,        0
KNOTE:           128,        0,     249,    154,   146219
socket:          736,    64425,     530,     20,     6790
unpcb:           240,    64432,     269,     51,     6028
ipq:              72,      990,       0,      0,        0
udp_inpcb:       392,    64430,      31,     29,       98
tcp_inpcb:       392,    64430,      74,     16,      150
tcpcb:          1160,    64425,      73,      8,      150
sackhole:         32,        0,       0,    375,       21
tcptw:            96,     8200,       1,    163,       20
syncache:        176,    15378,       0,     66,       48
tcpreass:         40,     7900,       0,    300,        2
ripcb:           392,    64430,       7,     23,        7
selfd:            56,        0,     480,     88,  6500882
SWAPMETA:        288,   250978,       0,      0,        0
FFS inode:       168,        0,    2050,     43,     2400
FFS1 dinode:     128,        0,    2050,     89,     2400
FFS2 dinode:     256,        0,       0,      0,        0
TMPFS dirent:     64,        0,       6,    304,       62
TMPFS node:      232,        0,       7,     61,       63
TMPFS dirent:     64,        0,     160,    150,      217
TMPFS node:      232,        0,     161,     26,      218
cyclic_id_cache:    64,        0,       0,      0,        0
dtrace_state_cache:  4096,        0,       0,      0,        0
taskq_zone:       48,        0,       0,      0,        0
  5796263 cpu context switches
   429815 device interrupts
  2011357 software interrupts
  1011619 traps
  5774621 system calls
       45 kernel threads created
     3739  fork() calls
      995 vfork() calls
        0 rfork() calls
        0 swap pager pageins
        0 swap pager pages paged in
        0 swap pager pageouts
        0 swap pager pages paged out
    54798 vnode pager pageins
    54798 vnode pager pages paged in
       80 vnode pager pageouts
      696 vnode pager pages paged out
        0 page daemon wakeups
   856212 pages examined by the page daemon
        0 pages reactivated
   325882 copy-on-write faults
       37 copy-on-write optimized faults
   404929 zero fill pages zeroed
      419 zero fill pages prezeroed
       40 intransit blocking page faults
   851689 total VM faults taken
    54392 page faults requiring I/O
        0 pages affected by kernel thread creation
  9691133 pages affected by  fork()
  2589216 pages affected by vfork()
        0 pages affected by rfork()
  1192837 pages freed
        0 pages freed by daemon
   635429 pages freed by exiting process
    57199 pages active
   306437 pages inactive
        0 pages in VM cache
    40447 pages wired down
    97869 pages free
     4096 bytes per page
  1073884 total name lookups
           cache hits (95% pos + 3% neg) system 0% per-directory
           deletions 0%, falsehits 0%, toolong 0%
interrupt                          total       rate
irq1: atkbd0                           2          0
irq4: uart0                            3          0
irq14: ata0                       190754         31
irq15: ata1                         4087          0
irq18: em0                          6743          1
irq19: em1                        228226         37
cpu0:timer                       1029319        169
Total                            1459134        240
vm.kmem_map_free: 2029596672


root@vMX-125> show system buffer no-forwarding

netstat: kern.ipc.mbstat: No such file or directory
527/748/1275 mbufs in use (current/cache/total)
515/515/1030/125488 mbuf clusters in use (current/cache/total/max)
512/247 mbuf+clusters out of packet secondary zone in use (current/cache)
11/3/14/62744 4k (page size) jumbo clusters in use (current/cache/total/max)
0/0/0/18590 9k jumbo clusters in use (current/cache/total/max)
0/0/0/10457 16k jumbo clusters in use (current/cache/total/max)
1205K/1229K/2434K bytes allocated to network (current/cache/total)
0/0/0 requests for mbufs denied (mbufs/clusters/mbuf+clusters)
0/0/0 requests for jumbo clusters denied (4k/9k/16k)


root@vMX-125> show system queues no-forwarding

output interface            bytes          max  packets      max    drops
lsi                             0        12500        0       41        0
dsc                             0            0        0        0        0
lo0                             0            0        0        0        0
fxp0                            0     12500000        0    41666        0
em1                             0     12500000        0    41666        0
gre                             0        12500        0       41        0
ipip                            0        12500        0       41        0
tap                             0            0        0        0        0
pime                            0        12500        0       41        0
pimd                            0        12500        0       41        0
mtun                            0        12500        0       41        0
demux0                          0            0        0        0        0
cbp0                            0     12500000        0    41666        0
pip0                            0     12500000        0    41666        0
pp0                             0       125000        0      416        0
irb                             0     12500000        0    41666        0
vtep                            0     12500000        0    41666        0
esi                             0     12500000        0    41666        0
jsrv                            0     12500000        0    41666        0
lc-0/0/0                        0            0        0        0        0
pfh-0/0/0                       0            0        0        0        0
pfe-0/0/0                       0            0        0        0        0
ge-0/0/0                        0      1250000        0     4166        0
ge-0/0/1                        0      1250000        0     4166        0
ge-0/0/2                        0      1250000        0     4166        0
ge-0/0/3                        0      1250000        0     4166        0
ge-0/0/4                        0      1250000        0     4166        0
ge-0/0/5                        0      1250000        0     4166        0
ge-0/0/6                        0      1250000        0     4166        0
ge-0/0/7                        0      1250000        0     4166        0
ge-0/0/8                        0      1250000        0     4166        0
ge-0/0/9                        0      1250000        0     4166        0
input protocol              bytes          max  packets      max    drops
splfwdq                         0      1000000        0     1000        0
splnetq                         0      1000000        0     1000        0
arpintrq                        0         3000        0       50        0
optionq                         0       200000        0      200        0
icmpq                           0        50000        0       50        0
frlmiq                          0            0        0        0        0
spppintrq                       0        25000        0     1000        0
atmctlpktq                      0            0        0        0        0
atmoamq                         0            0        0        0        0
tnpintrq                        0      1250000        0     4166        0
tagintrq                        0       200000        0      200        0
tagfragq                        0       200000        0      200        0


root@vMX-125> show system statistics no-forwarding

Tcp:
         60941 packets sent
                 5271 data packets (1846305 bytes)
                 2 data packets retransmitted (1400 bytes)
                 0 resends initiated by MTU discovery
                 54848 ack only packets (6629 packets delayed)
                 0 URG only packets
                 0 window probe packets
                 753 window update packets
                 1261 control packets
         111104 packets received
                 4569 acks(for 1844716 bytes)
                 95636 duplicate acks
                 0 acks for unsent data
                 9735  packets received in-sequence(3896226 bytes)
                 47108 completely duplicate packets(36 bytes)
                 8 old duplicate packets
                 8 packets with some duplicate data(688 bytes duped)
                 2 out-of-order packets(96 bytes)
                 0 packets of data after window(0 bytes)
                 0 window probes
                 256 window update packets
                 0 packets received after close
                 0 discarded for bad checksums
                 0 discarded for bad header offset fields
                 0 discarded because packet too short
         36 connection requests
         48 connection accepts
         1 bad connection attempts
         0 listen queue overflows
         63 connections established (including accepts)
         76 connections closed (including 2 drops)
                 7 connections updated cached RTT on close
                 7 connections updated cached RTT variance on close
                 1 connections updated cached ssthresh on close
         20 embryonic connections dropped
         4555 segments updated rtt(of 1303 attempts)
         2 retransmit timeouts
                 0 connections dropped by retransmit timeout
         0 persist timeouts
                 0 connections dropped by persist timeout
         48489 keepalive timeouts
                 48489 keepalive probes sent
                 0 connections dropped by keepalive
         636 correct ACK header predictions
         9126 correct data packet header predictions
         48 syncache entries added
                 0 retransmitted
                 0 dupsyn
                 0 dropped
                 48 completed
                 0 bucket overflow
                 0 cache overflow
                 0 reset
                 0 stale
                 0 aborted
                 0 badack
                 0 unreach
                 0 zone failures
         0 cookies sent
         0 cookies received
         1 SACK recovery episodes
         1 segment retransmits in SACK recovery episodes
         1348 byte retransmits in SACK recovery episodes
         50 SACK options (SACK blocks) received
         1 SACK options (SACK blocks) sent
         0 SACK scoreboard overflow
         0 ACKs sent in response to in-window but not exact RSTs
         0 ACKs sent in response to in-window SYNs on established connections
         0 rcv packets dropped by TCP due to bad address
         0 out-of-sequence segment drops due to insufficient memory
         1194 RST packets
         0 ICMP packets ignored by TCP
         0 send packets dropped by TCP due to auth errors
         0 rcv packets dropped by TCP due to auth errors
         0 outgoing segments dropped due to policing
udp:
         978 datagrams received
         0 with incomplete header
         0 with bad data length field
         0 with bad checksum
         117 dropped due to no socket
         99 broadcast/multicast datagrams dropped due to no socket
         474 dropped due to full socket buffers
         0 not for hashed pcb
         288 delivered
         1 datagrams output
ip:
         116724 total packets received
         0 bad header checksums
         0 with size smaller than minimum
         0 with data size < data length
         0 with header length < data size
         0 with data length < header length
         0 with incorrect version number
         0 packets destined to dead next hop
         0 fragments received
         0 fragments dropped (dup or out of space)
         0 fragments dropped (queue overflow)
         0 fragments dropped after timeout
         0 fragments dropped due to over limit
         0 packets reassembled ok
         118033 packets for this host
         0 packets for unknown/unsupported protocol
         0 packets forwarded
         0 packets not forwardable
         0 redirects sent
         116594 packets sent from this host
         0 packets sent with fabricated ip header
         0 output packets dropped due to no bufs
         4 output packets discarded due to no route
         0 output datagrams fragmented
         0 fragments created
         0 datagrams that can't be fragmented
         0 packets with bad options
         0 packets with options handled without error
         0 strict source and record route options
         0 loose source and record route options
         0 record route options
         0 timestamp options
         0 timestamp and address options
         0 timestamp and prespecified address options
         0 option packets dropped due to rate limit
         0 router alert options
         0 multicast packets dropped (no iflist)
         0 packets dropped (src and int don't match)
         0 transit re packets dropped on mgmt i/f
         0 packets used first nexthop in ecmp unilist
         0 incoming ttpoip packets received
         0 incoming ttpoip packets dropped
         0 outgoing TTPoIP packets sent
         0 outgoing TTPoIP packets dropped
         0 raw packets dropped. no space in socket recv buffer
         0 packets consumed by virtual-node processing
icmp:
         0 drops due to rate limit
         18 calls to icmp_error
         0 errors not generated because old message was icmp
         Output Histogram
                 5951 echo reply
                 18 destination unreachable
         0 messages with bad code fields
         0 messages less than the minimum length
         0 messages with bad checksum
         0 messages with bad source address
         0 messages with bad length
         0 echo drops with broadcast or multicast destinaton address
         0 timestamp drops with broadcast or multicast destination address
         Input Histogram
                 5951 echo
         5951 message responses generated
igmp:
         0 messages received
         0 messages received with too few bytes
         0 messages received with bad checksum
         0 membership queries received
         0 membership queries received with invalid fields
         0 membership reports received
         0 membership reports received with invalid fields
         0 membership reports received for groups to which we belong
         0 Membership reports sent
ipsec:
         0 inbound packets violated process security policy
         0 Outbound packets violated process security policy
         0 outbound packets with no SA available
         0 outbound packets failed due to insufficient memory
         0 outbound packets with no route
         0 invalid outbound packets
         0 Outbound packets with bundles SAs
         0 mbuf coleasced during clone
         0 Cluster coalesced during clone
         0 Cluster copied during clone
         0 mbuf inserted during makespace
ah:
         0 packets shorter than header shows
         0 packets dropped protocol unsupported
         0 packets dropped no TDB
         0 packets dropped bad KCR
         0 packets dropped queue full
         0 packets dropped no transform
         0 replay counter wrap
         0 packets dropped bad authentication detected
         0 packets dropped bad authentication length
         0 possible replay packets detected
         0 packets in
         0 packets out
         0 packets dropped invalid TDB
         0 bytes in
         0 bytes out
         0 packets dropped larger than maxpacket
         0 packets blocked due to policy
         0 crypto processing failure
         0 tunnel sanity check failures
esp:
         0 packets shorter than header shows
         0 packets dropped protocol not supported
         0 packets dropped no TDB
         0 packets dropped bad KCR
         0 packets dropped queue full
         0 packets dropped no transform
         0 packets dropped bad ilen
         0 replay counter wrap
         0 packets dropped bad encryption detected
         0 packets dropped bad authentication detected
         0 possible replay packets detected
         0 packets in
         0 packets out
         0 packets dropped invalid TDB
         0 bytes in
         0 bytes out
         0 packets dropped larger than maxpacket
         0 packets blocked due to policy
         0 crypto processing failure
         0 tunnel sanity check failures
ipcomp:
         0 packets shorter than header shows
         0 packets dropped protocol not supported
         0 packets dropped no TDB
         0 packets dropped bad KCR
         0 packets dropped queue full
         0 packets dropped no transform
         0 replay counter wrap
         0 packets in
         0 packets out
         0 packets dropped invalid TDB
         0 bytes in
         0 bytes out
         0 packets dropped larger than maxpacket
         0 packets blocked due to policy
         0 crypto processing failure
         0 packets sent uncompressed threshold
         0 packets sent uncompressed useless
raw_if:
         0 RAW packets transmitted
         0 PPPOE packets transmitted
         0 ISDN packets transmitted
         0 DIALER packets transmitted
         0 PPP packets transmitted to pppd
         0 PPP packets transmitted to jppd
         0 IGMPL2 packets transmitted
         0 MLDL2 packets transmitted
         0 Fibre Channel packets transmitted
         0 FIP packets transmitted
         0 STP packets transmitted
         0 LACP packets transmitted
         0 VCCP packets transmitted
         0 Fabric OAM packets transmitted
         0 VCCP packets transmitted
         0 output drops due to tx error
         0 MPU packets transmitted
         0 PPPOE packets received
         0 ISDN packets received
         0 DIALER packets received
         0 PPP packets received from pppd
         0 MPU packets received
         0 PPP packets received from jppd
         0 IGMPL2 packets received
         0 MLDL2 packets received
         0 Fibre Channel packets received
         0 FIP packets received
         0 STP packets received
         0 LACP packets received
         0 VCCP packets received
         0 Fabric OAM packets received
         0 VCCP packets received
         0 Fibre Channel packets dropped
         0 FIP packets dropped
         0 STP packets dropped
         0 LACP packets dropped
         0 Fabric OAM packets dropped
         0 VCCP packets dropped
         0 Input drops due to bogus protocol
         0 input drops due to no mbufs available
         0 input drops due to no space in socket
         0 input drops due to no socket
arp:
         10 datagrams received
         4 ARP requests received
         3 ARP replies received
         0 resolution request  received
         0 unrestricted proxy requests
         0 restricted proxy requests
         0 received proxy requests
         0 unrestricted proxy requests not proxied
         0 restricted proxy requests not proxied
         0 datagrams with bogus interface
         0 datagrams with incorrect length
         0 datagrams for non-IP protocol
         0 datagrams with unsupported op code
         0 datagrams with bad protocol address length
         0 datagrams with bad hardware address length
         0 datagrams with multicast source address
         0 datagrams with multicast target address
         0 datagrams with my own hardware address
         0 datagrams for an address not on the interface
         0 datagrams with a broadcast source address
         0 datagrams with source address duplicate to mine
         3 datagrams which were not for me
         0 packets discarded waiting for resolution
         0 packets sent after waiting for resolution
         8 ARP requests sent
         4 ARP replies sent
         0 requests for memory denied
         0 requests dropped on entry
         0 requests dropped during retry
         0 requests dropped due to interface deletion
         0 requests on unnumbered interfaces
         0 new requests on unnumbered interfaces
         0 replies for from unnumbered interfaces
         0 requests on unnumbered interface with non-subnetted donor
         0 replies from unnumbered interface with non-subnetted donor
         0 arp packets rejected as family is configured with deny arp
         0 arp response packets are rejected on mace icl interface
         0 arp replies are rejected as source and destination is same
         0 arp probe for proxy address reachable from the incoming interface
         0 arp request discarded for vrrp source address
         0 self arp request packet received on irb interface
         0 proxy arp request discarded as source ip is a proxy target
         0 arp packets are dropped as nexthop allocation failed
         0 arp packets received from peer vrrp rotuer and discarded
         0 arp packets are rejected as target ip arp resolve is in progress
         0 grat arp packets are ignored as mac address is not changed
         0 arp packets are dropped from peer vrrp
         0 arp packets are dropped as driver call failed
         0 arp packets are dropped as source is not validated
ip6:
         0 total packets received
         0 packets with size smaller than minimum
         0 packets with data size < data length
         0 packets with bad options
         0 packets with incorrect version number
         0 fragments received
         0 fragments dropped (dup or out of space)
         0 fragments dropped after timeout
         0 fragments that exceeded limit
         0 packets reassembled ok
         0 packets for this host
         0 packets forwarded
         0 packets not forwardable
         0 redirects sent
         8 packets sent from this host
         0 packets sent with fabricated ip header
         0 output packets dropped due to no bufs, etc.
         0 output packets discarded due to no route
         0 output datagrams fragmented
         0 fragments created
         0 datagrams that can't be fragmented
         0 packets that violated scope rules
         0 multicast packets which we don't join
         0 packets whose headers are not continuous
         0 tunneling packets that can't find gif
         0 packets discarded due to too may headers
         0 failures of source address selection
         source addresses on an outgoing I/F
                 2 link-locals
         source addresses of same scope
                 2 link-locals
         0 forward cache hit
         0 forward cache miss
         0 Packets destined to dead next hop
         0 option packets dropped due to rate limit
         0 Packets dropped (src and int don't match)
         0 packets dropped due to bad protocol
         0 transit re packet(null) dropped on mgmt i/f
 icmp6:
         0 Calls to icmp_error
         0 Errors not generated because old message was icmp error
         0 Errors not generated because rate limitation
         Output histogram:
                 6 neighbor solicitation
                 2 neighbor advertisement
         0 Messages with bad code fields
         0 Messages < minimum length
         0 Bad checksums
         0 Messages with bad length
         Histogram of error messages to be generated:
                 0 No route
                 0 Administratively prohibited
                 0 Beyond scope
                 0 Address unreachable
                 0 Port unreachable
                 0 Time exceed transit
                 0 Time exceed reassembly
                 0 Erroneous header field
                 0 Unrecognized next header
                 0 Unrecognized option
                 0 Unknown
         0 Message responses generated
         0 Messages with too many ND options
         75000 Max System ND nh cache limit
         59840 Max Public ND nh cache limit
         200 Max IRI ND nh cache limit
         14960 Max Management intf ND nh cache limit
         0 Current Public ND nexthops present
         1 Current IRI ND nexthops present
         0 Current Management ND nexthops present
         0 Total ND nexthops creation failed as limit reached
         0 Public ND nexthops creation failed as public limit reached
         0 IRI ND nexthops creation failed as iri limit reached
         0 Management ND nexthops creation failed as mgt limit reached
ipsec6:
         0 Inbound packets violated process security policy
         0 Outbound packets violated process security policy
         0 Outbound packets with no SA available
         0 Outbound packets failed due to insufficient memory
         0 Outbound packets with no route
         0 Invalid outbound packets
         0 Outbound packets with bundles SAs
         0 mbuf coleasced during clone
         0 Cluster coalesced during clone
         0 Cluster copied during clone
         0 mbuf inserted during makespace
pfkey:
         2 Requests sent from userland
         104 Bytes sent from userland
         histogram by message type:
                 1 reserved
                 1 dump
         0 Messages with invalid length field
         0 Messages with invalid version field
         0 Messages with invalid message type field
         0 Messages too short
         0 Messages with memory allocation failure
         0 Messages with duplicate extension
         0 Messages with invalid extension type
         0 Messages with invalid sa type
         0 Messages with invalid address extension
         2 Requests sent to userland
         104 Bytes sent to userland
         histogram by message type:
                 1 reserved
                 1 dump
         0 Messages toward single socket
         0 Messages toward all sockets
         0 Messages toward registered sockets
         0 Messages with memory allocation failure
clnl:
         0 Total packets received
         0 Packets delivered
         0 Too small packets
         0 Packets with bad header length
         0 Packets with bad checksum
         0 Bad version packets
         0 Unknown or unsupported protocol packets
         0 Packets with bogus sdl size
         0 No free memory in socket buffer
         0 Send packets discarded
         0 Sbappend failure
         0 Mcopy failure
         0 Address fields were not reasonable
         0 Segment information forgotten
         0 Forwarded packets
         0 Total packets sent
         0 Output packets discarded
         0 Non-forwarded packets
         0 Packets fragmented
         0 Fragments sent
         0 Fragments discarded
         0 Fragments timed out
         0 Fragmentation prohibited
         0 Packets reconstructed
         0 Packets destined to dead nexthop
         0 Packets discarded due to no route
         0 Error pdu rate drops
         0 ER pdu generation failure
esis:
         0 Total pkts received
         0 Total packets consumed by protocol
         0 Pdus received with bad checksum
         0 Pdus received with bad version number
         0 Pdus received with bad type field
         0 Short pdus received
         0 Pdus withbogus sdl size
         0 Pdus with bad header length
         0 Pdus with unknown or unsupport protocol
         0 No free memory in socket buffer
         0 Send packets discarded
         0 Sbappend failure
         0 Mcopy failure
         0 ISO family not configured
tnp:
         0 Unicast packets received
         5941 Broadcast packets received
         0 Fragmented packets received
         0 Hello packets dropped
         0 Fragments dropped
         0 Fragment reassembly queue flushes
         0 Packets with tnp src address collision received
         5941 Hello packets received
         0 Control packets received
         0 Rdp packets received
         0 Udp packets received
         0 Tunnel packets received
         0 Input packets discarded with no protocol
         0 Packets of version unspecified received
         0 Packets of version 1 received
         0 Packets of version 2 received
         5941 Packets of version 3 received
         0 Unicast packets sent
         5954 Broadcast packets sent
         0 Fragmented packets sent
         0 Hello packets dropped
         0 Fragments dropped
         5954 Hello packets sent
         0 Control packets sent
         0 Rdp packets sent
         0 Udp packets sent
         0 Tunnel packets sent
         0 Packets sent with unknown protocol
         0 Packets of version unspecified sent
         0 Packets of version 1 sent
         0 Packets of version 2 sent
         5954 Packets of version 3 sent
rdp:
         0 Input packets
         0 Packets discarded for bad checksum
         0 Packets discarded due to bad sequence number
         0 Refused connections
         0 Acks received
         0 Packets dropped due to full socket buffers
         0 Retransmits
         0 Output packets
         0 Acks sent
         0 Connects
         0 Closes
         0 Keepalives received
         0 Keepalives sent
tudp:
         0 Datagrams received
         0 Datagrams with incomplete header
         0 Datagrams with bad data length field
         0 Datagrams with bad checksum
         0 Datagrams dropped due to no socket
         0 Broadcast/multicast datagrams dropped due to no socket
         0 Datagrams dropped due to full socket buffers
         0 Delivered
         1 Datagrams output
ttp:
         0 Packets sent
         0 Packets sent while unconnected
         0 Packets sent while interface down
         0 Packets sent couldn't get buffer
         0 Packets sent couldn't find neighbor
         0 Packets sent when transmit is disable
         0 Packets sent when host unreachable
         0 L3 Packets sent could not get buffer
         0 L3 Packets dropped
         0 Packets sent with bad logical interface
         0 Packets sent with bad address family
         0 L2 packets received
         0 Unknown L3 packets received
         0 IPv4 L3 packets received
         0 MPLS L3 packets received
         0 MPLS->IPV4 L3 packets received
         0 IPv4->MPLS L3 packets received
         0 IPv6 L3 packets received
         0 ARP L3 packets received
         0 CLNP L3 packets received
         0 TNP L3 packets received
         0 NULL L3 packets received
         0 Cyclotron cycle L3 packets received
         0 Cyclotron send L3 packets received
         0 Openflow packets received
         0 Packets received while unconnected
         0 Packets received from unknown ifl
         0 Input packets couldn't get buffer
         0 Input packets with bad type
         0 Input packets with discard type
         0 Input packets with too many tlvs
         0 Input packets with bad tlv header
         0 Input packets with bad tlv type
         0 Input packets dropped based on tlv result
         0 Input packets with bad address family
         0 Input packets for which rt lookup is bypassed
mpls:
         0 Total MPLS packets received
         0 Packets forwarded
         0 Packets dropped
         0 Packets with header too small
         0 After tagging, packets can't fit link MTU
         0 Packets with IPv4 explicit NULL tag
         0 Packets with IPv4 explicit NULL cksum errors
         0 Packets with router alert tag
         0 LSP ping packets (ttl-expired/router alert)
         0 Packets with ttl expired
         0 Packets with tag encoding error
         0 Packets discarded due to no route
         0 Packets used first nexthop in ecmp unilist
ethoamlfm:
         0 total received packets
         0 input drops due to bad interface state
         0 received packets forwarded
         0 total transmitted packets
         0 sent packets
         0 output drops due to bad interface state
ethoamcfm:
         0 total received packets
         0 input drops due to bad interface state
         0 received packets forwarded
         0 total transmitted packets
         0 sent packets
         0 output drops due to bad interface state
         0 flood requests forwarded to PFE
         0 flood requests dropped
vpls:
	0 total packets received
	0 with size smaller than minimum
	0 with incorrect version number
	0 packets for this host

	0 packets with no logical interface
	0 packets with no family
	0 packets with no route table
	0 packets with no auxiliary table
	0 packets with no corefacing entry
	0 packets with no CE-facing entry

	0 mac route learning requests
	0 mac routes learnt
	0 requests to learn an existing route
	0 learning requests while learning disabled on interface
	0 learning requests over capacity
	0 mac routes moved
	0 requests to move static route

	0 mac route aging requests
	0 mac routes aged
	0 bogus address in aging requests
	0 requests to age static route
	0 requests to re-ageout aged route
	0 requests involving multiple peer FEs
	0 aging acks from PFE
	0 aging non-acks from PFE
	0 aging requests timed out waiting on FEs
	0 aging requests over max-rate
	0 errors finding peer FEs
	0 unsupported platform
	0 dropped due to no l3 route table
	0 dropped due to no local ifl
	0 packets punted
	0 dropped due to no socket
bridge:
	0 total packets received
	0 with size smaller than minimum
	0 with incorrect version number
	0 packets for this host

	0 packets with no logical interface
	0 packets with no family
	0 packets with no route table
	0 packets with no auxiliary table
	0 packets with no corefacing entry
	0 packets with no CE-facing entry

	0 mac route learning requests
	0 mac routes learnt
	0 requests to learn an existing route
	0 learning requests while learning disabled on interface
	0 learning requests over capacity
	0 mac routes moved
	0 requests to move static route

	0 mac route aging requests
	0 mac routes aged
	0 bogus address in aging requests
	0 requests to age static route
	0 requests to re-ageout aged route
	0 requests involving multiple peer FEs
	0 aging acks from PFE
	0 aging non-acks from PFE
	0 aging requests timed out waiting on FEs
	0 aging requests over max-rate
	0 errors finding peer FEs
	0 unsupported platform
	0 dropped due to no l3 route table
	0 dropped due to no local ifl
	0 packets punted
	0 dropped due to no socket


root@vMX-125> show configuration | except SECRET-DATA | display omit

## Last commit: 2017-03-16 10:02:31 UTC by root
version 15.1F6.9;
system {
    host-name vMX-125;
    root-authentication {
    }
    login {
        user jcluser {
            uid 2000;
            class super-user;
            authentication {
            }
        }
    }
    services {
        ssh {
            root-login allow;
        }
        netconf {
            ssh;
        }
    }
    syslog {
        user * {
            any emergency;
        }
        file messages {
            any notice;
            authorization info;
        }
        file interactive-commands {
            interactive-commands any;
        }
    }
}
interfaces {
    fxp0 {
        unit 0 {
            family inet {
                address 10.19.120.226/29;
            }
        }
    }
}
routing-options {
    static {
        route 0.0.0.0/0 next-hop 10.19.120.225;
    }
}


root@vMX-125> show interfaces extensive no-forwarding

Physical interface: ge-0/0/0, Enabled, Physical link is Down
  Interface index: 139, SNMP ifIndex: 517, Generation: 142
  Link-level type: Ethernet, MTU: 1514, MRU: 1522, LAN-PHY mode, Speed: 1000mbps, BPDU Error: None, MAC-REWRITE Error: None, Loopback: Disabled, Source filtering: Disabled, Flow control: Enabled
  Pad to minimum frame size: Disabled
  Device flags   : Present Running Down
  Interface flags: Hardware-Down SNMP-Traps Internal: 0x4000
  Link flags     : None
  CoS queues     : 8 supported, 8 maximum usable queues
  Hold-times     : Up 0 ms, Down 0 ms
  Damping        : half-life: 0 sec, max-suppress: 0 sec, reuse: 0, suppress: 0, state: unsuppressed
  Current address: 00:50:56:84:a7:ce, Hardware address: 00:50:56:84:a7:ce
  Last flapped   : 2017-03-22 14:17:54 UTC (01:38:26 ago)
  Statistics last cleared: Never
  Traffic statistics:
   Input  bytes  :                    0                    0 bps
   Output bytes  :                    0                    0 bps
   Input  packets:                    0                    0 pps
   Output packets:                    0                    0 pps
   IPv6 transit statistics:
    Input  bytes  :                   0
    Output bytes  :                   0
    Input  packets:                   0
    Output packets:                   0
  Dropped traffic statistics due to STP State:
   Input  bytes  :                    0
   Output bytes  :                    0
   Input  packets:                    0
   Output packets:                    0
  Input errors:
    Errors: 0, Drops: 0, Framing errors: 0, Runts: 0, Policed discards: 0, L3 incompletes: 0, L2 channel errors: 0, L2 mismatch timeouts: 0, FIFO errors: 0, Resource errors: 0
  Output errors:
    Carrier transitions: 2, Errors: 0, Drops: 0, Collisions: 0, Aged packets: 0, FIFO errors: 0, HS link CRC errors: 0, MTU errors: 0, Resource errors: 0
  Active alarms  : LINK
  Active defects : LINK
  MAC statistics:                      Receive         Transmit
    Total octets                             0                0
    Total packets                            0                0
    Unicast packets                          0                0
    Broadcast packets                        0                0
    Multicast packets                        0                0
    CRC/Align errors                         0                0
    FIFO errors                              0                0
    MAC control frames                       0                0
    MAC pause frames                         0                0
    Oversized frames                         0
    Jabber frames                            0
    Fragment frames                          0
    VLAN tagged frames                       0
    Code violations                          0
    Total errors                             0                0
  Filter statistics:
    Input packet count                       0
    Input packet rejects                     0
    Input DA rejects                         0
    Input SA rejects                         0
    Output packet count                                       0
    Output packet pad count                                   0
    Output packet error count                                 0
    CAM destination filters: 0, CAM source filters: 0
  Autonegotiation information:
    Negotiation status: Incomplete
  Packet Forwarding Engine configuration:
    Destination slot: 0 (0x00)
  CoS information:
    Direction : Output
    CoS transmit queue               Bandwidth               Buffer Priority   Limit
                              %            bps     %           usec
    0 best-effort            95      950000000    95              0      low    none
    3 network-control         5       50000000     5              0      low    none
  Interface transmit statistics: Disabled

Physical interface: lc-0/0/0, Enabled, Physical link is Up
  Interface index: 136, SNMP ifIndex: 510, Generation: 139
  Type: Unspecified, Link-level type: Unspecified, MTU: 0, Clocking: Unspecified, Speed: 800mbps
  Device flags   : Present Running
  Link type      : Unspecified
  Link flags     : None
  Physical info  : Unspecified
  Hold-times     : Up 0 ms, Down 0 ms
  Damping        : half-life: 0 sec, max-suppress: 0 sec, reuse: 0, suppress: 0, state: unsuppressed
  Current address: Unspecified, Hardware address: Unspecified
  Alternate link address: Unspecified
  Last flapped   : Never
  Statistics last cleared: Never
  Traffic statistics:
   Input  bytes  :                    0
   Output bytes  :                    0
   Input  packets:                    0
   Output packets:                    0
   IPv6 transit statistics:
    Input  bytes  :                   0
    Output bytes  :                   0
    Input  packets:                   0
    Output packets:                   0
  Input errors:
    Errors: 0, Drops: 0, Framing errors: 0, Runts: 0, Giants: 0, Policed discards: 0, Resource errors: 0
  Output errors:
    Carrier transitions: 0, Errors: 0, Drops: 0, MTU errors: 0, Resource errors: 0

  Logical interface lc-0/0/0.32769 (Index 328) (SNMP ifIndex 511) (Generation 137)
    Flags: Up Encapsulation: ENET2
    Bandwidth: 0
    Traffic statistics:
     Input  bytes  :                    0
     Output bytes  :                    0
     Input  packets:                    0
     Output packets:                    0
    Local statistics:
     Input  bytes  :                    0
     Output bytes  :                    0
     Input  packets:                    0
     Output packets:                    0
    Transit statistics:
     Input  bytes  :                    0                    0 bps
     Output bytes  :                    0                    0 bps
     Input  packets:                    0                    0 pps
     Output packets:                    0                    0 pps
    Protocol vpls, MTU: Unlimited, Generation: 153, Route table: 1
      Flags: Is-Primary

Physical interface: pfe-0/0/0, Enabled, Physical link is Up
  Interface index: 138, SNMP ifIndex: 513, Generation: 141
  Type: Unspecified, Link-level type: Unspecified, MTU: 0, Clocking: Unspecified, Speed: 800mbps
  Device flags   : Present Running
  Link type      : Unspecified
  Link flags     : None
  Physical info  : Unspecified
  Hold-times     : Up 0 ms, Down 0 ms
  Damping        : half-life: 0 sec, max-suppress: 0 sec, reuse: 0, suppress: 0, state: unsuppressed
  Current address: Unspecified, Hardware address: Unspecified
  Alternate link address: Unspecified
  Last flapped   : Never
  Statistics last cleared: Never
  Traffic statistics:
   Input  bytes  :                    0
   Output bytes  :                    0
   Input  packets:                    0
   Output packets:                    0
   IPv6 transit statistics:
    Input  bytes  :                   0
    Output bytes  :                   0
    Input  packets:                   0
    Output packets:                   0
  Input errors:
    Errors: 0, Drops: 0, Framing errors: 0, Runts: 0, Giants: 0, Policed discards: 0, Resource errors: 0
  Output errors:
    Carrier transitions: 0, Errors: 0, Drops: 0, MTU errors: 0, Resource errors: 0

  Logical interface pfe-0/0/0.16383 (Index 329) (SNMP ifIndex 514) (Generation 138)
    Flags: Up SNMP-Traps Encapsulation: ENET2
    Bandwidth: 0
    Traffic statistics:
     Input  bytes  :                    0
     Output bytes  :                    0
     Input  packets:                    0
     Output packets:                    0
     IPv6 transit statistics:
      Input  bytes  :                   0
      Output bytes  :                   0
      Input  packets:                   0
      Output packets:                   0
    Local statistics:
     Input  bytes  :                    0
     Output bytes  :                    0
     Input  packets:                    0
     Output packets:                    0
    Transit statistics:
     Input  bytes  :                    0                    0 bps
     Output bytes  :                    0                    0 bps
     Input  packets:                    0                    0 pps
     Output packets:                    0                    0 pps
     IPv6 transit statistics:
      Input  bytes  :                   0
      Output bytes  :                   0
      Input  packets:                   0
      Output packets:                   0
