root@10.102.182.233> request support information


root@r1> show system uptime no-forwarding

Current time: 2017-09-05 03:24:41 PDT
Time Source:  NTP CLOCK
System booted: 2017-08-31 02:54:19 PDT (5d 00:30 ago)
Protocols started: 2017-08-31 02:54:20 PDT (5d 00:30 ago)
Last configured: 2017-08-31 02:55:38 PDT (5d 00:29 ago) by root
 3:24AM  up 5 days, 30 mins, 1 user, load averages: 0.00, 0.00, 0.00


root@r1> show version detail no-forwarding

Hostname: r1
Model: mx240
Junos: 15.1-20150121_ib_15_1_psd.1
JUNOS Base OS boot [15.1-20150121_ib_15_1_psd.1]
JUNOS Base OS Software Suite [15.1-20150121_ib_15_1_psd.1]
JUNOS Crypto Software Suite [15.1-20150121_ib_15_1_psd.1]
JUNOS Online Documentation [15.1-20150121_ib_15_1_psd.1]
JUNOS Kernel Software Suite [15.1-20150121_ib_15_1_psd.1]
JUNOS platform Software Suite [15.1-20150121_ib_15_1_psd.1]
JUNOS Routing Software Suite [15.1-20150121_ib_15_1_psd.1]
JUNOS Runtime Software Suite [15.1-20150121_ib_15_1_psd.1]
JUNOS Services AACL PIC package [15.1-20150121_ib_15_1_psd.1]
JUNOS Services Application Level Gateway (xlp64) [15.1-20150121_ib_15_1_psd.1]
JUNOS Services Application Level Gateway [15.1-20150121_ib_15_1_psd.1]
JUNOS Services AppId PIC package (xlr64) [15.1-20150121_ib_15_1_psd.1]
JUNOS AppId Services PIC Package [15.1-20150121_ib_15_1_psd.1]
JUNOS Services Application Level Gateway (xlr64) [15.1-20150121_ib_15_1_psd.1]
JUNOS Border Gateway Function PIC package [15.1-20150121_ib_15_1_psd.1]
JUNOS Services Captive Portal and Content Delivery (xlp64) [15.1-20150121_ib_15_1_psd.1]
JUNOS Services Captive Portal and Content Delivery PIC package [15.1-20150121_ib_15_1_psd.1]
JUNOS Services HTTP Content Management PIC package (xlr64) [15.1-20150121_ib_15_1_psd.1]
JUNOS Services HTTP Content Management PIC package [15.1-20150121_ib_15_1_psd.1]
JUNOS Services JFLOW PIC package [15.1-20150121_ib_15_1_psd.1]
JUNOS IDP Services PIC Package [15.1-20150121_ib_15_1_psd.1]
JUNOS Services LL-PDF PIC package [15.1-20150121_ib_15_1_psd.1]
JUNOS Services JFLOW PIC package (xlp64) [15.1-20150121_ib_15_1_psd.1]
JUNOS MobileNext PIC package [15.1-20150121_ib_15_1_psd.1]
JUNOS MobileNext PIC package (xlr64) [15.1-20150121_ib_15_1_psd.1]
JUNOS Services Mobile Subscriber Service PIC package (xlr64) [15.1-20150121_ib_15_1_psd.1]
JUNOS Services Mobile Subscriber Service Container package [15.1-20150121_ib_15_1_psd.1]
JUNOS Services NAT PIC package [15.1-20150121_ib_15_1_psd.1]
JUNOS Services NAT PIC package (xlp64) [15.1-20150121_ib_15_1_psd.1]
JUNOS Services PTSP PIC package [15.1-20150121_ib_15_1_psd.1]
JUNOS Services NAT PIC package (xlr64) [15.1-20150121_ib_15_1_psd.1]
JUNOS Services RPM PIC package (xlp64) [15.1-20150121_ib_15_1_psd.1]
JUNOS Services RPM PIC package [15.1-20150121_ib_15_1_psd.1]
JUNOS Services Stateful Firewall PIC package [15.1-20150121_ib_15_1_psd.1]
JUNOS Services Stateful Firewall PIC package (xlr64) [15.1-20150121_ib_15_1_psd.1]
JUNOS Services Stateful Firewall PIC package (xlp64) [15.1-20150121_ib_15_1_psd.1]
JUNOS BSG PIC package [15.1-20150121_ib_15_1_psd.1]
JUNOS Services Crypto Base PIC package [15.1-20150121_ib_15_1_psd.1]
JUNOS Services Crypto Base PIC package(xlr64) [15.1-20150121_ib_15_1_psd.1]
JUNOS Services Crypto Base PIC package [15.1-20150121_ib_15_1_psd.1]
JUNOS Services IPSec PIC package [15.1-20150121_ib_15_1_psd.1]
JUNOS Services SSL PIC package [15.1-20150121_ib_15_1_psd.1]
JUNOS Services IPSec PIC(xlr64) package [15.1-20150121_ib_15_1_psd.1]
JUNOS Services IPSec PIC package [15.1-20150121_ib_15_1_psd.1]
JUNOS Packet Forwarding Engine Trio Simulation Package [15.1-20150121_ib_15_1_psd.1]
KERNEL 15.1-20150121_ib_15_1_psd.1 #0 built by builder on 2015-01-21 07:06:05 UTC
MGD release 15.1-20150121_ib_15_1_psd.1 built by builder on 2015-01-21 08:05:48 UTC
CLI release 15.1-20150121_ib_15_1_psd.1 built by builder on 2015-01-21 06:42:53 UTC
RPD release 15.1-20150121_ib_15_1_psd.1 built by builder on 2015-01-21 08:14:07 UTC
CHASSISD release 15.1-20150121_ib_15_1_psd.1 built by builder on 2015-01-21 07:23:39 UTC
PPMD release 15.1-20150121_ib_15_1_psd.1 built by builder on 2015-01-21 07:28:17 UTC
LMPD release 15.1-20150121_ib_15_1_psd.1 built by builder on 2015-01-21 07:20:24 UTC
LRMUXD release 15.1-20150121_ib_15_1_psd.1 built by builder on 2015-01-21 08:04:39 UTC
STATICD release 15.1-20150121_ib_15_1_psd.1 built by builder on 2015-01-21 08:06:21 UTC
BFDD release 15.1-20150121_ib_15_1_psd.1 built by builder on 2015-01-21 07:25:40 UTC
SDXD release 15.1-20150121_ib_15_1_psd.1 built by builder on 2015-01-21 07:17:31 UTC
AUDITD release 15.1-20150121_ib_15_1_psd.1 built by builder on 2015-01-21 07:19:32 UTC
L2ALD release 15.1-20150121_ib_15_1_psd.1 built by builder on 2015-01-21 07:28:18 UTC
EVENTD release 15.1-20150121_ib_15_1_psd.1 built by builder on 2015-01-21 07:25:43 UTC
L2CPD release 15.1-20150121_ib_15_1_psd.1 built by builder on 2015-01-21 07:28:27 UTC
ANCPD release 15.1-20150121_ib_15_1_psd.1 built by builder on 2015-01-21 07:28:21 UTC
MCSNOOPD release 15.1-20150121_ib_15_1_psd.1 built by builder on 2015-01-21 08:06:24 UTC
MPLSOAMD release 15.1-20150121_ib_15_1_psd.1 built by builder on 2015-01-21 07:19:51 UTC
COMMITD release 15.1-20150121_ib_15_1_psd.1 built by builder on 2015-01-21 08:04:44 UTC
JNUD release 15.1-20150121_ib_15_1_psd.1 built by builder on 2015-01-21 07:25:49 UTC
lighttpd/1.4.32 (ssl) - a light and fast webserver
Build-Date: Jan 21 2015 06:05:16
OVERLAYD release 15.1-20150121_ib_15_1_psd.1 built by builder on 2015-01-21 07:20:26 UTC
VCCPD release 15.1-20150121_ib_15_1_psd.1 built by builder on 2015-01-21 07:29:08 UTC
KMD release 15.1-20150121_ib_15_1_psd.1 built by builder on 2015-01-21 07:23:01 UTC
GKMD release 15.1-20150121_ib_15_1_psd.1 built by builder on 2015-01-21 07:28:44 UTC
PKID release 15.1-20150121_ib_15_1_psd.1 built by builder on 2015-01-21 07:23:01 UTC
SENDD release 15.1-20150121_ib_15_1_psd.1 built by builder on 2015-01-21 07:17:31 UTC
DFWD release 15.1-20150121_ib_15_1_psd.1 built by builder on 2015-01-21 07:27:51 UTC
DCD release 15.1-20150121_ib_15_1_psd.1 built by builder on 2015-01-21 07:37:50 UTC
SNMPD release 15.1-20150121_ib_15_1_psd.1 built by builder on 2015-01-21 08:04:52 UTC
ALARM-MGMTD release 15.1-20150121_ib_15_1_psd.1 built by builder on 2015-01-21 08:05:26 UTC
MIB2D release 15.1-20150121_ib_15_1_psd.1 built by builder on 2015-01-21 07:24:37 UTC
APSD release 15.1-20150121_ib_15_1_psd.1 built by builder on 2015-01-21 07:23:34 UTC
VRRPD release 15.1-20150121_ib_15_1_psd.1 built by builder on 2015-01-21 07:25:17 UTC
ALARMD release 15.1-20150121_ib_15_1_psd.1 built by builder on 2015-01-21 07:23:19 UTC
PFED release 15.1-20150121_ib_15_1_psd.1 built by builder on 2015-01-21 07:24:47 UTC
AGENTD release 15.1-20150121_ib_15_1_psd.1 built by builder on 2015-01-21 07:20:52 UTC
LPDFD release 15.1-20150121_ib_15_1_psd.1 built by builder on 2015-01-21 07:18:33 UTC
CRAFTD release 15.1-20150121_ib_15_1_psd.1 built by builder on 2015-01-21 07:23:43 UTC
SAMPLED release 15.1-20150121_ib_15_1_psd.1 built by builder on 2015-01-21 07:24:48 UTC
SRRD release 15.1-20150121_ib_15_1_psd.1 built by builder on 2015-01-21 07:21:34 UTC
JFLOWD release 15.1-20150121_ib_15_1_psd.1 built by builder on 2015-01-21 07:21:20 UTC
ILMID release 15.1-20150121_ib_15_1_psd.1 built by builder on 2015-01-21 07:24:05 UTC
RMOPD release 15.1-20150121_ib_15_1_psd.1 built by builder on 2015-01-21 07:23:18 UTC
COSD release 15.1-20150121_ib_15_1_psd.1 built by builder on 2015-01-21 07:30:59 UTC
FSAD release 15.1-20150121_ib_15_1_psd.1 built by builder on 2015-01-21 07:21:18 UTC
IRSD release 15.1-20150121_ib_15_1_psd.1 built by builder on 2015-01-21 07:20:42 UTC
FUD release 15.1-20150121_ib_15_1_psd.1 built by builder on 2015-01-21 07:22:22 UTC
RTSPD release 15.1-20150121_ib_15_1_psd.1 built by builder on 2015-01-21 06:40:45 UTC
SMARTD release 15.1-20150121_ib_15_1_psd.1 built by builder on 2015-01-21 06:31:36 UTC
KSYNCD release 15.1-20150121_ib_15_1_psd.1 built by builder on 2015-01-21 07:18:28 UTC
SPD release 15.1-20150121_ib_15_1_psd.1 built by builder on 2015-01-21 07:25:05 UTC
JL2TPD release 15.1-20150121_ib_15_1_psd.1 built by builder on 2015-01-21 07:24:32 UTC
JPPPOED release 15.1-20150121_ib_15_1_psd.1 built by builder on 2015-01-21 07:31:17 UTC
RDD release 15.1-20150121_ib_15_1_psd.1 built by builder on 2015-01-21 07:18:52 UTC
PPPD release 15.1-20150121_ib_15_1_psd.1 built by builder on 2015-01-21 08:04:49 UTC
DFCD release 15.1-20150121_ib_15_1_psd.1 built by builder on 2015-01-21 07:24:01 UTC
LACPD release 15.1-20150121_ib_15_1_psd.1 built by builder on 2015-01-21 07:24:36 UTC
LFMD release 15.1-20150121_ib_15_1_psd.1 built by builder on 2015-01-21 07:18:30 UTC
OAMD release 15.1-20150121_ib_15_1_psd.1 built by builder on 2015-01-21 07:21:29 UTC
CFMD release 15.1-20150121_ib_15_1_psd.1 built by builder on 2015-01-21 07:23:37 UTC
JDHCPD release 15.1-20150121_ib_15_1_psd.1 built by builder on 2015-01-21 07:27:53 UTC
JSAVALD release 15.1-20150121_ib_15_1_psd.1 built by builder on 2015-01-21 07:18:27 UTC
PGCPD release 15.1-20150121_ib_15_1_psd.1 built by builder on 2015-01-21 07:35:35 UTC
PSSD release 15.1-20150121_ib_15_1_psd.1 built by builder on 2015-01-21 07:21:30 UTC
SSD release 15.1-20150121_ib_15_1_psd.1 built by builder on 2015-01-21 07:19:13 UTC
MSPD release 15.1-20150121_ib_15_1_psd.1 built by builder on 2015-01-21 07:21:29 UTC
AUTHD release 15.1-20150121_ib_15_1_psd.1 built by builder on 2015-01-21 07:23:12 UTC
PMOND release 15.1-20150121_ib_15_1_psd.1 built by builder on 2015-01-21 07:18:49 UTC
AUTOCONFD release 15.1-20150121_ib_15_1_psd.1 built by builder on 2015-01-21 07:17:56 UTC
BBE-SMGD release 15.1-20150121_ib_15_1_psd.1 built by builder on 2015-01-21 07:30:41 UTC
JDIAMETERD release 15.1-20150121_ib_15_1_psd.1 built by builder on 2015-01-21 07:18:27 UTC
BDBREPD release 15.1-20150121_ib_15_1_psd.1 built by builder on 2015-01-21 07:17:56 UTC
RES-CLEANUPD release 15.1-20150121_ib_15_1_psd.1 built by builder on 2015-01-21 07:19:02 UTC
SBCCONFD release 15.1-20150121_ib_15_1_psd.1 built by builder on 2015-01-21 07:35:35 UTC
APPIDD release 15.1-20150121_ib_15_1_psd.1 built by builder on 2015-01-21 07:17:56 UTC
IDPD release 15.1-20150121_ib_15_1_psd.1 built by builder on 2015-01-21 07:23:13 UTC
JPPPD release 15.1-20150121_ib_15_1_psd.1 built by builder on 2015-01-21 07:31:03 UTC
JSSCD release 15.1-20150121_ib_15_1_psd.1 built by builder on 2015-01-21 07:18:27 UTC
ICCPD release 15.1-20150121_ib_15_1_psd.1 built by builder on 2015-01-21 07:18:06 UTC
SHM-RTSDBD release 15.1-20150121_ib_15_1_psd.1 built by builder on 2015-01-21 07:22:27 UTC
DATAPATH-TRACED release 15.1-20150121_ib_15_1_psd.1 built by builder on 2015-01-21 07:21:13 UTC
JPTSPD release 15.1-20150121_ib_15_1_psd.1 built by builder on 2015-01-21 07:21:23 UTC
CPCDD release 15.1-20150121_ib_15_1_psd.1 built by builder on 2015-01-21 07:21:13 UTC
SMID release 15.1-20150121_ib_15_1_psd.1 built by builder on 2015-01-21 07:19:04 UTC
SMIHELPERD release 15.1-20150121_ib_15_1_psd.1 built by builder on 2015-01-21 07:25:03 UTC
SDK-MGMTD release 15.1-20150121_ib_15_1_psd.1 built by builder on 2015-01-21 08:04:40 UTC
JDDOSD release 15.1-20150121_ib_15_1_psd.1 built by builder on 2015-01-21 07:20:14 UTC
TRANSPORTD release 15.1-20150121_ib_15_1_psd.1 built by builder on 2015-01-21 07:31:39 UTC
CLKSYNCD release 15.1-20150121_ib_15_1_psd.1 built by builder on 2015-01-21 07:30:47 UTC
SDK-VMMD release 15.1-20150121_ib_15_1_psd.1 built by builder on 2015-01-21 07:27:10 UTC
VCCPD-VNODE release 15.1-20150121_ib_15_1_psd.1 built by builder on 2015-01-21 07:29:33 UTC
VCCPDF-VNODE release 15.1-20150121_ib_15_1_psd.1 built by builder on 2015-01-21 07:30:03 UTC
KOD release 15.1-20150121_ib_15_1_psd.1 built by builder on 2015-01-21 07:21:23 UTC
DOT1XD release 15.1-20150121_ib_15_1_psd.1 built by builder on 2015-01-21 07:28:38 UTC
ESSMD release 15.1-20150121_ib_15_1_psd.1 built by builder on 2015-01-21 07:21:16 UTC
TAD release 15.1-20150121_ib_15_1_psd.1 built by builder on 2015-01-21 07:29:01 UTC
VMOND release 15.1-20150121_ib_15_1_psd.1 built by builder on 2015-01-21 07:31:55 UTC
BBE-MIBD release 15.1-20150121_ib_15_1_psd.1 built by builder on 2015-01-21 07:30:32 UTC
jroute-actions-dd release 15.1-20150121_ib_15_1_psd.1 built by builder on 2015-01-21 06:27:27 UTC
jkernel-actions-dd release 15.1-20150121_ib_15_1_psd.1 built by builder on 2015-01-21 06:27:39 UTC
ancpd-actions-dd release 15.1-20150121_ib_15_1_psd.1 built by builder on 2015-01-21 06:25:30 UTC
appsecure-actions-dd release 15.1-20150121_ib_15_1_psd.1 built by builder on 2015-01-21 06:25:30 UTC
aprobe-actions-dd release 15.1-20150121_ib_15_1_psd.1 built by builder on 2015-01-21 06:25:34 UTC
apsd-actions-dd release 15.1-20150121_ib_15_1_psd.1 built by builder on 2015-01-21 06:25:39 UTC
authd_cmd-actions-dd release 15.1-20150121_ib_15_1_psd.1 built by builder on 2015-01-21 06:25:44 UTC
autoconfd_cmd-actions-dd release 15.1-20150121_ib_15_1_psd.1 built by builder on 2015-01-21 06:25:45 UTC
bdbrepd_cmd-actions-dd release 15.1-20150121_ib_15_1_psd.1 built by builder on 2015-01-21 06:25:50 UTC
cfm-actions-dd release 15.1-20150121_ib_15_1_psd.1 built by builder on 2015-01-21 06:25:56 UTC
chassis_cmd-actions-dd release 15.1-20150121_ib_15_1_psd.1 built by builder on 2015-01-21 06:26:01 UTC
clksyncd-actions-dd release 15.1-20150121_ib_15_1_psd.1 built by builder on 2015-01-21 06:26:01 UTC
collector-actions-dd release 15.1-20150121_ib_15_1_psd.1 built by builder on 2015-01-21 06:26:07 UTC
cos_cmd-actions-dd release 15.1-20150121_ib_15_1_psd.1 built by builder on 2015-01-21 06:26:09 UTC
cpcdd_cmd-actions-dd release 15.1-20150121_ib_15_1_psd.1 built by builder on 2015-01-21 06:26:10 UTC
dcd_cmd-actions-dd release 15.1-20150121_ib_15_1_psd.1 built by builder on 2015-01-21 06:26:13 UTC
demuxd-actions-dd release 15.1-20150121_ib_15_1_psd.1 built by builder on 2015-01-21 06:26:16 UTC
dfcd_cmd-actions-dd release 15.1-20150121_ib_15_1_psd.1 built by builder on 2015-01-21 06:26:18 UTC
dot1xd-actions-dd release 15.1-20150121_ib_15_1_psd.1 built by builder on 2015-01-21 06:26:19 UTC
dyn-sess-prof-actions-dd release 15.1-20150121_ib_15_1_psd.1 built by builder on 2015-01-21 06:26:20 UTC
elmi-actions-dd release 15.1-20150121_ib_15_1_psd.1 built by builder on 2015-01-21 06:26:21 UTC
essmd-actions-dd release 15.1-20150121_ib_15_1_psd.1 built by builder on 2015-01-21 06:26:21 UTC
forwarding_options_cmd-actions-dd release 15.1-20150121_ib_15_1_psd.1 built by builder on 2015-01-21 06:26:24 UTC
fsad-actions-dd release 15.1-20150121_ib_15_1_psd.1 built by builder on 2015-01-21 06:26:24 UTC
gres-test-point-actions-dd release 15.1-20150121_ib_15_1_psd.1 built by builder on 2015-01-21 06:26:25 UTC
httpd_cmd-actions-dd release 15.1-20150121_ib_15_1_psd.1 built by builder on 2015-01-21 06:26:27 UTC
iccp_cmd-actions-dd release 15.1-20150121_ib_15_1_psd.1 built by builder on 2015-01-21 06:26:28 UTC
ilmid-actions-dd release 15.1-20150121_ib_15_1_psd.1 built by builder on 2015-01-21 06:26:29 UTC
jappid-actions-dd release 15.1-20150121_ib_15_1_psd.1 built by builder on 2015-01-21 06:26:30 UTC
jcrypto-actions-dd release 15.1-20150121_ib_15_1_psd.1 built by builder on 2015-01-21 06:26:30 UTC
jcrypto_junos-actions-dd release 15.1-20150121_ib_15_1_psd.1 built by builder on 2015-01-21 06:26:33 UTC
jddosd-actions-dd release 15.1-20150121_ib_15_1_psd.1 built by builder on 2015-01-21 06:27:04 UTC
jdiameterd-actions-dd release 15.1-20150121_ib_15_1_psd.1 built by builder on 2015-01-21 06:26:37 UTC
jidpd-actions-dd release 15.1-20150121_ib_15_1_psd.1 built by builder on 2015-01-21 06:26:44 UTC
jkernel_cmd-actions-dd release 15.1-20150121_ib_15_1_psd.1 built by builder on 2015-01-21 06:27:03 UTC
jkernel_junos-actions-dd release 15.1-20150121_ib_15_1_psd.1 built by builder on 2015-01-21 06:26:45 UTC
jpppd-actions-dd release 15.1-20150121_ib_15_1_psd.1 built by builder on 2015-01-21 06:26:46 UTC
jroute_junos-actions-dd release 15.1-20150121_ib_15_1_psd.1 built by builder on 2015-01-21 06:26:49 UTC
l2ald-actions-dd release 15.1-20150121_ib_15_1_psd.1 built by builder on 2015-01-21 06:26:52 UTC
l2ng-actions-dd release 15.1-20150121_ib_15_1_psd.1 built by builder on 2015-01-21 06:26:51 UTC
lldp-actions-dd release 15.1-20150121_ib_15_1_psd.1 built by builder on 2015-01-21 06:26:53 UTC
mcsnoop-actions-dd release 15.1-20150121_ib_15_1_psd.1 built by builder on 2015-01-21 06:27:00 UTC
mo-actions-dd release 15.1-20150121_ib_15_1_psd.1 built by builder on 2015-01-21 06:26:58 UTC
mobiled-actions-dd release 15.1-20150121_ib_15_1_psd.1 built by builder on 2015-01-21 06:27:10 UTC
pccd-actions-dd release 15.1-20150121_ib_15_1_psd.1 built by builder on 2015-01-21 06:27:04 UTC
pppd-actions-dd release 15.1-20150121_ib_15_1_psd.1 built by builder on 2015-01-21 06:27:07 UTC
pppoed-actions-dd release 15.1-20150121_ib_15_1_psd.1 built by builder on 2015-01-21 06:27:08 UTC
r2cpd-actions-dd release 15.1-20150121_ib_15_1_psd.1 built by builder on 2015-01-21 06:27:10 UTC
rdd-actions-dd release 15.1-20150121_ib_15_1_psd.1 built by builder on 2015-01-21 06:27:11 UTC
rmpsd-actions-dd release 15.1-20150121_ib_15_1_psd.1 built by builder on 2015-01-21 06:27:12 UTC
services-actions-dd release 15.1-20150121_ib_15_1_psd.1 built by builder on 2015-01-21 06:27:26 UTC
stp-actions-dd release 15.1-20150121_ib_15_1_psd.1 built by builder on 2015-01-21 06:27:15 UTC
subinfo-actions-dd release 15.1-20150121_ib_15_1_psd.1 built by builder on 2015-01-21 06:27:18 UTC
transportd-actions-dd release 15.1-20150121_ib_15_1_psd.1 built by builder on 2015-01-21 06:27:24 UTC
virtualchassis-actions-dd release 15.1-20150121_ib_15_1_psd.1 built by builder on 2015-01-21 06:27:27 UTC
vlans-ng-actions-dd release 15.1-20150121_ib_15_1_psd.1 built by builder on 2015-01-21 06:27:27 UTC
jdocs-actions-dd release 15.1-20150121_ib_15_1_psd.1 built by builder on 2015-01-21 05:57:38 UTC


root@r1> show system core-dumps no-forwarding

/var/crash/*core*: No such file or directory
/var/tmp/*core*: No such file or directory
/var/tmp/pics/*core*: No such file or directory
/var/crash/kernel.*: No such file or directory
/var/jails/rest-api/tmp/*core*: No such file or directory


root@r1> show chassis alarms no-forwarding

No alarms currently active


root@r1> show chassis hardware detail no-forwarding

Hardware inventory:
Item             Version  Part number  Serial number     Description
Chassis                                VMX4849           MX240
Midplane
Routing Engine 0                       13202eae-8e3      RE-VMX
  ad0   20473 MB  QEMU HARDDISK        QM00001           Hard Disk
CB 0                                                     VMX SCB
CB 1                                                     VMX SCB
FPC 0                                                    Virtual 20x1G + 4x10G FPC
  CPU            Rev. 1.0 RIOT         123XYZ987
  MIC 0                                                  Virtual 20x 1GE(LAN) SFP
    PIC 0                 BUILTIN      BUILTIN           Virtual 10x 1GE(LAN) SFP
    PIC 1                 BUILTIN      BUILTIN           Virtual 10x 1GE(LAN) SFP
  MIC 1                                                  Virtual 4x 10GE(LAN) XFP
    PIC 2                 BUILTIN      BUILTIN           Virtual 2x 10GE(LAN) XFP
    PIC 3                 BUILTIN      BUILTIN           Virtual 2x 10GE(LAN) XFP


root@r1> show system processes extensive no-forwarding

last pid: 87920;  load averages:  0.00,  0.00,  0.00  up 5+00:30:53    03:24:42
192 processes: 5 running, 168 sleeping, 1 zombie, 18 waiting

Mem: 742M Active, 113M Inact, 84M Wired, 301M Cache, 69M Buf, 1760M Free
Swap: 6756M Total, 6756M Free


  PID USERNAME  THR PRI NICE   SIZE    RES STATE    TIME   WCPU COMMAND
   10 root        1 171   52     0K    12K RUN    118.7H 91.36% idle
87791 root        1  96    0 33476K 24544K select   0:00  7.00% mgd
87790 root        1  96    0 29640K 23368K select   0:00  6.00% cli
87784 root        1  96    0 29616K 23316K select   0:00  5.00% cli
87697 root        1  96    0  7328K  3720K RUN      0:00  0.33% sshd
   22 root        1 -68 -187     0K    12K WAIT    35:08  0.20% irq11: em0 em1 em2
 2059 root        1  96    0  5784K  3640K RUN      0:03  0.05% eventd
   11 root        1 -20 -139     0K    12K WAIT    12:56  0.00% swi7: clock sio
 3032 root        1  96    0 94348K 21968K select   9:50  0.00% pfed
   13 root        1 -40 -159     0K    12K WAIT     5:08  0.00% swi2: netisr 0
 2448 root        1  96    0 69084K 13688K select   3:21  0.00% mib2d
   14 root        1 -20 -139     0K    12K WAIT     3:15  0.00% swi7: +
 3006 root        1  96    0 55216K 11848K select   2:30  0.00% l2ald
 2443 root        4  96    0 50292K 15292K select   2:15  0.00% chassisd
 2468 root        1  96    0 12504K  3532K select   1:59  0.00% shm-rtsdbd
 2464 root        3  20    0 10096K  3176K sigwai   1:54  0.00% jddosd
 3010 root        1  96    0   215M   128M select   1:50  0.00% cosd
 3034 root        1  96    0 23884K 13492K select   1:34  0.00% snmpd
 2973 root        1  96    0  9196K  4184K select   1:25  0.00% license-check
 2440 root        1  96    0  1964K  1304K select   1:18  0.00% bslockd
   30 root        1 171   52     0K    12K pgzero   1:08  0.00% pagezero
 2970 root        1  96    0   113M  6152K select   0:55  0.00% transportd
 2007 root        1   8    0   844K   376K nanslp   0:51  0.00% gstatd
 3030 root        1  96    0  5568K  3384K select   0:48  0.00% irsd
   32 root        1  20    0     0K    12K syncer   0:33  0.00% syncer
 3056 root        1   8    0  2284K  1468K wait     0:31  0.00% sh
   15 root        1 -16    0     0K    12K -        0:30  0.00% yarrow
 3005 root        1   4    0   134M 40520K kqread   0:29  0.00% rpd
 3022 root        1   4    0 40968K 22888K kqread   0:27  0.00% l2cpd
   52 root        1 -16    0     0K    12K -        0:27  0.00% schedcpu
 3036 root        1  96    0 65740K 32396K select   0:27  0.00% smid
 3035 root        1  96    0  8792K  3532K select   0:25  0.00% alarmd
    8 root        1 -16    0     0K    12K client   0:25  0.00% ifstate notify
 2459 root        1  96    0 11976K  5272K select   0:25  0.00% clksyncd
 3025 root        1  96    0 43392K  9336K select   0:23  0.00% cfmd
 3042 root        1  96    0     0K    12K select   0:23  0.00% peerproxy10000080
 2999 root        1   4    0 36784K 18840K kqread   0:21  0.00% dot1xd
 3037 root        1  96    0 67884K 11708K select   0:20  0.00% dcd
 2977 root        1  96    0    99M  4420K select   0:19  0.00% alarm-mgmtd
 2976 root        1  96    0  9764K  4948K select   0:17  0.00% pkid
  191 root        1  -8    0     0K    12K mdwait   0:15  0.00% md6
   45 root        1 -16    0     0K    12K psleep   0:15  0.00% vmkmemdaemon
    4 root        1  -8    0     0K    12K -        0:14  0.00% g_down
 3004 root        1  96    0  4328K  4244K select   0:12  0.00% ntpd
 3007 root        1  81  -15  8820K  4336K select   0:11  0.00% apsd
 2982 root        1  96    0 43760K  7008K select   0:10  0.00% idpd
    2 root        1  -8    0     0K    12K -        0:10  0.00% g_event
   33 root        1  20    0     0K    12K vnlrum   0:09  0.00% vnlru_mem
 2458 root        1  96    0  9640K  5012K select   0:08  0.00% bfdd
 3024 root        1  96    0  5736K  3516K select   0:07  0.00% lfmd
 3018 root        1  96    0 67096K 11348K select   0:07  0.00% dfcd
 2985 root        1  96    0 39660K  6176K select   0:06  0.00% smihelperd
 3009 root        1  96    0 11920K  6996K select   0:06  0.00% rmopd
    3 root        1  -8    0     0K    12K -        0:06  0.00% g_up
 2453 root        1  96    0  9264K  6576K select   0:06  0.00% ppmd
 2989 root        1   8    0  2268K  1488K wait     0:05  0.00% sh
   47 root        1 -16    0     0K    12K .        0:05  0.00% ddostasks
 2445 root        1  96    0  8740K  3540K select   0:05  0.00% craftd
 2996 root        1   8    0  2268K  1488K wait     0:05  0.00% sh
  130 root        1  -8    0     0K    12K mdwait   0:05  0.00% md3
 2975 root        1   4    0 24312K  9068K kqread   0:05  0.00% overlayd
18323 root        1  96    0 29644K 23492K select   0:05  0.00% cli
 2993 root        1   8    0  2268K  1488K wait     0:05  0.00% sh
   35 root        1 -16    0     0K    12K sdflus   0:04  0.00% softdepflush
 2273 root        1 -16    0     0K    12K kresv_   0:03  0.00% kresrsv
 3031 root        1  96    0 86840K 21700K select   0:03  0.00% dfwd
 3028 root        1  96    0  5040K  2828K select   0:02  0.00% iccpd
 3026 root        1  96    0  5588K  3128K select   0:02  0.00% mplsoamd
 2979 root        1  96    0  2000K  1476K select   0:02  0.00% mountd
 2446 root        1  96    0 33384K 23576K select   0:02  0.00% mgd
 2454 root        1  96    0  1968K  1424K select   0:02  0.00% smartd
 2281 root        1   8    0  1948K  1508K nanslp   0:02  0.00% cron
   20 root        1 -64 -183     0K    12K WAIT     0:02  0.00% irq14: ata0
   31 root        1 -16    0     0K    12K psleep   0:01  0.00% bufdaemon
 3002 root        1   8    0  1952K  1344K nanslp   0:01  0.00% getty
 2439 root        1  96    0  1816K   984K select   0:01  0.00% watchdog
   42 root        1 -16    0     0K    12K psleep   0:01  0.00% vmuncachedaemon
  151 root        1  -8    0     0K    12K mdwait   0:01  0.00% md4
   54 root        1  -8    0     0K    12K mdwait   0:01  0.00% md0
   34 root        1  -4    0     0K    12K vlruwt   0:01  0.00% vnlru
   28 root        1 -44 -163     0K    12K WAIT     0:01  0.00% swi1: ipfwd
   26 root        1 -36 -155     0K    12K WAIT     0:01  0.00% swi3: ip6opt ipopt
  895 root        1  -8    0     0K    12K mdwait   0:01  0.00% md43
   53 root        1 -16    0     0K    12K no_rs    0:00  0.00% rtimeshare_thr
    9 root        1 -16    0     0K    12K psleep   0:00  0.00% pagedaemon
    1 root        1   8    0  1536K   852K wait     0:00  0.00% init
 3016 root        1  96    0  6652K  3576K select   0:00  0.00% rdd
  955 root        1  -8    0     0K    12K mdwait   0:00  0.00% md45
  937 root        1  -8    0     0K    12K mdwait   0:00  0.00% md44
   90 root        1  -8    0     0K    12K mdwait   0:00  0.00% md1
18324 root        1  96    0 33472K 25044K select   0:00  0.00% mgd
  110 root        1  -8    0     0K    12K mdwait   0:00  0.00% md2
 3011 root        1  96    0  5992K  3752K select   0:00  0.00% lmpd
 3015 root        1  96    0  5292K  3152K select   0:00  0.00% fsad
 2971 root        1  96    0  7872K  4472K select   0:00  0.00% agentd
 2981 root        1  96    0 10544K  5120K select   0:00  0.00% appidd
 2980 root        1  96    0 51536K  5988K select   0:00  0.00% bbe-smgd
 3017 root        1  96    0  5692K  3404K select   0:00  0.00% pppd
 2978 root        1  96    0  5412K  3184K select   0:00  0.00% mspd
 2449 root        1  96    0  3776K  1816K select   0:00  0.00% inetd
 3027 root        1 111    0  7196K  3824K select   0:00  0.00% sendd
 2972 root        1   4    0  1788K  1268K accept   0:00  0.00% nfsd
 3001 root        1   8    0  2464K  1900K wait     0:00  0.00% login
 2998 root        1  96    0  5640K  3292K select   0:00  0.00% kod
18309 root        1  20    0  4196K  2964K pause    0:00  0.00% csh
  171 root        1  -8    0     0K    12K mdwait   0:00  0.00% md5
 3029 root        1 103    0  8392K  2712K select   0:00  0.00% stats-agentd
 3023 root        1  96    0  5456K  3144K select   0:00  0.00% oamd
 3014 root        1 114    0  3908K  1908K select   0:00  0.00% rtspd
   25 root        1 -48 -167     0K    12K WAIT     0:00  0.00% swi0: sio
    0 root        1 -16    0     0K     0K WAIT     0:00  0.00% swapper
87785 root        1  96    0 33444K 24192K select   0:00  0.00% mgd
 2441 root        1 111    0  2096K  1400K select   0:00  0.00% tnetd
  610 root        1  -8    0     0K    12K mdwait   0:00  0.00% md28
  876 root        1  -8    0     0K    12K mdwait   0:00  0.00% md42
  629 root        1  -8    0     0K    12K mdwait   0:00  0.00% md29
  496 root        1  -8    0     0K    12K mdwait   0:00  0.00% md22
87783 root        1  20    0  3248K  1996K pause    0:00  0.00% csh
 3000 root        1   5    0  1956K  1344K ttyin    0:00  0.00% getty
  515 root        1  -8    0     0K    12K mdwait   0:00  0.00% md23
  382 root        1  -8    0     0K    12K mdwait   0:00  0.00% md16
  420 root        1  -8    0     0K    12K mdwait   0:00  0.00% md18
  553 root        1  -8    0     0K    12K mdwait   0:00  0.00% md25
  363 root        1  -8    0     0K    12K mdwait   0:00  0.00% md15
  230 root        1  -8    0     0K    12K mdwait   0:00  0.00% md8
  458 root        1  -8    0     0K    12K mdwait   0:00  0.00% md20
  648 root        1  -8    0     0K    12K mdwait   0:00  0.00% md30
  477 root        1  -8    0     0K    12K mdwait   0:00  0.00% md21
 3033 root        1 103    0  2048K  1340K select   0:00  0.00% tnp.sntpd
  667 root        1  -8    0     0K    12K mdwait   0:00  0.00% md31
  591 root        1  -8    0     0K    12K mdwait   0:00  0.00% md27
  401 root        1  -8    0     0K    12K mdwait   0:00  0.00% md17
  344 root        1  -8    0     0K    12K mdwait   0:00  0.00% md14
  800 root        1  -8    0     0K    12K mdwait   0:00  0.00% md38
  686 root        1  -8    0     0K    12K mdwait   0:00  0.00% md32
  534 root        1  -8    0     0K    12K mdwait   0:00  0.00% md24
  724 root        1  -8    0     0K    12K mdwait   0:00  0.00% md34
  838 root        1  -8    0     0K    12K mdwait   0:00  0.00% md40
  268 root        1  -8    0     0K    12K mdwait   0:00  0.00% md10
  287 root        1  -8    0     0K    12K mdwait   0:00  0.00% md11
  306 root        1  -8    0     0K    12K mdwait   0:00  0.00% md12
  572 root        1  -8    0     0K    12K mdwait   0:00  0.00% md26
  439 root        1  -8    0     0K    12K mdwait   0:00  0.00% md19
  705 root        1  -8    0     0K    12K mdwait   0:00  0.00% md33
  249 root        1  -8    0     0K    12K mdwait   0:00  0.00% md9
  819 root        1  -8    0     0K    12K mdwait   0:00  0.00% md39
  743 root        1  -8    0     0K    12K mdwait   0:00  0.00% md35
  211 root        1  -8    0     0K    12K mdwait   0:00  0.00% md7
  325 root        1  -8    0     0K    12K mdwait   0:00  0.00% md13
87920 root        1  96    0 22732K  1916K RUN      0:00  0.00% top
  781 root        1  -8    0     0K    12K mdwait   0:00  0.00% md37
  857 root        1  -8    0     0K    12K mdwait   0:00  0.00% md41
   19 root        1 -12 -131     0K    12K WAIT     0:00  0.00% swi9: task queue
  762 root        1  -8    0     0K    12K mdwait   0:00  0.00% md36
87786 root        1   8    0  2268K  1588K wait     0:00  0.00% sh
87699 root        1   8    0  1748K   788K nanslp   0:00  0.00% sleep
87701 root        1   8    0  1748K   788K nanslp   0:00  0.00% sleep
87700 root        1   8    0  1748K   788K nanslp   0:00  0.00% sleep
87767 root        1   8    0  1748K   788K nanslp   0:00  0.00% sleep
   44 root        1 -16    0     0K    12K select   0:00  0.00% if_pic_listen0
 2974 root        1   4    0  1784K  1224K -        0:00  0.00% nfsd
    7 root        1   8    0     0K    12K -        0:00  0.00% kqueue taskq
    5 root        1   8    0     0K    12K -        0:00  0.00% thread taskq
   40 root        1 -16    0     0K    12K select   0:00  0.00% if_pfe_listen
   37 root        1   4    0     0K    12K dump_r   0:00  0.00% kern_dump_proc
   29 root        1  20    0     0K    12K psleep   0:00  0.00% vmdaemon
   41 root        1   4    0     0K    12K scs_ho   0:00  0.00% scs_housekeeping
 2265 root        1   8    0     0K    12K crypto   0:00  0.00% crypto
    6 root        1   8    0     0K    12K -        0:00  0.00% mastership taskq
   39 root        1   4    0     0K    12K purge_   0:00  0.00% kern_pir_proc
   36 root        1  96    0     0K    12K sleep    0:00  0.00% netdaemon
 2266 root        1   8    0     0K    12K crypto   0:00  0.00% crypto returns
   46 root        1  20    0     0K    12K condsl   0:00  0.00% delayedexecd
   51 root        1   8    0     0K    12K -        0:00  0.00% nfsiod 3
   48 root        1   8    0     0K    12K -        0:00  0.00% nfsiod 0
   49 root        1   8    0     0K    12K -        0:00  0.00% nfsiod 1
   50 root        1   8    0     0K    12K -        0:00  0.00% nfsiod 2
   43 root        1   4    0     0K    12K cb-pol   0:00  0.00% cb_poll
   18 root        1 -12 -131     0K    12K WAIT     0:00  0.00% swi9: Giant taskq
   17 root        1 -16 -135     0K    12K WAIT     0:00  0.00% swi8: +
   12 root        1 -24 -143     0K    12K WAIT     0:00  0.00% swi6: vm
   16 root        1 -28 -147     0K    12K WAIT     0:00  0.00% swi5: cambio
   27 root        1 -32 -151     0K    12K WAIT     0:00  0.00% swi4: ip6mismatch+
   23 root        1 -60 -179     0K    12K WAIT     0:00  0.00% irq1: atkbd0
   24 root        1 -60 -179     0K    12K WAIT     0:00  0.00% irq12: psm0
   21 root        1 -64 -183     0K    12K WAIT     0:00  0.00% irq15: ata1



root@r1> show pfe statistics error


Slot 0



HSL2 Errors:
------------
  *****  No errors on this PFE  *****
LU Chip 0
LUCHIP(0) ISTAT PIO Errors:
    None recorded.


root@r1> show pfe statistics traffic

Packet Forwarding Engine traffic statistics:
    Input  packets:                    0                    0 pps
    Output packets:                    0                    0 pps
Packet Forwarding Engine local traffic statistics:
    Local packets input                 :                    0
    Local packets output                :                    0
    Software input control plane drops  :                    0
    Software input high drops           :                    0
    Software input medium drops         :                    0
    Software input low drops            :                    0
    Software output drops               :                    0
    Hardware input drops                :                    0
Packet Forwarding Engine local protocol statistics:
    HDLC keepalives            :                    0
    ATM OAM                    :                    0
    Frame Relay LMI            :                    0
    PPP LCP/NCP                :                    0
    OSPF hello                 :                    0
    OSPF3 hello                :                    0
    RSVP hello                 :                    0
    LDP hello                  :                    0
    BFD                        :                    0
    IS-IS IIH                  :                    0
    LACP                       :                    0
    ARP                        :                    0
    ETHER OAM                  :                    0
    Unknown                    :                    0
Packet Forwarding Engine hardware discard statistics:
    Timeout                    :                    0
    Truncated key              :                    0
    Bits to test               :                    0
    Data error                 :                    0
    Stack underflow            :                    0
    Stack overflow             :                    0
    Normal discard             :                    0
    Extended discard           :                    0
    Invalid interface          :                    0
    Info cell drops            :                    0
    Fabric drops               :                    0
Packet Forwarding Engine Input IPv4 Header Checksum Error and Output MTU Error statistics:
    Input Checksum             :                    0
    Output MTU                 :                    0


root@r1> show chassis routing-engine no-forwarding

Routing Engine status:
  Slot 0:
    Current state                  Master
    Election priority              Master (default)
    Temperature                 0 degrees C / 32 degrees F
    DRAM                      3072 MB (4096 MB installed)
    Memory utilization          32 percent
    5 sec CPU utilization:
      User                       5 percent
      Background                 0 percent
      Kernel                     4 percent
      Interrupt                  1 percent
      Idle                      90 percent
    1 min CPU utilization:
      User                       1 percent
      Background                 0 percent
      Kernel                     1 percent
      Interrupt                  1 percent
      Idle                      97 percent
    5 min CPU utilization:
      User                       0 percent
      Background                 0 percent
      Kernel                     0 percent
      Interrupt                  2 percent
      Idle                      98 percent
    15 min CPU utilization:
      User                       0 percent
      Background                 0 percent
      Kernel                     0 percent
      Interrupt                  2 percent
      Idle                      98 percent
    Model                          RE-VMX
    Serial ID                      13202eae-8e3
    Start time                     2017-08-31 02:54:21 PDT
    Uptime                         5 days, 30 minutes, 19 seconds
    Last reboot reason             0x200:normal shutdown
    Load averages:                 1 minute   5 minute  15 minute
                                       0.00       0.00       0.00


root@r1> show chassis environment no-forwarding



root@r1> show chassis firmware no-forwarding

Part                     Type       Version
FPC 0                    ROM        PC Bios
                         O/S        Version 15.1-20150121_ib_15_1_psd.1 by builder on 2015-01-21 06:40:50 UTC


root@r1> show chassis fpc detail

Slot 0 information:
  State                                 Online
  Temperature                        Testing
  Total CPU DRAM                    512 MB
  Total RLDRAM                       10 MB
  Total DDR DRAM                      0 MB
  Start time:                           2017-08-31 02:56:11 PDT
  Uptime:                               5 days, 28 minutes, 30 seconds
  Max Power Consumption               0 Watts


root@r1> show system boot-messages  no-forwarding

Copyright (c) 1996-2015, Juniper Networks, Inc.
All rights reserved.
Copyright (c) 1992-2007 The FreeBSD Project.
Copyright (c) 1979, 1980, 1983, 1986, 1988, 1989, 1991, 1992, 1993, 1994
	The Regents of the University of California. All rights reserved.
FreeBSD is a registered trademark of The FreeBSD Foundation.
JUNOS 15.1-20150121_ib_15_1_psd.1 #0: 2015-01-21 07:06:05 UTC
    builder@svl-junos-p002:/volume/build/junos/ib_15_1_psd/15.1/development/20150121.1/obj/i386/junos/bsd/kernels/JUNIPER/kernel
Timecounter "i8254" frequency 1193182 Hz quality 0
CPU: QEMU Virtual CPU version 2.5+ (2500.10-MHz 686-class CPU)
  Origin = "GenuineIntel"  Id = 0x663  Stepping = 3
  Features=0x783fbfd<FPU,DE,PSE,TSC,MSR,PAE,MCE,CX8,APIC,SEP,MTRR,PGE,MCA,CMOV,PAT,PSE36,MMX,FXSR,SSE,SSE2>
  Features2=0x80202001<SSE3,CX16,x2APIC,<b31>>
  AMD Features=0x20100800<SYSCALL,NX,LM>
  AMD Features2=0x1<LAHF>
real memory  = 4294967296 (4096 MB)
avail memory = 3143864320 (2998 MB)
Security policy loaded: Junos MAC/veriexec (mac_veriexec)
Security policy loaded: JUNOS MAC/runasnonroot (mac_runasnonroot)
Security policy loaded: JUNOS MAC/pcap (mac_pcap)
MAC/veriexec fingerprint module loaded: SHA1
MAC/veriexec fingerprint module loaded: SHA256
Initializing M/T/EX platform properties ..
cpu0 on motherboard
pcib0: <Host to PCI bridge> pcibus 0 on motherboard
pir0: <PCI Interrupt Routing Table: 6 Entries> on motherboard
pci0: <PCI bus> on pcib0
$PIR: ROUTE_INTERRUPT failed.
Correcting Natoma config for non-SMP
isab0: <PCI-ISA bridge> at device 1.0 on pci0
isa0: <ISA bus> on isab0
atapci0: <Intel PIIX3 WDMA2 controller> port 0x1f0-0x1f7,0x3f6,0x170-0x177,0x376,0xc0e0-0xc0ef at device 1.1 on pci0
ata0: <ATA channel 0> on atapci0
ata1: <ATA channel 1> on atapci0
pci0: <serial bus, USB> at device 1.2 (no driver attached)
smb0: <Intel 82371AB SMB controller> irq 9 at device 1.3 on pci0
pci0: <display, VGA> at device 2.0 (no driver attached)
em0: <Intel(R) PRO/1000 Network Connection Version - 3.2.18> port 0xc000-0xc03f mem 0xfeb80000-0xfeb9ffff irq 11 at device 3.0 on pci0
em0: Memory Access and/or Bus Master bits were not set!
em1: <Intel(R) PRO/1000 Network Connection Version - 3.2.18> port 0xc040-0xc07f mem 0xfeba0000-0xfebbffff irq 11 at device 3.1 on pci0
em1: Memory Access and/or Bus Master bits were not set!
em2: <Intel(R) PRO/1000 Network Connection Version - 3.2.18> port 0xc080-0xc0bf mem 0xfebc0000-0xfebdffff irq 11 at device 3.2 on pci0
em2: Memory Access and/or Bus Master bits were not set!
orm0: <ISA Option ROM> at iomem 0xee800-0xeffff on isa0
atkbdc0: <Keyboard controller (i8042)> at port 0x60,0x64 on isa0
atkbd0: <AT Keyboard> irq 1 on atkbdc0
kbd0 at atkbd0
psm0: <PS/2 Mouse> irq 12 on atkbdc0
psm0: model IntelliMouse Explorer, device ID 4
vga0: <Generic ISA VGA> at port 0x3c0-0x3df iomem 0xa0000-0xbffff on isa0
sc0: <System console> at flags 0x100 on isa0
sc0: VGA <16 virtual consoles, flags=0x100>
sio0 at port 0x3f8-0x3ff irq 4 flags 0x90 on isa0
sio0: type 16550A, console
sio1: configured irq 5 not in bitmap of probed irqs 0
sio1: port may not be enabled
sio2: configured irq 3 not in bitmap of probed irqs 0
sio2: port may not be enabled
sio3: configured irq 7 not in bitmap of probed irqs 0
sio3: port may not be enabled
jnx_get_vm_chassis_type: vm_ch_str mx240
jnx_get_vm_chassis_type: vchassis_type: 48
jnx_product_set_vplatform: vchassis_type is 48
jnx_product_set_vplatform: virt_chassis_i2cid 21
jnx_product_set_vplatform: virt_chassis_i2cid 33
jnx_product_set_vplatform: virt_chassis_i2cid 48
VPlatform: Setting product type to mx240
jnx_product_set_vplatform: jnx_re_type=160, jnx_product_type=48 48
Initializing product: 48 ..
Setting up M/T interface operations and attributes
em2: bus=0, device=3, func=2, Ethernet address 56:68:a6:6b:31:b1
em1: bus=0, device=3, func=1, Ethernet address 56:68:a6:6b:31:b0
fxp0: bus=0, device=3, func=0, Ethernet address 56:68:a6:6b:31:af
Timecounter "TSC" frequency 2500096806 Hz quality 800
Registered AMT tunnel Encap with UDP Tunnel!
 Loading Redundant LT driver
###PCB Group initialized for udppcbgroup
###PCB Group initialized for tcppcbgroup
ad0: 20473MB <QEMU HARDDISK 2.5+> at ata0-master WDMA2
Loading JUNOS chassis module
chassis_init_hw_chassis_startup_time: chassis startup time 0.000000
Kernel thread "wkupdaemon" (pid 38) exited prematurely.
Trying to mount root from ufs:/dev/ad0s1a


root@r1> show system storage no-forwarding

Filesystem              Size       Used      Avail  Capacity   Mounted on
/dev/ad0s1a             3.5G       397M       2.9G       12%  /
devfs                   1.0K       1.0K         0B      100%  /dev
/dev/md0                 80M        80M         0B      100%  /packages/mnt/jbase
/dev/md1                 28M        28M         0B      100%  /packages/mnt/jkernel-15.1-20150121_ib_15_1_psd.1
/dev/md2                 11M        11M         0B      100%  /packages/mnt/jdocs-15.1-20150121_ib_15_1_psd.1
/dev/md3                161M       161M         0B      100%  /packages/mnt/jroute-15.1-20150121_ib_15_1_psd.1
/dev/md4                 59M        59M         0B      100%  /packages/mnt/jcrypto-15.1-20150121_ib_15_1_psd.1
/dev/md5                1.3M       1.3M         0B      100%  /packages/mnt/jplatform-15.1-20150121_ib_15_1_psd.1
/dev/md6                637M       637M         0B      100%  /packages/mnt/jruntime-15.1-20150121_ib_15_1_psd.1
/dev/md7                156K       156K         0B      100%  /packages/mnt/jservices-aacl-pic-15.1-20150121_ib_15_1_psd.1
/dev/md8                2.0M       2.0M         0B      100%  /packages/mnt/jservices-alg-pic-15.1-20150121_ib_15_1_psd.1
/dev/md9                1.1M       1.1M         0B      100%  /packages/mnt/jservices-alg-xlp64-15.1-20150121_ib_15_1_psd.1
/dev/md10               1.1M       1.1M         0B      100%  /packages/mnt/jservices-alg-xlr64-15.1-20150121_ib_15_1_psd.1
/dev/md11               1.4M       1.4M         0B      100%  /packages/mnt/jservices-appid-pic-15.1-20150121_ib_15_1_psd.1
/dev/md12               984K       984K         0B      100%  /packages/mnt/jservices-appid-xlr64-15.1-20150121_ib_15_1_psd.1
/dev/md13                11M        11M         0B      100%  /packages/mnt/jservices-bgf-pic-15.1-20150121_ib_15_1_psd.1
/dev/md14               280K       280K         0B      100%  /packages/mnt/jservices-cpcd-pic-15.1-20150121_ib_15_1_psd.1
/dev/md15               188K       188K         0B      100%  /packages/mnt/jservices-cpcd-xlp64-15.1-20150121_ib_15_1_psd.1
/dev/md16               4.8M       4.8M         0B      100%  /packages/mnt/jservices-crypto-base-pic-15.1-20150121_ib_15_1_psd.1
/dev/md17               2.5M       2.5M         0B      100%  /packages/mnt/jservices-crypto-base-xlp64-15.1-20150121_ib_15_1_psd.1
/dev/md18               2.5M       2.5M         0B      100%  /packages/mnt/jservices-crypto-base-xlr64-15.1-20150121_ib_15_1_psd.1
/dev/md19               420K       420K         0B      100%  /packages/mnt/jservices-hcm-pic-15.1-20150121_ib_15_1_psd.1
/dev/md20               292K       292K         0B      100%  /packages/mnt/jservices-hcm-xlr64-15.1-20150121_ib_15_1_psd.1
/dev/md21               3.5M       3.5M         0B      100%  /packages/mnt/jservices-idp-pic-15.1-20150121_ib_15_1_psd.1
/dev/md22                11M        11M         0B      100%  /packages/mnt/jservices-ipsec-pic-15.1-20150121_ib_15_1_psd.1
/dev/md23               246K       246K         0B      100%  /packages/mnt/jservices-ipsec-xlp64-15.1-20150121_ib_15_1_psd.1
/dev/md24               246K       246K         0B      100%  /packages/mnt/jservices-ipsec-xlr64-15.1-20150121_ib_15_1_psd.1
/dev/md25               224K       224K         0B      100%  /packages/mnt/jservices-jflow-pic-15.1-20150121_ib_15_1_psd.1
/dev/md26               152K       152K         0B      100%  /packages/mnt/jservices-jflow-xlp64-15.1-20150121_ib_15_1_psd.1
/dev/md27               462K       462K         0B      100%  /packages/mnt/jservices-llpdf-pic-15.1-20150121_ib_15_1_psd.1
/dev/md28                29M        29M         0B      100%  /packages/mnt/jservices-mobile-pic-15.1-20150121_ib_15_1_psd.1
/dev/md29                28M        28M         0B      100%  /packages/mnt/jservices-mobile-xlr64-15.1-20150121_ib_15_1_psd.1
/dev/md30               1.2M       1.2M         0B      100%  /packages/mnt/jservices-mss-xlr-15.1-20150121_ib_15_1_psd.1
/dev/md31               854K       854K         0B      100%  /packages/mnt/jservices-mss-xlr64-15.1-20150121_ib_15_1_psd.1
/dev/md32               1.1M       1.1M         0B      100%  /packages/mnt/jservices-nat-pic-15.1-20150121_ib_15_1_psd.1
/dev/md33               592K       592K         0B      100%  /packages/mnt/jservices-nat-xlp64-15.1-20150121_ib_15_1_psd.1
/dev/md34               606K       606K         0B      100%  /packages/mnt/jservices-nat-xlr64-15.1-20150121_ib_15_1_psd.1
/dev/md35               554K       554K         0B      100%  /packages/mnt/jservices-ptsp-pic-15.1-20150121_ib_15_1_psd.1
/dev/md36               142K       142K         0B      100%  /packages/mnt/jservices-rpm-pic-15.1-20150121_ib_15_1_psd.1
/dev/md37               114K       114K         0B      100%  /packages/mnt/jservices-rpm-xlp64-15.1-20150121_ib_15_1_psd.1
/dev/md38               376K       376K         0B      100%  /packages/mnt/jservices-sfw-pic-15.1-20150121_ib_15_1_psd.1
/dev/md39               196K       196K         0B      100%  /packages/mnt/jservices-sfw-xlp64-15.1-20150121_ib_15_1_psd.1
/dev/md40               196K       196K         0B      100%  /packages/mnt/jservices-sfw-xlr64-15.1-20150121_ib_15_1_psd.1
/dev/md41               520K       520K         0B      100%  /packages/mnt/jservices-ssl-pic-15.1-20150121_ib_15_1_psd.1
/dev/md42                69M        69M         0B      100%  /packages/mnt/jservices-voice-bsg-15.1-20150121_ib_15_1_psd.1
/dev/md43                51M        51M         0B      100%  /packages/mnt/jsim-vmx-15.1-20150121_ib_15_1_psd.1
/dev/md44               6.5G        20K       6.0G        0%  /tmp
/dev/md45               6.5G        11M       6.0G        0%  /mfs
procfs                  4.0K       4.0K         0B      100%  /proc
/dev/ad0s1e            1007M        16K       926M        0%  /config
/dev/ad0s1f             8.7G        25M       7.9G        0%  /var


root@r1> show system virtual-memory no-forwarding

         Type InUse MemUse HighUse Requests  Size(s)
       module   282    18K       -      282  64,128,256
     mtx_pool     1     8K       -        1  64,128,256
        DEVFS     7     1K       -        8  16,128
      subproc   392   799K       -   487254  32768,8388608
         proc     2     1K       -        2  1048576
      session    12     2K       -     3474  2048
         pgrp    14     1K       -     3477  128
         cred    75     9K       -  4628753  1024
      uidinfo     2     1K       -        9  32,2048
       plimit    28     7K       -    38109  32768
    sysctltmp     0     0K       -   262671  16,32,2048,16384
    sysctloid  1197    31K       -     1197  16,32,64
         umtx   217    11K       -      217  64
     ifa_list    10     1K       -       11  16
vpls_lc_instance     1     2K       -        1 4194304
         ddos     7   126K       -        7  32,64,1048576,2097152
        devrt     9    31K       -        9  32,1048576,4194304
 ifl_tlv_info     1     1K       -        1  16
   ifl_st_ctl     2     1K       -        2  16
   mesh-group     4     1K       -        4  256
InterFaceBridgeDomain     1     1K       -        1 2048
       rtsmsg     0     0K       -       28  8388608
          idl     1     8K       -       93  16,64,128,16384,1048576,8388608
          jsr     2     1K       -        6  16
       gencfg   419    60K       -      689  16,32,64,128,512,4096,32768,1048576,2097152,4194304
      pfestat   132    34K       -  1814317  16,32,4096,16384,4194304,8388608
          pic    13     5K       -       13  32,64,256,2097152
           lr     1     1K       -        1  1048576
     itable64     1     1K       -        1  1024
     itable32   195    13K       -      195  128
     itable16  1415   330K       -     1427  4096,262144
      ifstate  3872   141K       -    38033  16,32,64,128,256,512,1024,2048,4096,32768,524288,2097152,4194304
      pfe_ipc     0     0K       -   910703  16,32,64,128,256,512,4096,8192,32768,65536,1048576,2097152,4194304,8388608
         mkey   546     9K       -   269526  16,256
       ifaddr    23     2K       -       25  128,512
       sysctl    23     6K       -  3850466  16,32,64,128,262144,1048576,2097152
       rtable   134    18K       -      150  16,32,256,512,4096,8192,1048576
      ifmaddr    99     3K       -      104  16,32
         ipfw    48    25K       -      103  16,32,64,128,256,1024,4096,16384,32768,262144,524288,1048576,2097152,4194304,8388608
       ifstat   933  3690K       -   149117  16,32,512,2048,1048576,8388608
     ifdevice     8     1K       -        9  16
       rcache     4     8K       -        4  4194304
        rnode    67     2K       -       79  16,32
      metrics     8     1K       -        9  1024
    rtnexthop   143    23K       -      159  32,1024,2048,4096,8192,16384,65536,1048576
     iffamily    36     4K       -       39  16,32,1024,2048,4096,8192
    iflogical    16     4K       -       19  16,65536,262144,1048576
    schedhist     1   160K       -        1  16,65536,262144,1048576
  NULLFS hash     1     1K       -        1  128
         SWAP     2   957K       -        2  64
       bus-sc    21    32K       -      555  16,32,64,128,2048,4096,32768,524288,1048576,4194304,8388608
          bus   518    54K       -     1461  16,32,64,128,512,2097152
      devstat    20    41K       -       20  16,8388608
 eventhandler    70     4K       -       70  32,256,512
         kobj   103   206K       -      121  4194304
    pfs_nodes    25     2K       -       25  256
  pfs_vncache    75     3K       -      222  32
         rman    54     4K       -      453  16,32,128
         sbuf     0     0K       -     1465  16,32,128,2048,262144,1048576,2097152,4194304,8388608
         GEOM   470    29K       -     2265  16,32,128,256,512,1024,2048,16384,1048576,2097152,8388608
    taskqueue     9     1K       -        9  16,256
   turnstiles   218    14K       -      218  128
       Unitno     6     1K       -       24  16,64
          iov     0     0K       -  1147082  16,32,64,128,512,1024,2048,4096,16384
     ioctlops     0     0K       -    55177  16,64,128,256,524288,1048576,4194304,8388608
          msg     4    25K       -        4  2097152,8388608
          sem     4     7K       -        4  1048576,2097152,8388608
          shm    14    80K       -       37  8388608
         ttys   208    43K       -      449  2048,2097152
     mbuf_tag     0     0K       -    24140  16,32
          pcb   409   108K       -   263175  16,32,64,128,256,8192,16384,65536,262144,1048576,2097152,4194304,8388608
       soname   173    19K       -  1328282  16,32,64,1024
   BIO buffer    76   152K       -     1241  4194304
     vfscache     1   512K       -        1  4194304
cluster_save buffer     0     0K       -       19 32,64,128,256
     VFS hash     1   256K       -        1  32,64,128,256
       vnodes     1     1K       -        1  2048
  vnodemarker     0     0K       -   152291  524288
        mount   820    72K       -     4555  16,32,64,128,256,512,1024,2048,4096,8192,16384,262144,1048576,2097152
      MD disk    46    92K       -       46  4194304
      ibitmap     8    42K       -        8  16,32,262144,2097152
  ifl_idx_mgr     3     1K       -        3  16,32,128
CAM dev queue     1     1K       -        1  128
    CAM queue     3     1K       -        3  16
   ISOFS node  2499   235K       -     2628  512
  ISOFS mount    44     6K       -       87  2048
  ata_generic     2     2K       -      485  16,1048576,2097152
    ad_driver     1     1K       -        1  1024
      CAM SIM     1     1K       -        1  64
          STP    79    17K       -       79  16,1024,2048,1048576
   CAM periph     1     1K       -        1  256
     syncache     1     8K       -        1  256
      ata_dma     2     1K       -        2  1024
     tlv_stat     0     0K       -   149301  1024
nhack_info_entries     3     1K       -        3 16,32
JFE statistics     1     1K       -        1 512
          COS     1    40K       -        1  512
shared_bitvector     3     1K       -        3 32,4096
Bridge Domain     2     1K       -        2  16,1048576
   NFS daemon     2     9K       -        2  1048576
  NFS srvsock     1     1K       -        1  2048
     p1003.1b     1     1K       -        1  16
        jlist     1     1K       -        1  64
         cdev    22     3K       -       22  1024
      CAM XPT     6     1K       -        9  16,64,1048576
        sigio     1     1K       -      131  32
     filedesc   230    49K       -   487489  16,4096,16384,1048576
      kdtrace   395    64K       -   487265  128,262144
         kenv    58     6K       -       99  16,32,64,128,8388608
       kqueue    40    20K       -       88  32,4096,262144,2097152
    proc-args    86     4K       -   353472  16,32,64,128,256,512,1024,2048,4096,8192,16384
       zombie     1     1K       -   486863  256
       newblk     1     1K       -        1  262144
     inodedep     1   256K       -        1  262144
      pagedep     1    64K       -        1  262144
    UFS mount    15    32K       -       15  32768,4194304,8388608
      ithread    69     5K       -       69  16,64,2048
      UMAHash     1     4K       -        5  262144,1048576,2097152,4194304,8388608
      entropy  1024    48K       -     1024  64
       KTRACE   100     8K       -      100  256
       linker   637 14351K       -     1594  16,32,64,128,1024,2048,4096,8192,16384,524288,2097152,8388608
    VM pgdata     2    65K       -        2  128
        lockf    69     5K       -   125585  128
     atkbddev     2     1K       -        2  32
       isadev    22     2K       -       22  64
       ip6ndp     0     0K       -        2  512
    legacydrv     4     1K       -        4  16
         temp  1866   239K       -  1386590  16,32,64,128,256,512,1024,2048,4096,8192,16384,65536,262144,524288,1048576,2097152,4194304,8388608
      memdesc     1     4K       -        1  8388608
     nexusdev     3     1K       -        3  16
       devbuf  1189  7219K       -     1209  16,32,64,128,256,512,1024,2048,4096,8192,16384,32768,65536,262144,524288,1048576,2097152,4194304,8388608
         $PIR     4     1K       -        4  32
       DEVFS1   121    28K       -      123  32768
       DEVFS3   128    15K       -      129  1024
gresstatevarlog     1    88K       -        1 1024
         bmeb     9   311K       -        9  16,32,4096,4194304
       crypto     1     1K       -        1  1048576
  Export Host     2     2K       -        2  2097152
  inpcbpolicy   111     2K       -   130228  16
  ipsecpolicy   222    35K       -   260456  4096
ITEM            SIZE     LIMIT     USED    FREE  REQUESTS
UMA Kegs:        136,        0,      85,     11,       85
UMA Zones:       120,        0,      85,      5,       85
UMA Slabs:        64,        0,    1449,     26,   150937
UMA RCntSlabs:   104,        0,     523,     32,      523
UMA Hash:        128,        0,       4,     26,        5
16 Bucket:        76,        0,      35,     15,       35
32 Bucket:       140,        0,      41,     15,       41
64 Bucket:       268,        0,      44,     12,       44
128 Bucket:      524,        0,      84,      0,       84
VM OBJECT:       128,        0,    6111,    279,  8044648
MAP:             160,        0,       7,     41,        7
KMAP ENTRY:       68,    44352,      19,    149,   438132
MAP ENTRY:        68,        0,    5764,    564, 20433297
PV ENTRY:         24,  1193930,  183493,  12547, 319396470
DP fakepg:        72,        0,      12,     94,       12
mt_zone:          64,        0,     285,     69,      285
16:               16,        0,    6543,    156,  2954988
32:               32,        0,    1344,    125,  4056538
48:               48,        0,    2159,     25,  2052024
64:               64,        0,    1396,     79,   660451
80:               80,        0,     658,     62,   636259
96:               96,        0,    4822,     58,   154806
120:             120,        0,     439,     41,  5877574
128:             128,        0,     608,     52,   665087
160:             160,        0,     698,     22,   275910
176:             176,        0,      12,     32,       74
208:             208,        0,     404,     33,   768325
232:             232,        0,     365,     26,    38520
240:             240,        0,      21,     27,   351428
248:             248,        0,       0,      0,        0
256:             256,        0,    1438,     32,     1503
296:             296,        0,      95,     22,   152395
512:             512,        0,     231,     17,     1363
1024:           1024,        0,     194,     14,    18826
2048:           2048,        0,     309,    161,     5602
4096:           4096,        0,     671,     35,   497851
Files:            72,        0,    1024,     89, 10257386
MAC labels:       20,        0,    7150,    286,  5971900
PROC:            568,        0,     187,     16,   487049
THREAD:          528,        0,     208,      9,      216
KSEGRP:           92,        0,     208,     32,      216
UPCALL:           44,        0,       0,      0,        0
SLEEPQUEUE:       32,        0,     218,    121,      218
VMSPACE:         264,        0,      85,     20,   485502
mbuf_packet:     256,   180000,     783,    113, 23042168
mbuf:            256,   180000,      35,    479, 16099374
mbuf_cluster:   2048,    30000,     899,    147,  2395836
mbuf_jumbo_pagesize:  4096,        0,       0,      0,        0
mbuf_jumbo_9k:  9216,        0,       0,      0,        0
mbuf_jumbo_16k: 16384,        0,       0,      0,        0
g_bio:           132,        0,       0,    377,   242127
ata_request:     228,        0,       0,    102,    29741
ata_composite:   192,        0,       0,      0,        0
vtblk_request:    32,        0,       0,      0,        0
vtnet_tx_hdr:     16,        0,       0,      0,        0
GENCFG:           72,  1000004,     108,     51,      111
VNODE:           288,        0,    4918,      9,     5561
VNODEPOLL:        72,        0,       0,      0,        0
NAMEI:          1024,        0,       0,     36, 16598167
S VFS Cache:      68,        0,    4552,     40,     7546
L VFS Cache:     291,        0,     341,     62,      573
NFSMOUNT:        480,        0,       0,      0,        0
NFSNODE:         460,        0,       0,      0,        0
PIPE:            404,        0,      50,     13,   310483
AIO:              84,        0,       0,      0,        0
AIOP:             16,        0,       0,      0,        0
AIOCB:           128,        0,       0,      0,        0
AIOL:             64,        0,       0,      0,        0
AIOLIO:           40,        0,       0,      0,        0
KNOTE:            72,        0,     124,     88,  8965663
socket:          412,    30006,     544,     14,   269523
ipq:              52,      288,       0,      0,        0
udp_inpcb:       264,    30000,      30,     15,       70
tcp_inpcb:       264,    30000,      75,     15,   130159
tcpcb:           704,    30000,      74,      6,   130159
sackhole:         20,        0,       0,    169,        1
tcptw:            60,     6048,       1,    125,        2
syncache:        128,    15360,       0,     60,       21
tcpreass:         20,     2028,       0,      0,        0
ripcb:           264,    30000,       8,     22,        8
unpcb:           144,    30024,     282,     42,     6529
SWAPMETA:        276,   121576,       0,      0,        0
FFS inode:       132,        0,    2266,     83,     2632
FFS1 dinode:     128,        0,    2266,     74,     2632
FFS2 dinode:     256,        0,       0,      0,        0
cryptop:          60,        0,       0,      0,        0
cryptodesc:       56,        0,       0,      0,        0
278107853 cpu context switches
276257476 device interrupts
   989910 software interrupts
 55805001 traps
306499722 system calls
      103 kernel threads created
   483395  fork() calls
     3551 vfork() calls
        0 rfork() calls
        0 swap pager pageins
        0 swap pager pages paged in
        0 swap pager pageouts
        0 swap pager pages paged out
    45828 vnode pager pageins
    45856 vnode pager pages paged in
      878 vnode pager pageouts
     6135 vnode pager pages paged out
        0 page daemon wakeups
        0 pages examined by the page daemon
    15371 pages reactivated
 29319390 copy-on-write faults
      513 copy-on-write optimized faults
 16243828 zero fill pages zeroed
 16129153 zero fill pages prezeroed
      184 intransit blocking page faults
 54033512 total VM faults taken
        0 pages affected by kernel thread creation
 22514123 pages affected by  fork()
   199015 pages affected by vfork()
        0 pages affected by rfork()
 52406171 pages freed
        0 pages freed by daemon
 36990987 pages freed by exiting process
   190119 pages active
    28932 pages inactive
    77169 pages in VM cache
    21417 pages wired down
   450364 pages free
     4096 bytes per page
        0 swap pages used
        0 peak swap pages used
 62203611 total name lookups
           cache hits (94% pos + 5% neg) system 0% per-directory
           deletions 0%, falsehits 0%, toolong 0%
interrupt                          total       rate
irq0: clk                       43381203         99
irq1: atkbd0                           3          0
irq4: sio0                          7678          0
irq8: rtc                       55513851        127
irq11: em0 em1 em2              23433004         54
irq14: ata0                        29740          0
irq15: ata1                            1          0
Total\x08\x18                        122365480        282
vm.kmem_map_free: 640872448


root@r1> show system buffer no-forwarding

819/591/1410 mbufs in use (current/cache/total)
789/257/1046/30000 mbuf clusters in use (current/cache/total/max)
786/110 mbuf+clusters out of packet secondary zone in use (current/cache)
0/0/0/0 4k (page size) jumbo clusters in use (current/cache/total/max)
0/0/0/0 9k jumbo clusters in use (current/cache/total/max)
0/0/0/0 16k jumbo clusters in use (current/cache/total/max)
1782K/661K/2444K bytes allocated to network (current/cache/total)
0/0/0 requests for mbufs denied (mbufs/clusters/mbuf+clusters)
0/0/0 requests for jumbo clusters denied (4k/9k/16k)
0/12/1024 sfbufs in use (current/peak/max)
0 requests for sfbufs denied
0 requests for sfbufs delayed
0 requests for I/O initiated by sendfile
0 calls to protocol drain routines
0 mbuf requests delayed
0 cluster requests delayed


root@r1> show system queues no-forwarding

output interface            bytes          max  packets      max    drops
lsi                             0        12500        0       41        0
dsc                             0            0        0        0        0
lo0                             0            0        0        0        0
fxp0                            0     12500000        0    41666        2
em1                             0     12500000        0    41666        3
gre                             0        12500        0       41        0
ipip                            0        12500        0       41        0
tap                             0            0        0        0        0
pime                            0        12500        0       41        0
pimd                            0        12500        0       41        0
em2                             0     12500000        0    41666        0
mtun                            0        12500        0       41        0
demux0                          0            0        0        0        0
cbp0                            0     12500000        0    41666        0
pip0                            0     12500000        0    41666        0
pp0                             0       125000        0      416        0
irb                             0     12500000        0    41666        0
vtep                            0     12500000        0    41666        0
lc-0/0/0                        0            0        0        0        0
pfh-0/0/0                       0            0        0        0        0
pfe-0/0/0                       0            0        0        0        0
ge-0/0/0                        0      1250000        0     4166        0
ge-0/0/1                        0      1250000        0     4166        0
ge-0/0/2                        0      1250000        0     4166        0
ge-0/0/3                        0      1250000        0     4166        0
ge-0/0/4                        0      1250000        0     4166        0
ge-0/0/5                        0      1250000        0     4166        0
ge-0/0/6                        0      1250000        0     4166        0
ge-0/0/7                        0      1250000        0     4166        0
ge-0/0/8                        0      1250000        0     4166        0
ge-0/0/9                        0      1250000        0     4166        0
ge-0/1/0                        0      1250000        0     4166        0
ge-0/1/1                        0      1250000        0     4166        0
ge-0/1/2                        0      1250000        0     4166        0
ge-0/1/3                        0      1250000        0     4166        0
ge-0/1/4                        0      1250000        0     4166        0
ge-0/1/5                        0      1250000        0     4166        0
ge-0/1/6                        0      1250000        0     4166        0
ge-0/1/7                        0      1250000        0     4166        0
ge-0/1/8                        0      1250000        0     4166        0
ge-0/1/9                        0      1250000        0     4166        0
xe-0/2/0                        0      1250000        0     4166        0
xe-0/2/1                        0      1250000        0     4166        0
xe-0/3/0                        0      1250000        0     4166        0
xe-0/3/1                        0      1250000        0     4166        0
input protocol              bytes          max  packets      max    drops
splfwdq                         0      1000000        0     1000        0
splnetq                         0      1000000        0     1000        0
arpintrq                        0         3000        0       50   129751
optionq                         0       200000        0      200        0
icmpq                           0        50000        0       50        0
frlmiq                          0            0        0        0        0
spppintrq                       0        25000        0     1000        0
atmctlpktq                      0            0        0        0        0
atmoamq                         0            0        0        0        0
tnpintrq                        0      1250000        0     4166        0
tagintrq                        0       200000        0      200        0
tagfragq                        0       200000        0      200        0


root@r1> show system statistics no-forwarding

Tcp:
         3806771 packets sent
                 500351 data packets (19200997 bytes)
                 0 data packets retransmitted (0 bytes)
                 0 resends initiated by MTU discovery
                 3184152 ack only packets (136384 packets delayed)
                 0 URG only packets
                 0 window probe packets
                 122222 window update packets
                 130109 control packets
         5333360 packets received
                 352071 acks(for 19192807 bytes)
                 3418078 duplicate acks
                 0 acks for unsent data
                 1759343  packets received in-sequence(1340025431 bytes)
                 2321510 completely duplicate packets(0 bytes)
                 0 old duplicate packets
                 0 packets with some duplicate data(0 bytes duped)
                 0 out-of-order packets(0 bytes)
                 0 packets of data after window(0 bytes)
                 0 window probes
                 81 window update packets
                 2 packets received after close
                 0 discarded for bad checksums
                 0 discarded for bad header offset fields
                 0 discarded because packet too short
         130074 connection requests
         21 connection accepts
         0 bad connection attempts
         0 listen queue overflows
         37 connections established (including accepts)
         130085 connections closed (including 6 drops)
                 0 connections updated cached RTT on close
                 0 connections updated cached RTT variance on close
                 0 connections updated cached ssthresh on close
         23 embryonic connections dropped
         352071 segments updated rtt(of 333685 attempts)
         0 retransmit timeouts
                 0 connections dropped by retransmit timeout
         0 persist timeouts
                 0 connections dropped by persist timeout
         1096904 keepalive timeouts
                 1096904 keepalive probes sent
                 0 connections dropped by keepalive
         155380 correct ACK header predictions
         1562975 correct data packet header predictions
         21 syncache entries added
                 0 retransmitted
                 0 dupsyn
                 0 dropped
                 21 completed
                 0 bucket overflow
                 0 cache overflow
                 0 reset
                 0 stale
                 0 aborted
                 0 badack
                 0 unreach
                 0 zone failures
         0 cookies sent
         0 cookies received
         1 SACK recovery episodes
         1 segment retransmits in SACK recovery episodes
         112 byte retransmits in SACK recovery episodes
         48 SACK options (SACK blocks) received
         0 SACK options (SACK blocks) sent
         0 SACK scoreboard overflow
         0 ACKs sent in response to in-window but not exact RSTs
         0 ACKs sent in response to in-window SYNs on established connections
         0 rcv packets dropped by TCP due to bad address
         0 out-of-sequence segment drops due to insufficient memory
         30 RST packets
         0 ICMP packets ignored by TCP
         0 send packets dropped by TCP due to auth errors
         0 rcv packets dropped by TCP due to auth errors
         0 outgoing segments dropped due to policing
udp:
         732404 datagrams received
         0 with incomplete header
         0 with bad data length field
         0 with bad checksum
         730155 dropped due to no socket
         730155 broadcast/multicast datagrams dropped due to no socket
         0 dropped due to full socket buffers
         0 not for hashed pcb
         4294239390 delivered
         4321 datagrams output
ip:
         6010416 total packets received
         0 bad header checksums
         0 with size smaller than minimum
         0 with data size < data length
         0 with header length < data size
         0 with data length < header length
         0 with incorrect version number
         0 packets destined to dead next hop
         0 fragments received
         0 fragments dropped (dup or out of space)
         0 fragments dropped (queue overflow)
         0 fragments dropped after timeout
         0 fragments dropped due to over limit
         0 packets reassembled ok
         6065764 packets for this host
         24131 packets for unknown/unsupported protocol
         9338 packets forwarded
         0 packets not forwardable
         18 redirects sent
         5038059 packets sent from this host
         0 packets sent with fabricated ip header
         0 output packets dropped due to no bufs
         130036 output packets discarded due to no route
         0 output datagrams fragmented
         0 fragments created
         0 datagrams that can't be fragmented
         0 packets with bad options
         24131 packets with options handled without error
         0 strict source and record route options
         0 loose source and record route options
         0 record route options
         0 timestamp options
         0 timestamp and address options
         0 timestamp and prespecified address options
         0 option packets dropped due to rate limit
         24131 router alert options
         0 multicast packets dropped (no iflist)
         0 packets dropped (src and int don't match)
         0 transit re packets dropped on mgmt i/f
         0 packets used first nexthop in ecmp unilist
         0 incoming ttpoip packets received
         0 incoming ttpoip packets dropped
         0 outgoing TTPoIP packets sent
         0 outgoing TTPoIP packets dropped
         0 raw packets dropped. no space in socket recv buffer
         0 packets consumed by virtual-node processing
icmp:
         0 drops due to rate limit
         0 calls to icmp_error
         0 errors not generated because old message was icmp
         0 messages with bad code fields
         0 messages less than the minimum length
         0 messages with bad checksum
         0 messages with bad source address
         0 messages with bad length
         0 echo drops with broadcast or multicast destinaton address
         0 timestamp drops with broadcast or multicast destination address
         0 message responses generated
igmp:
         24131 messages received
         0 messages received with too few bytes
         0 messages received with bad checksum
         0 membership queries received
         0 membership queries received with invalid fields
         0 membership reports received
         0 membership reports received with invalid fields
         0 membership reports received for groups to which we belong
         0 Membership reports sent
raw_if:
         0 RAW packets transmitted
         0 PPPOE packets transmitted
         0 ISDN packets transmitted
         0 DIALER packets transmitted
         0 PPP packets transmitted to pppd
         0 PPP packets transmitted to jppd
         0 IGMPL2 packets transmitted
         0 MLDL2 packets transmitted
         0 Fibre Channel packets transmitted
         0 FIP packets transmitted
         0 STP packets transmitted
         0 LACP packets transmitted
         0 VCCP packets transmitted
         0 Fabric OAM packets transmitted
         0 VCCP packets transmitted
         0 output drops due to tx error
         0 MPU packets transmitted
         0 PPPOE packets received
         0 ISDN packets received
         0 DIALER packets received
         0 PPP packets received from pppd
         0 MPU packets received
         0 PPP packets received from jppd
         0 IGMPL2 packets received
         0 MLDL2 packets received
         0 Fibre Channel packets received
         0 FIP packets received
         0 STP packets received
         0 LACP packets received
         0 VCCP packets received
         0 Fabric OAM packets received
         0 VCCP packets received
         0 Fibre Channel packets dropped
         0 FIP packets dropped
         0 STP packets dropped
         0 LACP packets dropped
         0 Fabric OAM packets dropped
         0 VCCP packets dropped
         0 Input drops due to bogus protocol
         0 input drops due to no mbufs available
         0 input drops due to no space in socket
         0 input drops due to no socket
arp:
         16368757 datagrams received
         257 ARP requests received
         366 ARP replies received
         3 resolution request  received
         0 unrestricted proxy requests
         0 restricted proxy requests
         0 received proxy requests
         0 unrestricted proxy requests not proxied
         0 restricted proxy requests not proxied
         0 datagrams with bogus interface
         0 datagrams with incorrect length
         0 datagrams for non-IP protocol
         0 datagrams with unsupported op code
         0 datagrams with bad protocol address length
         0 datagrams with bad hardware address length
         0 datagrams with multicast source address
         5 datagrams with multicast target address
         0 datagrams with my own hardware address
         13686875 datagrams for an address not on the interface
         0 datagrams with a broadcast source address
         0 datagrams with source address duplicate to mine
         2631574 datagrams which were not for me
         2 packets discarded waiting for resolution
         4 packets sent after waiting for resolution
         381 ARP requests sent
         257 ARP replies sent
         0 requests for memory denied
         0 requests dropped on entry
         0 requests dropped during retry
         0 requests dropped due to interface deletion
         0 requests on unnumbered interfaces
         0 new requests on unnumbered interfaces
         0 replies for from unnumbered interfaces
         0 requests on unnumbered interface with non-subnetted donor
         0 replies from unnumbered interface with non-subnetted donor
         0 arp packets rejected as family is configured with deny arp
         0 arp response packets are rejected on mace icl interface
         49680 arp replies are rejected as source and destination is same
         0 arp probe for proxy address reachable from the incoming interface
         0 arp request discarded for vrrp source address
         0 self arp request packet received on irb interface
         0 proxy arp request discarded as source ip is a proxy target
         0 arp packets are dropped as nexthop allocation failed
         0 arp packets received from peer vrrp rotuer and discarded
         0 arp packets are rejected as target ip arp resolve is in progress
         0 grat arp packets are ignored as mac address is not changed
         0 arp packets are dropped from peer vrrp
         0 arp packets are dropped as driver call failed
         0 arp packets are dropped as source is not validated
ip6:
         0 total packets received
         0 packets with size smaller than minimum
         0 packets with data size < data length
         0 packets with bad options
         0 packets with incorrect version number
         0 fragments received
         0 fragments dropped (dup or out of space)
         0 fragments dropped after timeout
         0 fragments that exceeded limit
         0 packets reassembled ok
         0 packets for this host
         0 packets forwarded
         0 packets not forwardable
         0 redirects sent
         8 packets sent from this host
         0 packets sent with fabricated ip header
         0 output packets dropped due to no bufs, etc.
         0 output packets discarded due to no route
         0 output datagrams fragmented
         0 fragments created
         0 datagrams that can't be fragmented
         0 packets that violated scope rules
         0 multicast packets which we don't join
         0 packets whose headers are not continuous
         0 tunneling packets that can't find gif
         0 packets discarded due to too may headers
         0 failures of source address selection
         source addresses on an outgoing I/F
                 2 link-locals
         source addresses of same scope
                 2 link-locals
         0 forward cache hit
         0 forward cache miss
         0 Packets destined to dead next hop
         0 option packets dropped due to rate limit
         0 Packets dropped (src and int don't match)
         0 packets dropped due to bad protocol
         0 transit re packet(null) dropped on mgmt i/f
 icmp6:
         0 Calls to icmp_error
         0 Errors not generated because old message was icmp error
         0 Errors not generated because rate limitation
         Output histogram:
                 6 neighbor solicitation
                 2 neighbor advertisement
         0 Messages with bad code fields
         0 Messages < minimum length
         0 Bad checksums
         0 Messages with bad length
         Histogram of error messages to be generated:
                 0 No route
                 0 Administratively prohibited
                 0 Beyond scope
                 0 Address unreachable
                 0 Port unreachable
                 0 Time exceed transit
                 0 Time exceed reassembly
                 0 Erroneous header field
                 0 Unrecognized next header
                 0 Unrecognized option
                 0 Unknown
         0 Message responses generated
         0 Messages with too many ND options
         75000 Max System ND nh cache limit
         59840 Max Public ND nh cache limit
         200 Max IRI ND nh cache limit
         14960 Max Management intf ND nh cache limit
         0 Current Public ND nexthops present
         1 Current IRI ND nexthops present
         0 Current Management ND nexthops present
         0 Total ND nexthops creation failed as limit reached
         0 Public ND nexthops creation failed as public limit reached
         0 IRI ND nexthops creation failed as iri limit reached
         0 Management ND nexthops creation failed as mgt limit reached
pfkey:
         2 Requests sent from userland
         104 Bytes sent from userland
         histogram by message type:
                 1 reserved
                 1 dump
         0 Messages with invalid length field
         0 Messages with invalid version field
         0 Messages with invalid message type field
         0 Messages too short
         0 Messages with memory allocation failure
         0 Messages with duplicate extension
         0 Messages with invalid extension type
         0 Messages with invalid sa type
         0 Messages with invalid address extension
         2 Requests sent to userland
         104 Bytes sent to userland
         histogram by message type:
                 1 reserved
                 1 dump
         0 Messages toward single socket
         0 Messages toward all sockets
         0 Messages toward registered sockets
         0 Messages with memory allocation failure
clnl:
         0 Total packets received
         0 Packets delivered
         0 Too small packets
         0 Packets with bad header length
         0 Packets with bad checksum
         0 Bad version packets
         0 Unknown or unsupported protocol packets
         0 Packets with bogus sdl size
         0 No free memory in socket buffer
         0 Send packets discarded
         0 Sbappend failure
         0 Mcopy failure
         0 Address fields were not reasonable
         0 Segment information forgotten
         0 Forwarded packets
         0 Total packets sent
         0 Output packets discarded
         0 Non-forwarded packets
         0 Packets fragmented
         0 Fragments sent
         0 Fragments discarded
         0 Fragments timed out
         0 Fragmentation prohibited
         0 Packets reconstructed
         0 Packets destined to dead nexthop
         0 Packets discarded due to no route
         0 Error pdu rate drops
         0 ER pdu generation failure
esis:
         0 Total pkts received
         0 Total packets consumed by protocol
         0 Pdus received with bad checksum
         0 Pdus received with bad version number
         0 Pdus received with bad type field
         0 Short pdus received
         0 Pdus withbogus sdl size
         0 Pdus with bad header length
         0 Pdus with unknown or unsupport protocol
         0 No free memory in socket buffer
         0 Send packets discarded
         0 Sbappend failure
         0 Mcopy failure
         0 ISO family not configured
tnp:
         0 Unicast packets received
         433725 Broadcast packets received
         0 Fragmented packets received
         0 Hello packets dropped
         0 Fragments dropped
         0 Fragment reassembly queue flushes
         0 Packets with tnp src address collision received
         433725 Hello packets received
         0 Control packets received
         0 Rdp packets received
         0 Udp packets received
         0 Tunnel packets received
         0 Input packets discarded with no protocol
         0 Packets of version unspecified received
         0 Packets of version 1 received
         0 Packets of version 2 received
         433725 Packets of version 3 received
         0 Unicast packets sent
         433737 Broadcast packets sent
         0 Fragmented packets sent
         0 Hello packets dropped
         0 Fragments dropped
         433737 Hello packets sent
         0 Control packets sent
         0 Rdp packets sent
         0 Udp packets sent
         0 Tunnel packets sent
         0 Packets sent with unknown protocol
         0 Packets of version unspecified sent
         0 Packets of version 1 sent
         0 Packets of version 2 sent
         433737 Packets of version 3 sent
rdp:
         0 Input packets
         0 Packets discarded for bad checksum
         0 Packets discarded due to bad sequence number
         0 Refused connections
         0 Acks received
         0 Packets dropped due to full socket buffers
         0 Retransmits
         0 Output packets
         0 Acks sent
         0 Connects
         0 Closes
         0 Keepalives received
         0 Keepalives sent
tudp:
         0 Datagrams received
         0 Datagrams with incomplete header
         0 Datagrams with bad data length field
         0 Datagrams with bad checksum
         0 Datagrams dropped due to no socket
         0 Broadcast/multicast datagrams dropped due to no socket
         0 Datagrams dropped due to full socket buffers
         0 Delivered
         1 Datagrams output
ttp:
         0 Packets sent
         0 Packets sent while unconnected
         0 Packets sent while interface down
         0 Packets sent couldn't get buffer
         0 Packets sent couldn't find neighbor
         0 Packets sent when transmit is disable
         0 Packets sent when host unreachable
         0 L3 Packets sent could not get buffer
         0 L3 Packets dropped
         0 Packets sent with bad logical interface
         0 Packets sent with bad address family
         0 L2 packets received
         0 Unknown L3 packets received
         0 IPv4 L3 packets received
         0 MPLS L3 packets received
         0 MPLS->IPV4 L3 packets received
         0 IPv4->MPLS L3 packets received
         0 IPv6 L3 packets received
         0 ARP L3 packets received
         0 CLNP L3 packets received
         0 TNP L3 packets received
         0 NULL L3 packets received
         0 Cyclotron cycle L3 packets received
         0 Cyclotron send L3 packets received
         0 Openflow packets received
         0 Packets received while unconnected
         0 Packets received from unknown ifl
         0 Input packets couldn't get buffer
         0 Input packets with bad type
         0 Input packets with discard type
         0 Input packets with too many tlvs
         0 Input packets with bad tlv header
         0 Input packets with bad tlv type
         0 Input packets dropped based on tlv result
         0 Input packets with bad address family
         0 Input packets for which rt lookup is bypassed
mpls:
         0 Total MPLS packets received
         0 Packets forwarded
         0 Packets dropped
         0 Packets with header too small
         0 After tagging, packets can't fit link MTU
         0 Packets with IPv4 explicit NULL tag
         0 Packets with IPv4 explicit NULL cksum errors
         0 Packets with router alert tag
         0 LSP ping packets (ttl-expired/router alert)
         0 Packets with ttl expired
         0 Packets with tag encoding error
         0 Packets discarded due to no route
         0 Packets used first nexthop in ecmp unilist
ethoamlfm:
         0 total received packets
         0 input drops due to bad interface state
         0 received packets forwarded
         0 total transmitted packets
         0 sent packets
         0 output drops due to bad interface state
ethoamcfm:
         0 total received packets
         0 input drops due to bad interface state
         0 received packets forwarded
         0 total transmitted packets
         0 sent packets
         0 output drops due to bad interface state
         0 flood requests forwarded to PFE
         0 flood requests dropped
vpls:
	0 total packets received
	0 with size smaller than minimum
	0 with incorrect version number
	0 packets for this host

	0 packets with no logical interface
	0 packets with no family
	0 packets with no route table
	0 packets with no auxiliary table
	0 packets with no corefacing entry
	0 packets with no CE-facing entry

	0 mac route learning requests
	0 mac routes learnt
	0 requests to learn an existing route
	0 learning requests while learning disabled on interface
	0 learning requests over capacity
	0 mac routes moved
	0 requests to move static route

	0 mac route aging requests
	0 mac routes aged
	0 bogus address in aging requests
	0 requests to age static route
	0 requests to re-ageout aged route
	0 requests involving multiple peer FEs
	0 aging acks from PFE
	0 aging non-acks from PFE
	0 aging requests timed out waiting on FEs
	0 aging requests over max-rate
	0 errors finding peer FEs
	0 unsupported platform
	0 dropped due to no l3 route table
	0 dropped due to no local ifl
	0 packets punted
	0 dropped due to no socket
bridge:
	0 total packets received
	0 with size smaller than minimum
	0 with incorrect version number
	0 packets for this host

	0 packets with no logical interface
	0 packets with no family
	0 packets with no route table
	0 packets with no auxiliary table
	0 packets with no corefacing entry
	0 packets with no CE-facing entry

	0 mac route learning requests
	0 mac routes learnt
	0 requests to learn an existing route
	0 learning requests while learning disabled on interface
	0 learning requests over capacity
	0 mac routes moved
	0 requests to move static route

	0 mac route aging requests
	0 mac routes aged
	0 bogus address in aging requests
	0 requests to age static route
	0 requests to re-ageout aged route
	0 requests involving multiple peer FEs
	0 aging acks from PFE
	0 aging non-acks from PFE
	0 aging requests timed out waiting on FEs
	0 aging requests over max-rate
	0 errors finding peer FEs
	0 unsupported platform
	0 dropped due to no l3 route table
	0 dropped due to no local ifl
	0 packets punted
	0 dropped due to no socket


root@r1> show configuration | except SECRET-DATA | display omit

## Last commit: 2017-08-31 02:55:38 PDT by root
version 15.1-20150121_ib_15_1_psd.1;
groups {
    member0 {
        system {
            host-name r1;
            backup-router 10.102.191.254;
        }
        interfaces {
            fxp0 {
                unit 0 {
                    family inet {
                        address 10.102.182.233/20;
                    }
                }
            }
        }
    }
    global {
        system {
            domain-name englab.juniper.net;
            domain-search [ englab.juniper.net juniper.net jnpr.net spglab.juniper.net ];
            time-zone America/Los_Angeles;
            debugger-on-break;
            dump-on-panic;
            authentication-order [ password radius ];
            root-authentication {
            }
            name-server {
                10.102.149.51;
                10.102.149.52;
            }
            radius-server {
            }
            login {
                class wheel {
                    permissions snmp;
                }
                user regress {
                    uid 928;
                    class superuser;
                    shell csh;
                    authentication {
                    }
                }
                user remote {
                    uid 2000;
                    class super-user;
                }
            }
            services {
                finger;
                ftp;
                rlogin;
                rsh;
                ssh {
                    root-login allow;
                }
                telnet;
                xnm-clear-text;
            }
            syslog {
                host log {
                    kernel info;
                    any notice;
                    pfe info;
                    interactive-commands any;
                }
                file messages {
                    kernel info;
                    any notice;
                    authorization info;
                    pfe info;
                    archive world-readable;
                }
                file security {
                    interactive-commands any;
                    archive world-readable;
                }
            }
            processes {
                routing enable;
                ntp enable;
                management enable;
                watchdog enable;
                snmp enable;
                inet-process enable;
                mib-process enable;
            }
            ntp {
                boot-server 66.129.255.62;
                server 66.129.255.62;
            }
        }
        chassis {
            dump-on-panic;
        }
        interfaces {
            lo0 {
                unit 0 {
                    family inet {
                        address 128.102.182.233/32 {
                            primary;
                        }
                    }
                    family iso {
                        address 47.0005.80ff.f800.0000.0108.0001.1281.0218.2233.00;
                    }
                    family inet6 {
                        address abcd::128:102:182:233/128 {
                            primary;
                        }
                    }
                }
            }
        }
        snmp {
            location "Systest lab";
            contact "Jay Lloyd";
            interface fxp0.0;
            community public {
                authorization read-only;
            }
            community private {
                authorization read-write;
            }
        }
        routing-options {
            static {
                /* corperate and alpha net */
                route 172.16.0.0/12 {
                    next-hop 10.102.191.254;
                    retain;
                    no-readvertise;
                }
                /* eng lab nets */
                route 192.168.0.0/16 {
                    next-hop 10.102.191.254;
                    retain;
                    no-readvertise;
                }
                route 10.0.0.0/8 {
                    next-hop 10.102.191.254;
                    retain;
                    no-readvertise;
                }
                /* ntp server */
                route 66.129.255.62/32 {
                    next-hop 10.102.191.254;
                    retain;
                    no-readvertise;
                }
            }
            router-id 128.102.182.233;
        }
    }
}
apply-groups [ global member0 ];
system {
    ports {
        console log-out-on-disconnect;
    }
}


root@r1> show interfaces extensive no-forwarding

Physical interface: ge-0/0/0, Enabled, Physical link is Up
  Interface index: 138, SNMP ifIndex: 515, Generation: 141
  Link-level type: Ethernet, MTU: 1514, MRU: 1522, LAN-PHY mode, Speed: 1000mbps, BPDU Error: None, MAC-REWRITE Error: None, Loopback: Disabled, Source filtering: Disabled, Flow control: Enabled
  Pad to minimum frame size: Disabled
  Device flags   : Present Running
  Interface flags: SNMP-Traps Internal: 0x4000
  Link flags     : None
  CoS queues     : 8 supported, 8 maximum usable queues
  Hold-times     : Up 0 ms, Down 0 ms
  Damping        : half-life: 0 sec, max-suppress: 0 sec, reuse: 0, suppress: 0, state: unsuppressed
  Current address: 00:05:86:48:49:00, Hardware address: 00:05:86:48:49:00
  Last flapped   : 2017-08-31 02:58:50 PDT (5d 00:25 ago)
  Statistics last cleared: Never
  Traffic statistics:
   Input  bytes  :                    0                    0 bps
   Output bytes  :                    0                    0 bps
   Input  packets:                    0                    0 pps
   Output packets:                    0                    0 pps
   IPv6 transit statistics:
    Input  bytes  :                   0
    Output bytes  :                   0
    Input  packets:                   0
    Output packets:                   0
  Dropped traffic statistics due to STP State:
   Input  bytes  :                    0
   Output bytes  :                    0
   Input  packets:                    0
   Output packets:                    0
  Input errors:
    Errors: 0, Drops: 0, Framing errors: 0, Runts: 0, Policed discards: 0, L3 incompletes: 0, L2 channel errors: 0, L2 mismatch timeouts: 0, FIFO errors: 0, Resource errors: 0
  Output errors:
    Carrier transitions: 1, Errors: 0, Drops: 0, Collisions: 0, Aged packets: 0, FIFO errors: 0, HS link CRC errors: 0, MTU errors: 0, Resource errors: 0
  Active alarms  : None
  Active defects : None
  MAC statistics:                      Receive         Transmit
    Total octets                             0                0
    Total packets                            0                0
    Unicast packets                          0                0
    Broadcast packets                        0                0
    Multicast packets                        0                0
    CRC/Align errors                         0                0
    FIFO errors                              0                0
    MAC control frames                       0                0
    MAC pause frames                         0                0
    Oversized frames                         0
