root@10.102.182.23> show version
Hostname: r3
Model: mx240
Junos: 15.1-20150121_ib_15_1_psd.1
JUNOS Base OS boot [15.1-20150121_ib_15_1_psd.1]
JUNOS Base OS Software Suite [15.1-20150121_ib_15_1_psd.1]
JUNOS Crypto Software Suite [15.1-20150121_ib_15_1_psd.1]
JUNOS Online Documentation [15.1-20150121_ib_15_1_psd.1]
JUNOS Kernel Software Suite [15.1-20150121_ib_15_1_psd.1]
JUNOS platform Software Suite [15.1-20150121_ib_15_1_psd.1]
JUNOS Routing Software Suite [15.1-20150121_ib_15_1_psd.1]
JUNOS Runtime Software Suite [15.1-20150121_ib_15_1_psd.1]
JUNOS Services AACL PIC package [15.1-20150121_ib_15_1_psd.1]
JUNOS Services Application Level Gateway (xlp64) [15.1-20150121_ib_15_1_psd.1]
JUNOS Services Application Level Gateway [15.1-20150121_ib_15_1_psd.1]
JUNOS Services AppId PIC package (xlr64) [15.1-20150121_ib_15_1_psd.1]
JUNOS AppId Services PIC Package [15.1-20150121_ib_15_1_psd.1]
JUNOS Services Application Level Gateway (xlr64) [15.1-20150121_ib_15_1_psd.1]
JUNOS Border Gateway Function PIC package [15.1-20150121_ib_15_1_psd.1]
JUNOS Services Captive Portal and Content Delivery (xlp64) [15.1-20150121_ib_15_1_psd.1]
JUNOS Services Captive Portal and Content Delivery PIC package [15.1-20150121_ib_15_1_psd.1]
JUNOS Services HTTP Content Management PIC package (xlr64) [15.1-20150121_ib_15_1_psd.1]
JUNOS Services HTTP Content Management PIC package [15.1-20150121_ib_15_1_psd.1]
JUNOS Services JFLOW PIC package [15.1-20150121_ib_15_1_psd.1]
JUNOS IDP Services PIC Package [15.1-20150121_ib_15_1_psd.1]
JUNOS Services LL-PDF PIC package [15.1-20150121_ib_15_1_psd.1]
JUNOS Services JFLOW PIC package (xlp64) [15.1-20150121_ib_15_1_psd.1]
JUNOS MobileNext PIC package [15.1-20150121_ib_15_1_psd.1]
JUNOS MobileNext PIC package (xlr64) [15.1-20150121_ib_15_1_psd.1]
JUNOS Services Mobile Subscriber Service PIC package (xlr64) [15.1-20150121_ib_15_1_psd.1]
JUNOS Services Mobile Subscriber Service Container package [15.1-20150121_ib_15_1_psd.1]
JUNOS Services NAT PIC package [15.1-20150121_ib_15_1_psd.1]
JUNOS Services NAT PIC package (xlp64) [15.1-20150121_ib_15_1_psd.1]
JUNOS Services PTSP PIC package [15.1-20150121_ib_15_1_psd.1]
JUNOS Services NAT PIC package (xlr64) [15.1-20150121_ib_15_1_psd.1]
JUNOS Services RPM PIC package (xlp64) [15.1-20150121_ib_15_1_psd.1]
JUNOS Services RPM PIC package [15.1-20150121_ib_15_1_psd.1]
JUNOS Services Stateful Firewall PIC package [15.1-20150121_ib_15_1_psd.1]
JUNOS Services Stateful Firewall PIC package (xlr64) [15.1-20150121_ib_15_1_psd.1]
JUNOS Services Stateful Firewall PIC package (xlp64) [15.1-20150121_ib_15_1_psd.1]
JUNOS BSG PIC package [15.1-20150121_ib_15_1_psd.1]
JUNOS Services Crypto Base PIC package [15.1-20150121_ib_15_1_psd.1]
JUNOS Services Crypto Base PIC package(xlr64) [15.1-20150121_ib_15_1_psd.1]
JUNOS Services Crypto Base PIC package [15.1-20150121_ib_15_1_psd.1]
JUNOS Services IPSec PIC package [15.1-20150121_ib_15_1_psd.1]
JUNOS Services SSL PIC package [15.1-20150121_ib_15_1_psd.1]
JUNOS Services IPSec PIC(xlr64) package [15.1-20150121_ib_15_1_psd.1]
JUNOS Services IPSec PIC package [15.1-20150121_ib_15_1_psd.1]
JUNOS Packet Forwarding Engine Trio Simulation Package [15.1-20150121_ib_15_1_psd.1]



root@10.102.182.23> show configuration | display set
set version 15.1-20150121_ib_15_1_psd.1
set groups member0 system host-name r3
set groups member0 system backup-router 10.102.191.254
set groups member0 interfaces fxp0 unit 0 family inet address 10.102.182.23/20
set groups global system domain-name englab.juniper.net
set groups global system domain-search englab.juniper.net
set groups global system domain-search juniper.net
set groups global system domain-search jnpr.net
set groups global system domain-search spglab.juniper.net
set groups global system time-zone America/Los_Angeles
set groups global system debugger-on-break
set groups global system dump-on-panic
set groups global system authentication-order password
set groups global system authentication-order radius
set groups global system root-authentication encrypted-password "$1$ZUlES4dp$OUwWo1g7cLoV/aMWpHUnC/"
set groups global system name-server 10.102.149.51
set groups global system name-server 10.102.149.52
set groups global system radius-server 192.168.69.162 secret "$9$iHfz9Cu0BRQznCApIRSreWxNVw2GjkKM4JGimP"
set groups global system radius-server 192.168.64.10 secret "$9$TQ/t1IcSrKAt0IRheK8X7VYgaZDm5zNdiqmTn6"
set groups global system radius-server 192.168.4.240 secret "$9$GqUqf3nCApOPfQn690ORhSeWL7-boZDylsgoGHk"
set groups global system login class wheel permissions snmp
set groups global system login user regress uid 928
set groups global system login user regress class superuser
set groups global system login user regress shell csh
set groups global system login user regress authentication encrypted-password "$1$kPU..$w.4FGRAGanJ8U4Yq6sbj7."
set groups global system login user remote uid 2000
set groups global system login user remote class super-user
set groups global system services finger
set groups global system services ftp
set groups global system services rlogin
set groups global system services rsh
set groups global system services ssh root-login allow
set groups global system services telnet
set groups global system services xnm-clear-text
set groups global system syslog host log kernel info
set groups global system syslog host log any notice
set groups global system syslog host log pfe info
set groups global system syslog host log interactive-commands any
set groups global system syslog file messages kernel info
set groups global system syslog file messages any notice
set groups global system syslog file messages authorization info
set groups global system syslog file messages pfe info
set groups global system syslog file messages archive world-readable
set groups global system syslog file security interactive-commands any
set groups global system syslog file security archive world-readable
set groups global system processes routing enable
set groups global system processes ntp enable
set groups global system processes management enable
set groups global system processes watchdog enable
set groups global system processes snmp enable
set groups global system processes inet-process enable
set groups global system processes mib-process enable
set groups global system ntp boot-server 66.129.255.62
set groups global system ntp server 66.129.255.62
set groups global chassis dump-on-panic
set groups global interfaces lo0 unit 0 family inet address 128.102.182.23/32 primary
set groups global interfaces lo0 unit 0 family iso address 47.0005.80ff.f800.0000.0108.0001.1281.0218.2023.00
set groups global interfaces lo0 unit 0 family inet6 address abcd::128:102:182:23/128 primary
set groups global snmp location "Systest lab"
set groups global snmp contact "Jay Lloyd"
set groups global snmp interface fxp0.0
set groups global snmp community public authorization read-only
set groups global snmp community private authorization read-write
set groups global routing-options static route 172.16.0.0/12 next-hop 10.102.191.254
set groups global routing-options static route 172.16.0.0/12 retain
set groups global routing-options static route 172.16.0.0/12 no-readvertise
set groups global routing-options static route 192.168.0.0/16 next-hop 10.102.191.254
set groups global routing-options static route 192.168.0.0/16 retain
set groups global routing-options static route 192.168.0.0/16 no-readvertise
set groups global routing-options static route 10.0.0.0/8 next-hop 10.102.191.254
set groups global routing-options static route 10.0.0.0/8 retain
set groups global routing-options static route 10.0.0.0/8 no-readvertise
set groups global routing-options static route 66.129.255.62/32 next-hop 10.102.191.254
set groups global routing-options static route 66.129.255.62/32 retain
set groups global routing-options static route 66.129.255.62/32 no-readvertise
set groups global routing-options router-id 128.102.182.23
set apply-groups global
set apply-groups member0
set system ports console log-out-on-disconnect



root@10.102.182.23> show configuration | display inheritance | display set
set version 15.1-20150121_ib_15_1_psd.1
set system host-name r3
set system domain-name englab.juniper.net
set system domain-search englab.juniper.net
set system domain-search juniper.net
set system domain-search jnpr.net
set system domain-search spglab.juniper.net
set system backup-router 10.102.191.254
set system time-zone America/Los_Angeles
set system debugger-on-break
set system dump-on-panic
set system authentication-order password
set system authentication-order radius
set system ports console log-out-on-disconnect
set system root-authentication encrypted-password "$1$ZUlES4dp$OUwWo1g7cLoV/aMWpHUnC/"
set system name-server 10.102.149.51
set system name-server 10.102.149.52
set system radius-server 192.168.69.162 secret "$9$iHfz9Cu0BRQznCApIRSreWxNVw2GjkKM4JGimP"
set system radius-server 192.168.64.10 secret "$9$TQ/t1IcSrKAt0IRheK8X7VYgaZDm5zNdiqmTn6"
set system radius-server 192.168.4.240 secret "$9$GqUqf3nCApOPfQn690ORhSeWL7-boZDylsgoGHk"
set system login class wheel permissions snmp
set system login user regress uid 928
set system login user regress class superuser
set system login user regress shell csh
set system login user regress authentication encrypted-password "$1$kPU..$w.4FGRAGanJ8U4Yq6sbj7."
set system login user remote uid 2000
set system login user remote class super-user
set system services finger
set system services ftp
set system services rlogin
set system services rsh
set system services ssh root-login allow
set system services telnet
set system services xnm-clear-text
set system syslog host log kernel info
set system syslog host log any notice
set system syslog host log pfe info
set system syslog host log interactive-commands any
set system syslog file messages kernel info
set system syslog file messages any notice
set system syslog file messages authorization info
set system syslog file messages pfe info
set system syslog file messages archive world-readable
set system syslog file security interactive-commands any
set system syslog file security archive world-readable
set system processes routing enable
set system processes ntp enable
set system processes management enable
set system processes watchdog enable
set system processes snmp enable
set system processes inet-process enable
set system processes mib-process enable
set system ntp boot-server 66.129.255.62
set system ntp server 66.129.255.62
set chassis dump-on-panic
set interfaces lo0 unit 0 family inet address 128.102.182.23/32 primary
set interfaces lo0 unit 0 family iso address 47.0005.80ff.f800.0000.0108.0001.1281.0218.2023.00
set interfaces lo0 unit 0 family inet6 address abcd::128:102:182:23/128 primary
set interfaces fxp0 unit 0 family inet address 10.102.182.23/20
set snmp location "Systest lab"
set snmp contact "Jay Lloyd"
set snmp interface fxp0.0
set snmp community public authorization read-only
set snmp community private authorization read-write
set routing-options static route 172.16.0.0/12 next-hop 10.102.191.254
set routing-options static route 172.16.0.0/12 retain
set routing-options static route 172.16.0.0/12 no-readvertise
set routing-options static route 192.168.0.0/16 next-hop 10.102.191.254
set routing-options static route 192.168.0.0/16 retain
set routing-options static route 192.168.0.0/16 no-readvertise
set routing-options static route 10.0.0.0/8 next-hop 10.102.191.254
set routing-options static route 10.0.0.0/8 retain
set routing-options static route 10.0.0.0/8 no-readvertise
set routing-options static route 66.129.255.62/32 next-hop 10.102.191.254
set routing-options static route 66.129.255.62/32 retain
set routing-options static route 66.129.255.62/32 no-readvertise
set routing-options router-id 128.102.182.23



root@10.102.182.23> show configuration | display inheritance | display xml
<rpc-reply xmlns:junos="http://xml.juniper.net/junos/15.1D0/junos">
    <configuration junos:commit-seconds="1504173337" junos:commit-localtime="2017-08-31 02:55:37 PDT" junos:commit-user="root">
            <version>15.1-20150121_ib_15_1_psd.1</version>
            <system>
                <host-name>r3</host-name>
                <domain-name>englab.juniper.net</domain-name>
                <domain-search>englab.juniper.net</domain-search>
                <domain-search>juniper.net</domain-search>
                <domain-search>jnpr.net</domain-search>
                <domain-search>spglab.juniper.net</domain-search>
                <backup-router>
                    <address>10.102.191.254</address>
                </backup-router>
                <time-zone>America/Los_Angeles</time-zone>
                <undocumented><debugger-on-break/></undocumented>
                <undocumented><dump-on-panic>
                </dump-on-panic></undocumented>
                <authentication-order>password</authentication-order>
                <authentication-order>radius</authentication-order>
                <ports>
                    <console>
                        <log-out-on-disconnect/>
                    </console>
                </ports>
                <root-authentication>
                    <encrypted-password>$1$ZUlES4dp$OUwWo1g7cLoV/aMWpHUnC/</encrypted-password>
                </root-authentication>
                <name-server>
                    <name>10.102.149.51</name>
                </name-server>
                <name-server>
                    <name>10.102.149.52</name>
                </name-server>
                <radius-server>
                    <name>192.168.69.162</name>
                    <secret>$9$iHfz9Cu0BRQznCApIRSreWxNVw2GjkKM4JGimP</secret>
                </radius-server>
                <radius-server>
                    <name>192.168.64.10</name>
                    <secret>$9$TQ/t1IcSrKAt0IRheK8X7VYgaZDm5zNdiqmTn6</secret>
                </radius-server>
                <radius-server>
                    <name>192.168.4.240</name>
                    <secret>$9$GqUqf3nCApOPfQn690ORhSeWL7-boZDylsgoGHk</secret>
                </radius-server>
                <login>
                    <class>
                        <name>wheel</name>
                        <permissions>snmp</permissions>
                    </class>
                    <user>
                        <name>regress</name>
                        <uid>928</uid>
                        <class>superuser</class>
                        <undocumented><shell>csh</shell></undocumented>
                        <authentication>
                            <encrypted-password>$1$kPU..$w.4FGRAGanJ8U4Yq6sbj7.</encrypted-password>
                        </authentication>
                    </user>
                    <user>
                        <name>remote</name>
                        <uid>2000</uid>
                        <class>super-user</class>
                    </user>
                </login>
                <services>
                    <finger>
                    </finger>
                    <ftp>
                    </ftp>
                    <undocumented><rlogin>
                    </rlogin></undocumented>
                    <undocumented><rsh>
                    </rsh></undocumented>
                    <ssh>
                        <root-login>allow</root-login>
                    </ssh>
                    <telnet>
                    </telnet>
                    <xnm-clear-text>
                    </xnm-clear-text>
                </services>
                <syslog>
                    <host>
                        <name>log</name>
                        <contents>
                            <name>kernel</name>
                            <info/>
                        </contents>
                        <contents>
                            <name>any</name>
                            <notice/>
                        </contents>
                        <contents>
                            <name>pfe</name>
                            <info/>
                        </contents>
                        <contents>
                            <name>interactive-commands</name>
                            <any/>
                        </contents>
                    </host>
                    <file>
                        <name>messages</name>
                        <contents>
                            <name>kernel</name>
                            <info/>
                        </contents>
                        <contents>
                            <name>any</name>
                            <notice/>
                        </contents>
                        <contents>
                            <name>authorization</name>
                            <info/>
                        </contents>
                        <contents>
                            <name>pfe</name>
                            <info/>
                        </contents>
                        <archive>
                            <world-readable/>
                        </archive>
                    </file>
                    <file>
                        <name>security</name>
                        <contents>
                            <name>interactive-commands</name>
                            <any/>
                        </contents>
                        <archive>
                            <world-readable/>
                        </archive>
                    </file>
                </syslog>
                <processes>
                    <routing>
                        <undocumented><enable/></undocumented>
                    </routing>
                    <ntp>
                        <undocumented><enable/></undocumented>
                    </ntp>
                    <undocumented><management>
                        <enable/>
                    </management></undocumented>
                    <watchdog>
                        <enable/>
                    </watchdog>
                    <daemon-process>
                        <name>snmp</name>
                        <undocumented><enable/></undocumented>
                    </daemon-process>
                    <daemon-process>
                        <name>inet-process</name>
                        <undocumented><enable/></undocumented>
                    </daemon-process>
                    <daemon-process>
                        <name>mib-process</name>
                        <undocumented><enable/></undocumented>
                    </daemon-process>
                </processes>
                <ntp>
                    <boot-server>66.129.255.62</boot-server>
                    <server>
                        <name>66.129.255.62</name>
                    </server>
                </ntp>
            </system>
            <chassis>
                <undocumented><dump-on-panic/></undocumented>
            </chassis>
            <interfaces>
                <interface>
                    <name>lo0</name>
                    <unit>
                        <name>0</name>
                        <family>
                            <inet>
                                <address>
                                    <name>128.102.182.23/32</name>
                                    <primary/>
                                </address>
                            </inet>
                            <iso>
                                <address>
                                    <name>47.0005.80ff.f800.0000.0108.0001.1281.0218.2023.00</name>
                                </address>
                            </iso>
                            <inet6>
                                <address>
                                    <name>abcd::128:102:182:23/128</name>
                                    <primary/>
                                </address>
                            </inet6>
                        </family>
                    </unit>
                </interface>
                <interface>
                    <name>fxp0</name>
                    <unit>
                        <name>0</name>
                        <family>
                            <inet>
                                <address>
                                    <name>10.102.182.23/20</name>
                                </address>
                            </inet>
                        </family>
                    </unit>
                </interface>
            </interfaces>
            <snmp>
                <location>Systest lab</location>
                <contact>Jay Lloyd</contact>
                <interface>fxp0.0</interface>
                <community>
                    <name>public</name>
                    <authorization>read-only</authorization>
                </community>
                <community>
                    <name>private</name>
                    <authorization>read-write</authorization>
                </community>
            </snmp>
            <routing-options>
                <static>
                    <junos:comment>/* corperate and alpha net */</junos:comment>
                    <route>
                        <name>172.16.0.0/12</name>
                        <next-hop>10.102.191.254</next-hop>
                        <retain/>
                        <no-readvertise/>
                    </route>
                    <junos:comment>/* eng lab nets */</junos:comment>
                    <route>
                        <name>192.168.0.0/16</name>
                        <next-hop>10.102.191.254</next-hop>
                        <retain/>
                        <no-readvertise/>
                    </route>
                    <route>
                        <name>10.0.0.0/8</name>
                        <next-hop>10.102.191.254</next-hop>
                        <retain/>
                        <no-readvertise/>
                    </route>
                    <junos:comment>/* ntp server */</junos:comment>
                    <route>
                        <name>66.129.255.62/32</name>
                        <next-hop>10.102.191.254</next-hop>
                        <retain/>
                        <no-readvertise/>
                    </route>
                </static>
                <router-id>128.102.182.23</router-id>
            </routing-options>
    </configuration>
    <cli>
        <banner></banner>
    </cli>
</rpc-reply>



root@10.102.182.23> show chassis hardware detail | display xml
<rpc-reply xmlns:junos="http://xml.juniper.net/junos/15.1D0/junos">
    <chassis-inventory xmlns="http://xml.juniper.net/junos/15.1D0/junos-chassis">
        <chassis junos:style="inventory">
            <name>Chassis</name>
            <serial-number>VMX680b</serial-number>
            <description>MX240</description>
            <chassis-module>
                <name>Midplane</name>
            </chassis-module>
            <chassis-module>
                <name>Routing Engine 0</name>
                <serial-number>13203188-8e3</serial-number>
                <description>RE-VMX</description>
                <chassis-re-disk-module>
                    <name>ad0</name>
                    <disk-size>20473</disk-size>
                    <model>QEMU HARDDISK</model>
                    <serial-number>QM00001</serial-number>
                    <description>Hard Disk</description>
                </chassis-re-disk-module>
            </chassis-module>
            <chassis-module>
                <name>CB 0</name>
                <description>VMX SCB</description>
            </chassis-module>
            <chassis-module>
                <name>CB 1</name>
                <description>VMX SCB</description>
            </chassis-module>
            <chassis-module>
                <name>FPC 0</name>
                <description>Virtual 20x1G + 4x10G FPC</description>
                <chassis-sub-module>
                    <name>CPU</name>
                    <version>Rev. 1.0</version>
                    <part-number>RIOT</part-number>
                    <serial-number>123XYZ987</serial-number>
                </chassis-sub-module>
                <chassis-sub-module>
                    <name>MIC 0</name>
                    <description>Virtual 20x 1GE(LAN) SFP</description>
                    <chassis-sub-sub-module>
                        <name>PIC 0</name>
                        <part-number>BUILTIN</part-number>
                        <serial-number>BUILTIN</serial-number>
                        <description>Virtual 10x 1GE(LAN) SFP</description>
                    </chassis-sub-sub-module>
                    <chassis-sub-sub-module>
                        <name>PIC 1</name>
                        <part-number>BUILTIN</part-number>
                        <serial-number>BUILTIN</serial-number>
                        <description>Virtual 10x 1GE(LAN) SFP</description>
                    </chassis-sub-sub-module>
                </chassis-sub-module>
                <chassis-sub-module>
                    <name>MIC 1</name>
                    <description>Virtual 4x 10GE(LAN) XFP</description>
                    <chassis-sub-sub-module>
                        <name>PIC 2</name>
                        <part-number>BUILTIN</part-number>
                        <serial-number>BUILTIN</serial-number>
                        <description>Virtual 2x 10GE(LAN) XFP</description>
                    </chassis-sub-sub-module>
                    <chassis-sub-sub-module>
                        <name>PIC 3</name>
                        <part-number>BUILTIN</part-number>
                        <serial-number>BUILTIN</serial-number>
                        <description>Virtual 2x 10GE(LAN) XFP</description>
                    </chassis-sub-sub-module>
                </chassis-sub-module>
            </chassis-module>
        </chassis>
    </chassis-inventory>
    <cli>
        <banner></banner>
    </cli>
</rpc-reply>



root@10.102.182.23> show chassis hardware detail
Hardware inventory:
Item             Version  Part number  Serial number     Description
Chassis                                VMX680b           MX240
Midplane        
Routing Engine 0                       13203188-8e3      RE-VMX
  ad0   20473 MB  QEMU HARDDISK        QM00001           Hard Disk
CB 0                                                     VMX SCB
CB 1                                                     VMX SCB
FPC 0                                                    Virtual 20x1G + 4x10G FPC
  CPU            Rev. 1.0 RIOT         123XYZ987        
  MIC 0                                                  Virtual 20x 1GE(LAN) SFP
    PIC 0                 BUILTIN      BUILTIN           Virtual 10x 1GE(LAN) SFP
    PIC 1                 BUILTIN      BUILTIN           Virtual 10x 1GE(LAN) SFP
  MIC 1                                                  Virtual 4x 10GE(LAN) XFP
    PIC 2                 BUILTIN      BUILTIN           Virtual 2x 10GE(LAN) XFP
    PIC 3                 BUILTIN      BUILTIN           Virtual 2x 10GE(LAN) XFP



root@10.102.182.23> request support information


root@r3> show system uptime no-forwarding

Current time: 2017-09-05 03:24:41 PDT
Time Source:  NTP CLOCK
System booted: 2017-08-31 02:54:18 PDT (5d 00:30 ago)
Protocols started: 2017-08-31 02:54:19 PDT (5d 00:30 ago)
Last configured: 2017-08-31 02:55:37 PDT (5d 00:29 ago) by root
 3:24AM  up 5 days, 30 mins, 0 users, load averages: 0.01, 0.01, 0.00


root@r3> show version detail no-forwarding

Hostname: r3
Model: mx240
Junos: 15.1-20150121_ib_15_1_psd.1
JUNOS Base OS boot [15.1-20150121_ib_15_1_psd.1]
JUNOS Base OS Software Suite [15.1-20150121_ib_15_1_psd.1]
JUNOS Crypto Software Suite [15.1-20150121_ib_15_1_psd.1]
JUNOS Online Documentation [15.1-20150121_ib_15_1_psd.1]
JUNOS Kernel Software Suite [15.1-20150121_ib_15_1_psd.1]
JUNOS platform Software Suite [15.1-20150121_ib_15_1_psd.1]
JUNOS Routing Software Suite [15.1-20150121_ib_15_1_psd.1]
JUNOS Runtime Software Suite [15.1-20150121_ib_15_1_psd.1]
JUNOS Services AACL PIC package [15.1-20150121_ib_15_1_psd.1]
JUNOS Services Application Level Gateway (xlp64) [15.1-20150121_ib_15_1_psd.1]
JUNOS Services Application Level Gateway [15.1-20150121_ib_15_1_psd.1]
JUNOS Services AppId PIC package (xlr64) [15.1-20150121_ib_15_1_psd.1]
JUNOS AppId Services PIC Package [15.1-20150121_ib_15_1_psd.1]
JUNOS Services Application Level Gateway (xlr64) [15.1-20150121_ib_15_1_psd.1]
JUNOS Border Gateway Function PIC package [15.1-20150121_ib_15_1_psd.1]
JUNOS Services Captive Portal and Content Delivery (xlp64) [15.1-20150121_ib_15_1_psd.1]
JUNOS Services Captive Portal and Content Delivery PIC package [15.1-20150121_ib_15_1_psd.1]
JUNOS Services HTTP Content Management PIC package (xlr64) [15.1-20150121_ib_15_1_psd.1]
JUNOS Services HTTP Content Management PIC package [15.1-20150121_ib_15_1_psd.1]
JUNOS Services JFLOW PIC package [15.1-20150121_ib_15_1_psd.1]
JUNOS IDP Services PIC Package [15.1-20150121_ib_15_1_psd.1]
JUNOS Services LL-PDF PIC package [15.1-20150121_ib_15_1_psd.1]
JUNOS Services JFLOW PIC package (xlp64) [15.1-20150121_ib_15_1_psd.1]
JUNOS MobileNext PIC package [15.1-20150121_ib_15_1_psd.1]
JUNOS MobileNext PIC package (xlr64) [15.1-20150121_ib_15_1_psd.1]
JUNOS Services Mobile Subscriber Service PIC package (xlr64) [15.1-20150121_ib_15_1_psd.1]
JUNOS Services Mobile Subscriber Service Container package [15.1-20150121_ib_15_1_psd.1]
JUNOS Services NAT PIC package [15.1-20150121_ib_15_1_psd.1]
JUNOS Services NAT PIC package (xlp64) [15.1-20150121_ib_15_1_psd.1]
JUNOS Services PTSP PIC package [15.1-20150121_ib_15_1_psd.1]
JUNOS Services NAT PIC package (xlr64) [15.1-20150121_ib_15_1_psd.1]
JUNOS Services RPM PIC package (xlp64) [15.1-20150121_ib_15_1_psd.1]
JUNOS Services RPM PIC package [15.1-20150121_ib_15_1_psd.1]
JUNOS Services Stateful Firewall PIC package [15.1-20150121_ib_15_1_psd.1]
JUNOS Services Stateful Firewall PIC package (xlr64) [15.1-20150121_ib_15_1_psd.1]
JUNOS Services Stateful Firewall PIC package (xlp64) [15.1-20150121_ib_15_1_psd.1]
JUNOS BSG PIC package [15.1-20150121_ib_15_1_psd.1]
JUNOS Services Crypto Base PIC package [15.1-20150121_ib_15_1_psd.1]
JUNOS Services Crypto Base PIC package(xlr64) [15.1-20150121_ib_15_1_psd.1]
JUNOS Services Crypto Base PIC package [15.1-20150121_ib_15_1_psd.1]
JUNOS Services IPSec PIC package [15.1-20150121_ib_15_1_psd.1]
JUNOS Services SSL PIC package [15.1-20150121_ib_15_1_psd.1]
JUNOS Services IPSec PIC(xlr64) package [15.1-20150121_ib_15_1_psd.1]
JUNOS Services IPSec PIC package [15.1-20150121_ib_15_1_psd.1]
JUNOS Packet Forwarding Engine Trio Simulation Package [15.1-20150121_ib_15_1_psd.1]
KERNEL 15.1-20150121_ib_15_1_psd.1 #0 built by builder on 2015-01-21 07:06:05 UTC
MGD release 15.1-20150121_ib_15_1_psd.1 built by builder on 2015-01-21 08:05:48 UTC
CLI release 15.1-20150121_ib_15_1_psd.1 built by builder on 2015-01-21 06:42:53 UTC
RPD release 15.1-20150121_ib_15_1_psd.1 built by builder on 2015-01-21 08:14:07 UTC
CHASSISD release 15.1-20150121_ib_15_1_psd.1 built by builder on 2015-01-21 07:23:39 UTC
PPMD release 15.1-20150121_ib_15_1_psd.1 built by builder on 2015-01-21 07:28:17 UTC
LMPD release 15.1-20150121_ib_15_1_psd.1 built by builder on 2015-01-21 07:20:24 UTC
LRMUXD release 15.1-20150121_ib_15_1_psd.1 built by builder on 2015-01-21 08:04:39 UTC
STATICD release 15.1-20150121_ib_15_1_psd.1 built by builder on 2015-01-21 08:06:21 UTC
BFDD release 15.1-20150121_ib_15_1_psd.1 built by builder on 2015-01-21 07:25:40 UTC
SDXD release 15.1-20150121_ib_15_1_psd.1 built by builder on 2015-01-21 07:17:31 UTC
AUDITD release 15.1-20150121_ib_15_1_psd.1 built by builder on 2015-01-21 07:19:32 UTC
L2ALD release 15.1-20150121_ib_15_1_psd.1 built by builder on 2015-01-21 07:28:18 UTC
EVENTD release 15.1-20150121_ib_15_1_psd.1 built by builder on 2015-01-21 07:25:43 UTC
L2CPD release 15.1-20150121_ib_15_1_psd.1 built by builder on 2015-01-21 07:28:27 UTC
ANCPD release 15.1-20150121_ib_15_1_psd.1 built by builder on 2015-01-21 07:28:21 UTC
MCSNOOPD release 15.1-20150121_ib_15_1_psd.1 built by builder on 2015-01-21 08:06:24 UTC
MPLSOAMD release 15.1-20150121_ib_15_1_psd.1 built by builder on 2015-01-21 07:19:51 UTC
COMMITD release 15.1-20150121_ib_15_1_psd.1 built by builder on 2015-01-21 08:04:44 UTC
JNUD release 15.1-20150121_ib_15_1_psd.1 built by builder on 2015-01-21 07:25:49 UTC
lighttpd/1.4.32 (ssl) - a light and fast webserver
Build-Date: Jan 21 2015 06:05:16
OVERLAYD release 15.1-20150121_ib_15_1_psd.1 built by builder on 2015-01-21 07:20:26 UTC
VCCPD release 15.1-20150121_ib_15_1_psd.1 built by builder on 2015-01-21 07:29:08 UTC
KMD release 15.1-20150121_ib_15_1_psd.1 built by builder on 2015-01-21 07:23:01 UTC
GKMD release 15.1-20150121_ib_15_1_psd.1 built by builder on 2015-01-21 07:28:44 UTC
PKID release 15.1-20150121_ib_15_1_psd.1 built by builder on 2015-01-21 07:23:01 UTC
SENDD release 15.1-20150121_ib_15_1_psd.1 built by builder on 2015-01-21 07:17:31 UTC
DFWD release 15.1-20150121_ib_15_1_psd.1 built by builder on 2015-01-21 07:27:51 UTC
DCD release 15.1-20150121_ib_15_1_psd.1 built by builder on 2015-01-21 07:37:50 UTC
SNMPD release 15.1-20150121_ib_15_1_psd.1 built by builder on 2015-01-21 08:04:52 UTC
ALARM-MGMTD release 15.1-20150121_ib_15_1_psd.1 built by builder on 2015-01-21 08:05:26 UTC
MIB2D release 15.1-20150121_ib_15_1_psd.1 built by builder on 2015-01-21 07:24:37 UTC
APSD release 15.1-20150121_ib_15_1_psd.1 built by builder on 2015-01-21 07:23:34 UTC
VRRPD release 15.1-20150121_ib_15_1_psd.1 built by builder on 2015-01-21 07:25:17 UTC
ALARMD release 15.1-20150121_ib_15_1_psd.1 built by builder on 2015-01-21 07:23:19 UTC
PFED release 15.1-20150121_ib_15_1_psd.1 built by builder on 2015-01-21 07:24:47 UTC
AGENTD release 15.1-20150121_ib_15_1_psd.1 built by builder on 2015-01-21 07:20:52 UTC
LPDFD release 15.1-20150121_ib_15_1_psd.1 built by builder on 2015-01-21 07:18:33 UTC
CRAFTD release 15.1-20150121_ib_15_1_psd.1 built by builder on 2015-01-21 07:23:43 UTC
SAMPLED release 15.1-20150121_ib_15_1_psd.1 built by builder on 2015-01-21 07:24:48 UTC
SRRD release 15.1-20150121_ib_15_1_psd.1 built by builder on 2015-01-21 07:21:34 UTC
JFLOWD release 15.1-20150121_ib_15_1_psd.1 built by builder on 2015-01-21 07:21:20 UTC
ILMID release 15.1-20150121_ib_15_1_psd.1 built by builder on 2015-01-21 07:24:05 UTC
RMOPD release 15.1-20150121_ib_15_1_psd.1 built by builder on 2015-01-21 07:23:18 UTC
COSD release 15.1-20150121_ib_15_1_psd.1 built by builder on 2015-01-21 07:30:59 UTC
FSAD release 15.1-20150121_ib_15_1_psd.1 built by builder on 2015-01-21 07:21:18 UTC
IRSD release 15.1-20150121_ib_15_1_psd.1 built by builder on 2015-01-21 07:20:42 UTC
FUD release 15.1-20150121_ib_15_1_psd.1 built by builder on 2015-01-21 07:22:22 UTC
RTSPD release 15.1-20150121_ib_15_1_psd.1 built by builder on 2015-01-21 06:40:45 UTC
SMARTD release 15.1-20150121_ib_15_1_psd.1 built by builder on 2015-01-21 06:31:36 UTC
KSYNCD release 15.1-20150121_ib_15_1_psd.1 built by builder on 2015-01-21 07:18:28 UTC
SPD release 15.1-20150121_ib_15_1_psd.1 built by builder on 2015-01-21 07:25:05 UTC
JL2TPD release 15.1-20150121_ib_15_1_psd.1 built by builder on 2015-01-21 07:24:32 UTC
JPPPOED release 15.1-20150121_ib_15_1_psd.1 built by builder on 2015-01-21 07:31:17 UTC
RDD release 15.1-20150121_ib_15_1_psd.1 built by builder on 2015-01-21 07:18:52 UTC
PPPD release 15.1-20150121_ib_15_1_psd.1 built by builder on 2015-01-21 08:04:49 UTC
DFCD release 15.1-20150121_ib_15_1_psd.1 built by builder on 2015-01-21 07:24:01 UTC
LACPD release 15.1-20150121_ib_15_1_psd.1 built by builder on 2015-01-21 07:24:36 UTC
LFMD release 15.1-20150121_ib_15_1_psd.1 built by builder on 2015-01-21 07:18:30 UTC
OAMD release 15.1-20150121_ib_15_1_psd.1 built by builder on 2015-01-21 07:21:29 UTC
CFMD release 15.1-20150121_ib_15_1_psd.1 built by builder on 2015-01-21 07:23:37 UTC
JDHCPD release 15.1-20150121_ib_15_1_psd.1 built by builder on 2015-01-21 07:27:53 UTC
JSAVALD release 15.1-20150121_ib_15_1_psd.1 built by builder on 2015-01-21 07:18:27 UTC
PGCPD release 15.1-20150121_ib_15_1_psd.1 built by builder on 2015-01-21 07:35:35 UTC
PSSD release 15.1-20150121_ib_15_1_psd.1 built by builder on 2015-01-21 07:21:30 UTC
SSD release 15.1-20150121_ib_15_1_psd.1 built by builder on 2015-01-21 07:19:13 UTC
MSPD release 15.1-20150121_ib_15_1_psd.1 built by builder on 2015-01-21 07:21:29 UTC
AUTHD release 15.1-20150121_ib_15_1_psd.1 built by builder on 2015-01-21 07:23:12 UTC
PMOND release 15.1-20150121_ib_15_1_psd.1 built by builder on 2015-01-21 07:18:49 UTC
AUTOCONFD release 15.1-20150121_ib_15_1_psd.1 built by builder on 2015-01-21 07:17:56 UTC
BBE-SMGD release 15.1-20150121_ib_15_1_psd.1 built by builder on 2015-01-21 07:30:41 UTC
JDIAMETERD release 15.1-20150121_ib_15_1_psd.1 built by builder on 2015-01-21 07:18:27 UTC
BDBREPD release 15.1-20150121_ib_15_1_psd.1 built by builder on 2015-01-21 07:17:56 UTC
RES-CLEANUPD release 15.1-20150121_ib_15_1_psd.1 built by builder on 2015-01-21 07:19:02 UTC
SBCCONFD release 15.1-20150121_ib_15_1_psd.1 built by builder on 2015-01-21 07:35:35 UTC
APPIDD release 15.1-20150121_ib_15_1_psd.1 built by builder on 2015-01-21 07:17:56 UTC
IDPD release 15.1-20150121_ib_15_1_psd.1 built by builder on 2015-01-21 07:23:13 UTC
JPPPD release 15.1-20150121_ib_15_1_psd.1 built by builder on 2015-01-21 07:31:03 UTC
JSSCD release 15.1-20150121_ib_15_1_psd.1 built by builder on 2015-01-21 07:18:27 UTC
ICCPD release 15.1-20150121_ib_15_1_psd.1 built by builder on 2015-01-21 07:18:06 UTC
SHM-RTSDBD release 15.1-20150121_ib_15_1_psd.1 built by builder on 2015-01-21 07:22:27 UTC
DATAPATH-TRACED release 15.1-20150121_ib_15_1_psd.1 built by builder on 2015-01-21 07:21:13 UTC
JPTSPD release 15.1-20150121_ib_15_1_psd.1 built by builder on 2015-01-21 07:21:23 UTC
CPCDD release 15.1-20150121_ib_15_1_psd.1 built by builder on 2015-01-21 07:21:13 UTC
SMID release 15.1-20150121_ib_15_1_psd.1 built by builder on 2015-01-21 07:19:04 UTC
SMIHELPERD release 15.1-20150121_ib_15_1_psd.1 built by builder on 2015-01-21 07:25:03 UTC
SDK-MGMTD release 15.1-20150121_ib_15_1_psd.1 built by builder on 2015-01-21 08:04:40 UTC
JDDOSD release 15.1-20150121_ib_15_1_psd.1 built by builder on 2015-01-21 07:20:14 UTC
TRANSPORTD release 15.1-20150121_ib_15_1_psd.1 built by builder on 2015-01-21 07:31:39 UTC
CLKSYNCD release 15.1-20150121_ib_15_1_psd.1 built by builder on 2015-01-21 07:30:47 UTC
SDK-VMMD release 15.1-20150121_ib_15_1_psd.1 built by builder on 2015-01-21 07:27:10 UTC
VCCPD-VNODE release 15.1-20150121_ib_15_1_psd.1 built by builder on 2015-01-21 07:29:33 UTC
VCCPDF-VNODE release 15.1-20150121_ib_15_1_psd.1 built by builder on 2015-01-21 07:30:03 UTC
KOD release 15.1-20150121_ib_15_1_psd.1 built by builder on 2015-01-21 07:21:23 UTC
DOT1XD release 15.1-20150121_ib_15_1_psd.1 built by builder on 2015-01-21 07:28:38 UTC
ESSMD release 15.1-20150121_ib_15_1_psd.1 built by builder on 2015-01-21 07:21:16 UTC
TAD release 15.1-20150121_ib_15_1_psd.1 built by builder on 2015-01-21 07:29:01 UTC
VMOND release 15.1-20150121_ib_15_1_psd.1 built by builder on 2015-01-21 07:31:55 UTC
BBE-MIBD release 15.1-20150121_ib_15_1_psd.1 built by builder on 2015-01-21 07:30:32 UTC
jroute-actions-dd release 15.1-20150121_ib_15_1_psd.1 built by builder on 2015-01-21 06:27:27 UTC
jkernel-actions-dd release 15.1-20150121_ib_15_1_psd.1 built by builder on 2015-01-21 06:27:39 UTC
ancpd-actions-dd release 15.1-20150121_ib_15_1_psd.1 built by builder on 2015-01-21 06:25:30 UTC
appsecure-actions-dd release 15.1-20150121_ib_15_1_psd.1 built by builder on 2015-01-21 06:25:30 UTC
aprobe-actions-dd release 15.1-20150121_ib_15_1_psd.1 built by builder on 2015-01-21 06:25:34 UTC
apsd-actions-dd release 15.1-20150121_ib_15_1_psd.1 built by builder on 2015-01-21 06:25:39 UTC
authd_cmd-actions-dd release 15.1-20150121_ib_15_1_psd.1 built by builder on 2015-01-21 06:25:44 UTC
autoconfd_cmd-actions-dd release 15.1-20150121_ib_15_1_psd.1 built by builder on 2015-01-21 06:25:45 UTC
bdbrepd_cmd-actions-dd release 15.1-20150121_ib_15_1_psd.1 built by builder on 2015-01-21 06:25:50 UTC
cfm-actions-dd release 15.1-20150121_ib_15_1_psd.1 built by builder on 2015-01-21 06:25:56 UTC
chassis_cmd-actions-dd release 15.1-20150121_ib_15_1_psd.1 built by builder on 2015-01-21 06:26:01 UTC
clksyncd-actions-dd release 15.1-20150121_ib_15_1_psd.1 built by builder on 2015-01-21 06:26:01 UTC
collector-actions-dd release 15.1-20150121_ib_15_1_psd.1 built by builder on 2015-01-21 06:26:07 UTC
cos_cmd-actions-dd release 15.1-20150121_ib_15_1_psd.1 built by builder on 2015-01-21 06:26:09 UTC
cpcdd_cmd-actions-dd release 15.1-20150121_ib_15_1_psd.1 built by builder on 2015-01-21 06:26:10 UTC
dcd_cmd-actions-dd release 15.1-20150121_ib_15_1_psd.1 built by builder on 2015-01-21 06:26:13 UTC
demuxd-actions-dd release 15.1-20150121_ib_15_1_psd.1 built by builder on 2015-01-21 06:26:16 UTC
dfcd_cmd-actions-dd release 15.1-20150121_ib_15_1_psd.1 built by builder on 2015-01-21 06:26:18 UTC
dot1xd-actions-dd release 15.1-20150121_ib_15_1_psd.1 built by builder on 2015-01-21 06:26:19 UTC
dyn-sess-prof-actions-dd release 15.1-20150121_ib_15_1_psd.1 built by builder on 2015-01-21 06:26:20 UTC
elmi-actions-dd release 15.1-20150121_ib_15_1_psd.1 built by builder on 2015-01-21 06:26:21 UTC
essmd-actions-dd release 15.1-20150121_ib_15_1_psd.1 built by builder on 2015-01-21 06:26:21 UTC
forwarding_options_cmd-actions-dd release 15.1-20150121_ib_15_1_psd.1 built by builder on 2015-01-21 06:26:24 UTC
fsad-actions-dd release 15.1-20150121_ib_15_1_psd.1 built by builder on 2015-01-21 06:26:24 UTC
gres-test-point-actions-dd release 15.1-20150121_ib_15_1_psd.1 built by builder on 2015-01-21 06:26:25 UTC
httpd_cmd-actions-dd release 15.1-20150121_ib_15_1_psd.1 built by builder on 2015-01-21 06:26:27 UTC
iccp_cmd-actions-dd release 15.1-20150121_ib_15_1_psd.1 built by builder on 2015-01-21 06:26:28 UTC
ilmid-actions-dd release 15.1-20150121_ib_15_1_psd.1 built by builder on 2015-01-21 06:26:29 UTC
jappid-actions-dd release 15.1-20150121_ib_15_1_psd.1 built by builder on 2015-01-21 06:26:30 UTC
jcrypto-actions-dd release 15.1-20150121_ib_15_1_psd.1 built by builder on 2015-01-21 06:26:30 UTC
jcrypto_junos-actions-dd release 15.1-20150121_ib_15_1_psd.1 built by builder on 2015-01-21 06:26:33 UTC
jddosd-actions-dd release 15.1-20150121_ib_15_1_psd.1 built by builder on 2015-01-21 06:27:04 UTC
jdiameterd-actions-dd release 15.1-20150121_ib_15_1_psd.1 built by builder on 2015-01-21 06:26:37 UTC
jidpd-actions-dd release 15.1-20150121_ib_15_1_psd.1 built by builder on 2015-01-21 06:26:44 UTC
jkernel_cmd-actions-dd release 15.1-20150121_ib_15_1_psd.1 built by builder on 2015-01-21 06:27:03 UTC
jkernel_junos-actions-dd release 15.1-20150121_ib_15_1_psd.1 built by builder on 2015-01-21 06:26:45 UTC
jpppd-actions-dd release 15.1-20150121_ib_15_1_psd.1 built by builder on 2015-01-21 06:26:46 UTC
jroute_junos-actions-dd release 15.1-20150121_ib_15_1_psd.1 built by builder on 2015-01-21 06:26:49 UTC
l2ald-actions-dd release 15.1-20150121_ib_15_1_psd.1 built by builder on 2015-01-21 06:26:52 UTC
l2ng-actions-dd release 15.1-20150121_ib_15_1_psd.1 built by builder on 2015-01-21 06:26:51 UTC
lldp-actions-dd release 15.1-20150121_ib_15_1_psd.1 built by builder on 2015-01-21 06:26:53 UTC
mcsnoop-actions-dd release 15.1-20150121_ib_15_1_psd.1 built by builder on 2015-01-21 06:27:00 UTC
mo-actions-dd release 15.1-20150121_ib_15_1_psd.1 built by builder on 2015-01-21 06:26:58 UTC
mobiled-actions-dd release 15.1-20150121_ib_15_1_psd.1 built by builder on 2015-01-21 06:27:10 UTC
pccd-actions-dd release 15.1-20150121_ib_15_1_psd.1 built by builder on 2015-01-21 06:27:04 UTC
pppd-actions-dd release 15.1-20150121_ib_15_1_psd.1 built by builder on 2015-01-21 06:27:07 UTC
pppoed-actions-dd release 15.1-20150121_ib_15_1_psd.1 built by builder on 2015-01-21 06:27:08 UTC
r2cpd-actions-dd release 15.1-20150121_ib_15_1_psd.1 built by builder on 2015-01-21 06:27:10 UTC
rdd-actions-dd release 15.1-20150121_ib_15_1_psd.1 built by builder on 2015-01-21 06:27:11 UTC
rmpsd-actions-dd release 15.1-20150121_ib_15_1_psd.1 built by builder on 2015-01-21 06:27:12 UTC
services-actions-dd release 15.1-20150121_ib_15_1_psd.1 built by builder on 2015-01-21 06:27:26 UTC
stp-actions-dd release 15.1-20150121_ib_15_1_psd.1 built by builder on 2015-01-21 06:27:15 UTC
subinfo-actions-dd release 15.1-20150121_ib_15_1_psd.1 built by builder on 2015-01-21 06:27:18 UTC
transportd-actions-dd release 15.1-20150121_ib_15_1_psd.1 built by builder on 2015-01-21 06:27:24 UTC
virtualchassis-actions-dd release 15.1-20150121_ib_15_1_psd.1 built by builder on 2015-01-21 06:27:27 UTC
vlans-ng-actions-dd release 15.1-20150121_ib_15_1_psd.1 built by builder on 2015-01-21 06:27:27 UTC
jdocs-actions-dd release 15.1-20150121_ib_15_1_psd.1 built by builder on 2015-01-21 05:57:38 UTC


root@r3> show system core-dumps no-forwarding

/var/crash/*core*: No such file or directory
/var/tmp/*core*: No such file or directory
/var/tmp/pics/*core*: No such file or directory
/var/crash/kernel.*: No such file or directory
/var/jails/rest-api/tmp/*core*: No such file or directory


root@r3> show chassis alarms no-forwarding

No alarms currently active


root@r3> show chassis hardware detail no-forwarding

Hardware inventory:
Item             Version  Part number  Serial number     Description
Chassis                                VMX680b           MX240
Midplane
Routing Engine 0                       13203188-8e3      RE-VMX
  ad0   20473 MB  QEMU HARDDISK        QM00001           Hard Disk
CB 0                                                     VMX SCB
CB 1                                                     VMX SCB
FPC 0                                                    Virtual 20x1G + 4x10G FPC
  CPU            Rev. 1.0 RIOT         123XYZ987
  MIC 0                                                  Virtual 20x 1GE(LAN) SFP
    PIC 0                 BUILTIN      BUILTIN           Virtual 10x 1GE(LAN) SFP
    PIC 1                 BUILTIN      BUILTIN           Virtual 10x 1GE(LAN) SFP
  MIC 1                                                  Virtual 4x 10GE(LAN) XFP
    PIC 2                 BUILTIN      BUILTIN           Virtual 2x 10GE(LAN) XFP
    PIC 3                 BUILTIN      BUILTIN           Virtual 2x 10GE(LAN) XFP


root@r3> show system processes extensive no-forwarding

last pid: 87727;  load averages:  0.01,  0.01,  0.00  up 5+00:30:54    03:24:42
189 processes: 5 running, 165 sleeping, 1 zombie, 18 waiting

Mem: 714M Active, 109M Inact, 81M Wired, 291M Cache, 69M Buf, 1805M Free
Swap: 6756M Total, 6756M Free


  PID USERNAME  THR PRI NICE   SIZE    RES STATE    TIME   WCPU COMMAND
   10 root        1 171   52     0K    12K RUN    118.7H 89.89% idle
87588 root        1  96    0 33476K 24536K select   0:00  7.00% mgd
87587 root        1  96    0 29640K 23164K select   0:00  7.00% cli
87581 root        1  96    0 29616K 23108K select   0:00  4.00% cli
  191 root        1  -8    0     0K    12K mdwait   0:13  0.98% md6
  130 root        1  -8    0     0K    12K mdwait   0:05  0.34% md3
   22 root        1 -68 -187     0K    12K WAIT    33:28  0.29% irq11: em0 em1 em2
87507 root        1  96    0  7328K  3728K RUN      0:00  0.17% sshd
  151 root        1  -8    0     0K    12K mdwait   0:01  0.10% md4
   54 root        1  -8    0     0K    12K mdwait   0:01  0.05% md0
   11 root        1 -20 -139     0K    12K WAIT    13:02  0.00% swi7: clock sio
 3031 root        1  96    0 94332K 21764K select  10:12  0.00% pfed
   13 root        1 -40 -159     0K    12K WAIT     5:26  0.00% swi2: netisr 0
 3033 root        1  96    0 69344K 14264K select   3:34  0.00% mib2d
   14 root        1 -20 -139     0K    12K WAIT     3:20  0.00% swi7: +
 2989 root        1  96    0 55220K 11800K select   2:38  0.00% l2ald
 2445 root        4  96    0 50280K 15232K select   2:22  0.00% chassisd
 2467 root        1  96    0 12504K  3532K select   2:04  0.00% shm-rtsdbd
 3021 root        3  20    0 10096K  3176K sigwai   2:02  0.00% jddosd
 2995 root        1  96    0   208M   127M select   1:54  0.00% cosd
 3034 root        1  96    0 23884K 13624K select   1:35  0.00% snmpd
 2479 root        1  96    0  9196K  4176K select   1:25  0.00% license-check
   30 root        1 171   52     0K    12K RUN      1:17  0.00% pagezero
 2442 root        1  96    0  1964K  1304K select   1:16  0.00% bslockd
 2472 root        1  96    0   113M  6152K select   0:59  0.00% transportd
 2007 root        1   8    0   844K   376K nanslp   0:51  0.00% gstatd
 3022 root        1  96    0  5568K  3384K select   0:50  0.00% irsd
   32 root        1  20    0     0K    12K syncer   0:41  0.00% syncer
 2987 root        1   4    0   134M 40972K kqread   0:32  0.00% rpd
 3056 root        1   8    0  2284K  1472K wait     0:31  0.00% sh
   15 root        1 -16    0     0K    12K -        0:30  0.00% yarrow
 3013 root        1   4    0 40968K 22984K kqread   0:30  0.00% l2cpd
 3035 root        1  96    0  8792K  3532K select   0:28  0.00% alarmd
   52 root        1 -16    0     0K    12K -        0:27  0.00% schedcpu
 2461 root        1  96    0 11976K  5272K select   0:27  0.00% clksyncd
 3028 root        1  96    0 65640K 32196K select   0:26  0.00% smid
    8 root        1 -16    0     0K    12K client   0:26  0.00% ifstate notify
 3016 root        1  96    0 43392K  9300K select   0:25  0.00% cfmd
 3042 root        1  96    0     0K    12K select   0:23  0.00% peerproxy10000080
 2505 root        1   4    0 36784K 18832K kqread   0:22  0.00% dot1xd
 3036 root        1  96    0 67904K 11700K select   0:22  0.00% dcd
 2483 root        1  96    0    99M  4404K select   0:20  0.00% alarm-mgmtd
 2482 root        1  96    0  9764K  4944K select   0:19  0.00% pkid
    4 root        1  -8    0     0K    12K -        0:16  0.00% g_down
   45 root        1 -16    0     0K    12K psleep   0:15  0.00% vmkmemdaemon
 2460 root        1  96    0  9636K  5012K select   0:14  0.00% bfdd
 2982 root        1  96    0  4328K  4244K select   0:13  0.00% ntpd
 2992 root        1  81  -15  8820K  4336K select   0:12  0.00% apsd
 2488 root        1  96    0 43760K  6992K select   0:11  0.00% idpd
    2 root        1  -8    0     0K    12K -        0:10  0.00% g_event
   33 root        1  20    0     0K    12K vnlrum   0:09  0.00% vnlru_mem
 3015 root        1  96    0  5736K  3516K select   0:08  0.00% lfmd
 3006 root        1  96    0 67092K 11304K select   0:07  0.00% dfcd
 2490 root        1  96    0 39664K  6176K select   0:07  0.00% smihelperd
 2455 root        1  96    0  9260K  6624K select   0:07  0.00% ppmd
 2994 root        1  96    0 11920K  7008K select   0:06  0.00% rmopd
    3 root        1  -8    0     0K    12K -        0:06  0.00% g_up
 2447 root        1  96    0  8740K  3528K select   0:06  0.00% craftd
   47 root        1 -16    0     0K    12K .        0:06  0.00% ddostasks
 2501 root        1   8    0  2268K  1492K wait     0:05  0.00% sh
 2481 root        1   4    0 24312K  9068K kqread   0:05  0.00% overlayd
   35 root        1 -16    0     0K    12K sdflus   0:05  0.00% softdepflush
 2492 root        1   8    0  2268K  1492K wait     0:05  0.00% sh
 2497 root        1   8    0  2268K  1492K wait     0:04  0.00% sh
 2273 root        1 -16    0     0K    12K kresv_   0:04  0.00% kresrsv
 3023 root        1  96    0 85936K 20652K select   0:03  0.00% dfwd
 2456 root        1  96    0  1968K  1424K select   0:03  0.00% smartd
 2485 root        1  96    0  2000K  1476K select   0:03  0.00% mountd
 3017 root        1  96    0  5588K  3128K select   0:03  0.00% mplsoamd
 3020 root        1  96    0  5040K  2828K select   0:02  0.00% iccpd
 2448 root        1  96    0 33384K 23576K select   0:02  0.00% mgd
 2059 root        1  96    0  5784K  3640K RUN      0:02  0.00% eventd
 2281 root        1   8    0  1948K  1508K nanslp   0:02  0.00% cron
   20 root        1 -64 -183     0K    12K WAIT     0:01  0.00% irq14: ata0
   31 root        1 -16    0     0K    12K psleep   0:01  0.00% bufdaemon
 2508 root        1   8    0  1952K  1344K nanslp   0:01  0.00% getty
 2441 root        1  96    0  1816K   984K select   0:01  0.00% watchdog
   34 root        1  -4    0     0K    12K vlruwt   0:01  0.00% vnlru
   42 root        1 -16    0     0K    12K psleep   0:01  0.00% vmuncachedaemon
   26 root        1 -36 -155     0K    12K WAIT     0:01  0.00% swi3: ip6opt ipopt
   53 root        1 -16    0     0K    12K no_rs    0:01  0.00% rtimeshare_thr
   28 root        1 -44 -163     0K    12K WAIT     0:01  0.00% swi1: ipfwd
  895 root        1  -8    0     0K    12K mdwait   0:01  0.00% md43
    9 root        1 -16    0     0K    12K psleep   0:00  0.00% pagedaemon
    1 root        1   8    0  1536K   852K wait     0:00  0.00% init
  955 root        1  -8    0     0K    12K mdwait   0:00  0.00% md45
  937 root        1  -8    0     0K    12K mdwait   0:00  0.00% md44
 2999 root        1  96    0  6652K  3576K select   0:00  0.00% rdd
   90 root        1  -8    0     0K    12K mdwait   0:00  0.00% md1
  110 root        1  -8    0     0K    12K mdwait   0:00  0.00% md2
 2474 root        1  96    0  7872K  4464K select   0:00  0.00% agentd
 2487 root        1  96    0 10544K  5120K select   0:00  0.00% appidd
 2486 root        1  96    0 51536K  5988K select   0:00  0.00% bbe-smgd
 3004 root        1  96    0  5692K  3404K select   0:00  0.00% pppd
 2996 root        1  96    0  5992K  3752K select   0:00  0.00% lmpd
 2998 root        1  96    0  5292K  3152K select   0:00  0.00% fsad
 2484 root        1  96    0  5412K  3184K select   0:00  0.00% mspd
 2504 root        1  96    0  5640K  3292K select   0:00  0.00% kod
 3018 root        1 114    0  7196K  3824K select   0:00  0.00% sendd
 2476 root        1   4    0  1788K  1268K accept   0:00  0.00% nfsd
  171 root        1  -8    0     0K    12K mdwait   0:00  0.00% md5
 2451 root        1  96    0  3776K  1820K select   0:00  0.00% inetd
 3014 root        1  96    0  5456K  3144K select   0:00  0.00% oamd
87582 root        1  96    0 33444K 24176K select   0:00  0.00% mgd
    0 root        1 -16    0     0K     0K WAIT     0:00  0.00% swapper
 3024 root        1 106    0  8392K  2716K select   0:00  0.00% stats-agentd
 2997 root        1 122    0  3908K  1908K select   0:00  0.00% rtspd
 2507 root        1   5    0  1956K  1344K ttyin    0:00  0.00% getty
  610 root        1  -8    0     0K    12K mdwait   0:00  0.00% md28
  876 root        1  -8    0     0K    12K mdwait   0:00  0.00% md42
 2443 root        1 111    0  2096K  1400K select   0:00  0.00% tnetd
  629 root        1  -8    0     0K    12K mdwait   0:00  0.00% md29
  496 root        1  -8    0     0K    12K mdwait   0:00  0.00% md22
87580 root        1  20    0  3244K  1872K pause    0:00  0.00% csh
  230 root        1  -8    0     0K    12K mdwait   0:00  0.00% md8
 2506 root        1   5    0  1956K  1344K ttyin    0:00  0.00% getty
  534 root        1  -8    0     0K    12K mdwait   0:00  0.00% md24
  648 root        1  -8    0     0K    12K mdwait   0:00  0.00% md30
  401 root        1  -8    0     0K    12K mdwait   0:00  0.00% md17
  515 root        1  -8    0     0K    12K mdwait   0:00  0.00% md23
  382 root        1  -8    0     0K    12K mdwait   0:00  0.00% md16
  420 root        1  -8    0     0K    12K mdwait   0:00  0.00% md18
  363 root        1  -8    0     0K    12K mdwait   0:00  0.00% md15
  477 root        1  -8    0     0K    12K mdwait   0:00  0.00% md21
  553 root        1  -8    0     0K    12K mdwait   0:00  0.00% md25
  344 root        1  -8    0     0K    12K mdwait   0:00  0.00% md14
  287 root        1  -8    0     0K    12K mdwait   0:00  0.00% md11
  572 root        1  -8    0     0K    12K mdwait   0:00  0.00% md26
  800 root        1  -8    0     0K    12K mdwait   0:00  0.00% md38
  249 root        1  -8    0     0K    12K mdwait   0:00  0.00% md9
  211 root        1  -8    0     0K    12K mdwait   0:00  0.00% md7
  458 root        1  -8    0     0K    12K mdwait   0:00  0.00% md20
  724 root        1  -8    0     0K    12K mdwait   0:00  0.00% md34
 3032 root        1 106    0  2048K  1340K select   0:00  0.00% tnp.sntpd
  268 root        1  -8    0     0K    12K mdwait   0:00  0.00% md10
  667 root        1  -8    0     0K    12K mdwait   0:00  0.00% md31
  819 root        1  -8    0     0K    12K mdwait   0:00  0.00% md39
  439 root        1  -8    0     0K    12K mdwait   0:00  0.00% md19
  306 root        1  -8    0     0K    12K mdwait   0:00  0.00% md12
  686 root        1  -8    0     0K    12K mdwait   0:00  0.00% md32
  705 root        1  -8    0     0K    12K mdwait   0:00  0.00% md33
  838 root        1  -8    0     0K    12K mdwait   0:00  0.00% md40
  743 root        1  -8    0     0K    12K mdwait   0:00  0.00% md35
  591 root        1  -8    0     0K    12K mdwait   0:00  0.00% md27
  325 root        1  -8    0     0K    12K mdwait   0:00  0.00% md13
  781 root        1  -8    0     0K    12K mdwait   0:00  0.00% md37
87727 root        1  96    0 22732K  1836K RUN      0:00  0.00% top
  857 root        1  -8    0     0K    12K mdwait   0:00  0.00% md41
87583 root        1   8    0  2268K  1508K wait     0:00  0.00% sh
  762 root        1  -8    0     0K    12K mdwait   0:00  0.00% md36
   19 root        1 -12 -131     0K    12K WAIT     0:00  0.00% swi9: task queue
87495 root        1   8    0  1748K   788K nanslp   0:00  0.00% sleep
87494 root        1   8    0  1748K   788K nanslp   0:00  0.00% sleep
87496 root        1   8    0  1748K   788K nanslp   0:00  0.00% sleep
   25 root        1 -48 -167     0K    12K WAIT     0:00  0.00% swi0: sio
87726 root        1   8    0  1748K   788K nanslp   0:00  0.00% sleep
   44 root        1 -16    0     0K    12K select   0:00  0.00% if_pic_listen0
 2480 root        1   4    0  1784K  1224K -        0:00  0.00% nfsd
    7 root        1   8    0     0K    12K -        0:00  0.00% kqueue taskq
   40 root        1 -16    0     0K    12K select   0:00  0.00% if_pfe_listen
   37 root        1   4    0     0K    12K dump_r   0:00  0.00% kern_dump_proc
   29 root        1  20    0     0K    12K psleep   0:00  0.00% vmdaemon
   39 root        1   4    0     0K    12K purge_   0:00  0.00% kern_pir_proc
    5 root        1   8    0     0K    12K -        0:00  0.00% thread taskq
 2265 root        1   8    0     0K    12K crypto   0:00  0.00% crypto
    6 root        1   8    0     0K    12K -        0:00  0.00% mastership taskq
   41 root        1   4    0     0K    12K scs_ho   0:00  0.00% scs_housekeeping
   36 root        1  96    0     0K    12K sleep    0:00  0.00% netdaemon
 2266 root        1   8    0     0K    12K crypto   0:00  0.00% crypto returns
   46 root        1  20    0     0K    12K condsl   0:00  0.00% delayedexecd
   51 root        1   8    0     0K    12K -        0:00  0.00% nfsiod 3
   48 root        1   8    0     0K    12K -        0:00  0.00% nfsiod 0
   49 root        1   8    0     0K    12K -        0:00  0.00% nfsiod 1
   50 root        1   8    0     0K    12K -        0:00  0.00% nfsiod 2
   43 root        1   4    0     0K    12K cb-pol   0:00  0.00% cb_poll
   18 root        1 -12 -131     0K    12K WAIT     0:00  0.00% swi9: Giant taskq
   17 root        1 -16 -135     0K    12K WAIT     0:00  0.00% swi8: +
   12 root        1 -24 -143     0K    12K WAIT     0:00  0.00% swi6: vm
   16 root        1 -28 -147     0K    12K WAIT     0:00  0.00% swi5: cambio
   27 root        1 -32 -151     0K    12K WAIT     0:00  0.00% swi4: ip6mismatch+
   24 root        1 -60 -179     0K    12K WAIT     0:00  0.00% irq12: psm0
   23 root        1 -60 -179     0K    12K WAIT     0:00  0.00% irq1: atkbd0
   21 root        1 -64 -183     0K    12K WAIT     0:00  0.00% irq15: ata1



root@r3> show pfe statistics error


Slot 0



HSL2 Errors:
------------
  *****  No errors on this PFE  *****
LU Chip 0
LUCHIP(0) ISTAT PIO Errors:
    None recorded.


root@r3> show pfe statistics traffic

Packet Forwarding Engine traffic statistics:
    Input  packets:                    0                    0 pps
    Output packets:                    0                    0 pps
Packet Forwarding Engine local traffic statistics:
    Local packets input                 :                    0
    Local packets output                :                    0
    Software input control plane drops  :                    0
    Software input high drops           :                    0
    Software input medium drops         :                    0
    Software input low drops            :                    0
    Software output drops               :                    0
    Hardware input drops                :                    0
Packet Forwarding Engine local protocol statistics:
    HDLC keepalives            :                    0
    ATM OAM                    :                    0
    Frame Relay LMI            :                    0
    PPP LCP/NCP                :                    0
    OSPF hello                 :                    0
    OSPF3 hello                :                    0
    RSVP hello                 :                    0
    LDP hello                  :                    0
    BFD                        :                    0
    IS-IS IIH                  :                    0
    LACP                       :                    0
    ARP                        :                    0
    ETHER OAM                  :                    0
    Unknown                    :                    0
Packet Forwarding Engine hardware discard statistics:
    Timeout                    :                    0
    Truncated key              :                    0
    Bits to test               :                    0
    Data error                 :                    0
    Stack underflow            :                    0
    Stack overflow             :                    0
    Normal discard             :                    0
    Extended discard           :                    0
    Invalid interface          :                    0
    Info cell drops            :                    0
    Fabric drops               :                    0
Packet Forwarding Engine Input IPv4 Header Checksum Error and Output MTU Error statistics:
    Input Checksum             :                    0
    Output MTU                 :                    0


root@r3> show chassis routing-engine no-forwarding

Routing Engine status:
  Slot 0:
    Current state                  Master
    Election priority              Master (default)
    Temperature                 0 degrees C / 32 degrees F
    DRAM                      3072 MB (4096 MB installed)
    Memory utilization          31 percent
    5 sec CPU utilization:
      User                       5 percent
      Background                 0 percent
      Kernel                     6 percent
      Interrupt                  2 percent
      Idle                      87 percent
    1 min CPU utilization:
      User                       1 percent
      Background                 0 percent
      Kernel                     1 percent
      Interrupt                  1 percent
      Idle                      97 percent
    5 min CPU utilization:
      User                       0 percent
      Background                 0 percent
      Kernel                     0 percent
      Interrupt                  1 percent
      Idle                      98 percent
    15 min CPU utilization:
      User                       0 percent
      Background                 0 percent
      Kernel                     0 percent
      Interrupt                  1 percent
      Idle                      98 percent
    Model                          RE-VMX
    Serial ID                      13203188-8e3
    Start time                     2017-08-31 02:54:18 PDT
    Uptime                         5 days, 30 minutes, 20 seconds
    Last reboot reason             0x200:normal shutdown
    Load averages:                 1 minute   5 minute  15 minute
                                       0.01       0.01       0.00


root@r3> show chassis environment no-forwarding



root@r3> show chassis firmware no-forwarding

Part                     Type       Version
FPC 0                    ROM        PC Bios
                         O/S        Version 15.1-20150121_ib_15_1_psd.1 by builder on 2015-01-21 06:40:50 UTC


root@r3> show chassis fpc detail

Slot 0 information:
  State                                 Online
  Temperature                        Testing
  Total CPU DRAM                    512 MB
  Total RLDRAM                       10 MB
  Total DDR DRAM                      0 MB
  Start time:                           2017-08-31 02:56:10 PDT
  Uptime:                               5 days, 28 minutes, 31 seconds
  Max Power Consumption               0 Watts


root@r3> show system boot-messages  no-forwarding

Copyright (c) 1996-2015, Juniper Networks, Inc.
All rights reserved.
Copyright (c) 1992-2007 The FreeBSD Project.
Copyright (c) 1979, 1980, 1983, 1986, 1988, 1989, 1991, 1992, 1993, 1994
	The Regents of the University of California. All rights reserved.
FreeBSD is a registered trademark of The FreeBSD Foundation.
JUNOS 15.1-20150121_ib_15_1_psd.1 #0: 2015-01-21 07:06:05 UTC
    builder@svl-junos-p002:/volume/build/junos/ib_15_1_psd/15.1/development/20150121.1/obj/i386/junos/bsd/kernels/JUNIPER/kernel
Timecounter "i8254" frequency 1193182 Hz quality 0
CPU: QEMU Virtual CPU version 2.5+ (2500.08-MHz 686-class CPU)
  Origin = "GenuineIntel"  Id = 0x663  Stepping = 3
  Features=0x783fbfd<FPU,DE,PSE,TSC,MSR,PAE,MCE,CX8,APIC,SEP,MTRR,PGE,MCA,CMOV,PAT,PSE36,MMX,FXSR,SSE,SSE2>
  Features2=0x80202001<SSE3,CX16,x2APIC,<b31>>
  AMD Features=0x20100800<SYSCALL,NX,LM>
  AMD Features2=0x1<LAHF>
real memory  = 4294967296 (4096 MB)
avail memory = 3143864320 (2998 MB)
Security policy loaded: Junos MAC/veriexec (mac_veriexec)
Security policy loaded: JUNOS MAC/runasnonroot (mac_runasnonroot)
Security policy loaded: JUNOS MAC/pcap (mac_pcap)
MAC/veriexec fingerprint module loaded: SHA1
MAC/veriexec fingerprint module loaded: SHA256
Initializing M/T/EX platform properties ..
cpu0 on motherboard
pcib0: <Host to PCI bridge> pcibus 0 on motherboard
pir0: <PCI Interrupt Routing Table: 6 Entries> on motherboard
pci0: <PCI bus> on pcib0
$PIR: ROUTE_INTERRUPT failed.
Correcting Natoma config for non-SMP
isab0: <PCI-ISA bridge> at device 1.0 on pci0
isa0: <ISA bus> on isab0
atapci0: <Intel PIIX3 WDMA2 controller> port 0x1f0-0x1f7,0x3f6,0x170-0x177,0x376,0xc0e0-0xc0ef at device 1.1 on pci0
ata0: <ATA channel 0> on atapci0
ata1: <ATA channel 1> on atapci0
pci0: <serial bus, USB> at device 1.2 (no driver attached)
smb0: <Intel 82371AB SMB controller> irq 9 at device 1.3 on pci0
pci0: <display, VGA> at device 2.0 (no driver attached)
em0: <Intel(R) PRO/1000 Network Connection Version - 3.2.18> port 0xc000-0xc03f mem 0xfeb80000-0xfeb9ffff irq 11 at device 3.0 on pci0
em0: Memory Access and/or Bus Master bits were not set!
em1: <Intel(R) PRO/1000 Network Connection Version - 3.2.18> port 0xc040-0xc07f mem 0xfeba0000-0xfebbffff irq 11 at device 3.1 on pci0
em1: Memory Access and/or Bus Master bits were not set!
em2: <Intel(R) PRO/1000 Network Connection Version - 3.2.18> port 0xc080-0xc0bf mem 0xfebc0000-0xfebdffff irq 11 at device 3.2 on pci0
em2: Memory Access and/or Bus Master bits were not set!
orm0: <ISA Option ROM> at iomem 0xee800-0xeffff on isa0
atkbdc0: <Keyboard controller (i8042)> at port 0x60,0x64 on isa0
atkbd0: <AT Keyboard> irq 1 on atkbdc0
kbd0 at atkbd0
psm0: <PS/2 Mouse> irq 12 on atkbdc0
psm0: model IntelliMouse Explorer, device ID 4
vga0: <Generic ISA VGA> at port 0x3c0-0x3df iomem 0xa0000-0xbffff on isa0
sc0: <System console> at flags 0x100 on isa0
sc0: VGA <16 virtual consoles, flags=0x100>
sio0 at port 0x3f8-0x3ff irq 4 flags 0x90 on isa0
sio0: type 16550A, console
sio1: configured irq 5 not in bitmap of probed irqs 0
sio1: port may not be enabled
sio2: configured irq 3 not in bitmap of probed irqs 0
sio2: port may not be enabled
sio3: configured irq 7 not in bitmap of probed irqs 0
sio3: port may not be enabled
jnx_get_vm_chassis_type: vm_ch_str mx240
jnx_get_vm_chassis_type: vchassis_type: 48
jnx_product_set_vplatform: vchassis_type is 48
jnx_product_set_vplatform: virt_chassis_i2cid 21
jnx_product_set_vplatform: virt_chassis_i2cid 33
jnx_product_set_vplatform: virt_chassis_i2cid 48
VPlatform: Setting product type to mx240
jnx_product_set_vplatform: jnx_re_type=160, jnx_product_type=48 48
Initializing product: 48 ..
Setting up M/T interface operations and attributes
em2: bus=0, device=3, func=2, Ethernet address 56:68:a6:6b:31:9f
em1: bus=0, device=3, func=1, Ethernet address 56:68:a6:6b:31:9e
fxp0: bus=0, device=3, func=0, Ethernet address 56:68:a6:6b:31:9d
Timecounter "TSC" frequency 2500080545 Hz quality 800
Registered AMT tunnel Encap with UDP Tunnel!
 Loading Redundant LT driver
###PCB Group initialized for udppcbgroup
###PCB Group initialized for tcppcbgroup
ad0: 20473MB <QEMU HARDDISK 2.5+> at ata0-master WDMA2
Loading JUNOS chassis module
chassis_init_hw_chassis_startup_time: chassis startup time 0.000000
Kernel thread "wkupdaemon" (pid 38) exited prematurely.
Trying to mount root from ufs:/dev/ad0s1a


root@r3> show system storage no-forwarding

Filesystem              Size       Used      Avail  Capacity   Mounted on
/dev/ad0s1a             3.5G       397M       2.9G       12%  /
devfs                   1.0K       1.0K         0B      100%  /dev
/dev/md0                 80M        80M         0B      100%  /packages/mnt/jbase
/dev/md1                 28M        28M         0B      100%  /packages/mnt/jkernel-15.1-20150121_ib_15_1_psd.1
/dev/md2                 11M        11M         0B      100%  /packages/mnt/jdocs-15.1-20150121_ib_15_1_psd.1
/dev/md3                161M       161M         0B      100%  /packages/mnt/jroute-15.1-20150121_ib_15_1_psd.1
/dev/md4                 59M        59M         0B      100%  /packages/mnt/jcrypto-15.1-20150121_ib_15_1_psd.1
/dev/md5                1.3M       1.3M         0B      100%  /packages/mnt/jplatform-15.1-20150121_ib_15_1_psd.1
/dev/md6                637M       637M         0B      100%  /packages/mnt/jruntime-15.1-20150121_ib_15_1_psd.1
/dev/md7                156K       156K         0B      100%  /packages/mnt/jservices-aacl-pic-15.1-20150121_ib_15_1_psd.1
/dev/md8                2.0M       2.0M         0B      100%  /packages/mnt/jservices-alg-pic-15.1-20150121_ib_15_1_psd.1
/dev/md9                1.1M       1.1M         0B      100%  /packages/mnt/jservices-alg-xlp64-15.1-20150121_ib_15_1_psd.1
/dev/md10               1.1M       1.1M         0B      100%  /packages/mnt/jservices-alg-xlr64-15.1-20150121_ib_15_1_psd.1
/dev/md11               1.4M       1.4M         0B      100%  /packages/mnt/jservices-appid-pic-15.1-20150121_ib_15_1_psd.1
/dev/md12               984K       984K         0B      100%  /packages/mnt/jservices-appid-xlr64-15.1-20150121_ib_15_1_psd.1
/dev/md13                11M        11M         0B      100%  /packages/mnt/jservices-bgf-pic-15.1-20150121_ib_15_1_psd.1
/dev/md14               280K       280K         0B      100%  /packages/mnt/jservices-cpcd-pic-15.1-20150121_ib_15_1_psd.1
/dev/md15               188K       188K         0B      100%  /packages/mnt/jservices-cpcd-xlp64-15.1-20150121_ib_15_1_psd.1
/dev/md16               4.8M       4.8M         0B      100%  /packages/mnt/jservices-crypto-base-pic-15.1-20150121_ib_15_1_psd.1
/dev/md17               2.5M       2.5M         0B      100%  /packages/mnt/jservices-crypto-base-xlp64-15.1-20150121_ib_15_1_psd.1
/dev/md18               2.5M       2.5M         0B      100%  /packages/mnt/jservices-crypto-base-xlr64-15.1-20150121_ib_15_1_psd.1
/dev/md19               420K       420K         0B      100%  /packages/mnt/jservices-hcm-pic-15.1-20150121_ib_15_1_psd.1
/dev/md20               292K       292K         0B      100%  /packages/mnt/jservices-hcm-xlr64-15.1-20150121_ib_15_1_psd.1
/dev/md21               3.5M       3.5M         0B      100%  /packages/mnt/jservices-idp-pic-15.1-20150121_ib_15_1_psd.1
/dev/md22                11M        11M         0B      100%  /packages/mnt/jservices-ipsec-pic-15.1-20150121_ib_15_1_psd.1
/dev/md23               246K       246K         0B      100%  /packages/mnt/jservices-ipsec-xlp64-15.1-20150121_ib_15_1_psd.1
/dev/md24               246K       246K         0B      100%  /packages/mnt/jservices-ipsec-xlr64-15.1-20150121_ib_15_1_psd.1
/dev/md25               224K       224K         0B      100%  /packages/mnt/jservices-jflow-pic-15.1-20150121_ib_15_1_psd.1
/dev/md26               152K       152K         0B      100%  /packages/mnt/jservices-jflow-xlp64-15.1-20150121_ib_15_1_psd.1
/dev/md27               462K       462K         0B      100%  /packages/mnt/jservices-llpdf-pic-15.1-20150121_ib_15_1_psd.1
/dev/md28                29M        29M         0B      100%  /packages/mnt/jservices-mobile-pic-15.1-20150121_ib_15_1_psd.1
/dev/md29                28M        28M         0B      100%  /packages/mnt/jservices-mobile-xlr64-15.1-20150121_ib_15_1_psd.1
/dev/md30               1.2M       1.2M         0B      100%  /packages/mnt/jservices-mss-xlr-15.1-20150121_ib_15_1_psd.1
/dev/md31               854K       854K         0B      100%  /packages/mnt/jservices-mss-xlr64-15.1-20150121_ib_15_1_psd.1
/dev/md32               1.1M       1.1M         0B      100%  /packages/mnt/jservices-nat-pic-15.1-20150121_ib_15_1_psd.1
/dev/md33               592K       592K         0B      100%  /packages/mnt/jservices-nat-xlp64-15.1-20150121_ib_15_1_psd.1
/dev/md34               606K       606K         0B      100%  /packages/mnt/jservices-nat-xlr64-15.1-20150121_ib_15_1_psd.1
/dev/md35               554K       554K         0B      100%  /packages/mnt/jservices-ptsp-pic-15.1-20150121_ib_15_1_psd.1
/dev/md36               142K       142K         0B      100%  /packages/mnt/jservices-rpm-pic-15.1-20150121_ib_15_1_psd.1
/dev/md37               114K       114K         0B      100%  /packages/mnt/jservices-rpm-xlp64-15.1-20150121_ib_15_1_psd.1
/dev/md38               376K       376K         0B      100%  /packages/mnt/jservices-sfw-pic-15.1-20150121_ib_15_1_psd.1
/dev/md39               196K       196K         0B      100%  /packages/mnt/jservices-sfw-xlp64-15.1-20150121_ib_15_1_psd.1
/dev/md40               196K       196K         0B      100%  /packages/mnt/jservices-sfw-xlr64-15.1-20150121_ib_15_1_psd.1
/dev/md41               520K       520K         0B      100%  /packages/mnt/jservices-ssl-pic-15.1-20150121_ib_15_1_psd.1
/dev/md42                69M        69M         0B      100%  /packages/mnt/jservices-voice-bsg-15.1-20150121_ib_15_1_psd.1
/dev/md43                51M        51M         0B      100%  /packages/mnt/jsim-vmx-15.1-20150121_ib_15_1_psd.1
/dev/md44               6.5G        20K       6.0G        0%  /tmp
/dev/md45               6.5G       1.2M       6.0G        0%  /mfs
procfs                  4.0K       4.0K         0B      100%  /proc
/dev/ad0s1e            1007M        16K       926M        0%  /config
/dev/ad0s1f             8.7G        25M       7.9G        0%  /var


root@r3> show system virtual-memory no-forwarding

         Type InUse MemUse HighUse Requests  Size(s)
       module   282    18K       -      282  64,128,256
     mtx_pool     1     8K       -        1  64,128,256
        DEVFS     7     1K       -        8  16,128
      subproc   396   788K       -   487077  32768,8388608
         proc     2     1K       -        2  1048576
      session    11     2K       -     3469  2048
         pgrp    11     1K       -     3469  128
         cred    69     9K       -  4621776  1024
      uidinfo     2     1K       -        7  32,2048
       plimit    27     7K       -    38091  32768
    sysctltmp     0     0K       -   262511  16,32,2048,16384
    sysctloid  1197    31K       -     1197  16,32,64
         umtx   217    11K       -      217  64
     ifa_list    10     1K       -       11  16
vpls_lc_instance     1     2K       -        1 4194304
         ddos     7   126K       -        7  32,64,1048576,2097152
        devrt     9    31K       -        9  32,1048576,4194304
 ifl_tlv_info     1     1K       -        1  16
   ifl_st_ctl     2     1K       -        2  16
   mesh-group     4     1K       -        4  256
InterFaceBridgeDomain     1     1K       -        1 2048
       rtsmsg     0     0K       -       28  8388608
          idl     1     8K       -       93  16,64,128,16384,1048576,8388608
          jsr     2     1K       -        6  16
       gencfg   419    60K       -      677  16,32,64,128,512,4096,32768,1048576,2097152,4194304
      pfestat   132    34K       -  1813783  16,32,4096,16384,4194304,8388608
          pic    13     5K       -       13  32,64,256,2097152
           lr     1     1K       -        1  1048576
     itable64     1     1K       -        1  1024
     itable32   195    13K       -      195  128
     itable16  1415   330K       -     1427  4096,262144
      ifstate  3872   141K       -    41410  16,32,64,128,256,512,1024,2048,4096,32768,524288,2097152,4194304
      pfe_ipc     0     0K       -   910530  16,32,64,128,256,512,4096,8192,32768,65536,1048576,2097152,4194304,8388608
         mkey   540     9K       -   269109  16,256
       ifaddr    23     2K       -       25  128,512
       sysctl    23     6K       -  3848754  16,32,64,128,262144,1048576,2097152
       rtable   134    18K       -      150  16,32,256,512,4096,8192,1048576
      ifmaddr    99     3K       -      104  16,32
         ipfw    48    25K       -      103  16,32,64,128,256,1024,4096,16384,32768,262144,524288,1048576,2097152,4194304,8388608
       ifstat   933  3690K       -   149089  16,32,512,2048,1048576,8388608
     ifdevice     8     1K       -        9  16
       rcache     4     8K       -        4  4194304
        rnode    67     2K       -       79  16,32
      metrics     8     1K       -        9  1024
    rtnexthop   143    23K       -      159  32,1024,2048,4096,8192,16384,65536,1048576
     iffamily    36     4K       -       39  16,32,1024,2048,4096,8192
    iflogical    16     4K       -       19  16,65536,262144,1048576
    schedhist     1   160K       -        1  16,65536,262144,1048576
  NULLFS hash     1     1K       -        1  128
         SWAP     2   957K       -        2  64
       bus-sc    21    32K       -      555  16,32,64,128,2048,4096,32768,524288,1048576,4194304,8388608
          bus   518    54K       -     1461  16,32,64,128,512,2097152
      devstat    20    41K       -       20  16,8388608
 eventhandler    70     4K       -       70  32,256,512
         kobj   103   206K       -      121  4194304
    pfs_nodes    25     2K       -       25  256
  pfs_vncache    67     3K       -      172  32
         rman    54     4K       -      453  16,32,128
         sbuf     0     0K       -     1363  16,32,128,2048,262144,1048576,2097152,4194304,8388608
         GEOM   470    29K       -     2265  16,32,128,256,512,1024,2048,16384,1048576,2097152,8388608
    taskqueue     9     1K       -        9  16,256
   turnstiles   218    14K       -      218  128
       Unitno     6     1K       -       20  16,64
          iov     0     0K       -  1146834  16,32,64,128,512,1024,2048,4096,16384
     ioctlops     0     0K       -    40115  16,64,128,256,524288,1048576,4194304,8388608
          msg     4    25K       -        4  2097152,8388608
          sem     4     7K       -        4  1048576,2097152,8388608
          shm    14    80K       -       33  8388608
         ttys   208    43K       -      551  2048,2097152
     mbuf_tag     0     0K       -    24153  16,32
          pcb   409   108K       -   262916  16,32,64,128,256,8192,16384,65536,262144,1048576,2097152,4194304,8388608
       soname   173    19K       -  1327163  16,32,64,1024
   BIO buffer    75   150K       -     1234  4194304
     vfscache     1   512K       -        1  4194304
cluster_save buffer     0     0K       -       21 32,64,128,256
     VFS hash     1   256K       -        1  32,64,128,256
       vnodes     1     1K       -        1  2048
  vnodemarker     0     0K       -   152178  524288
        mount   820    72K       -     4555  16,32,64,128,256,512,1024,2048,4096,8192,16384,262144,1048576,2097152
      MD disk    46    92K       -       46  4194304
      ibitmap     8    42K       -        8  16,32,262144,2097152
  ifl_idx_mgr     3     1K       -        3  16,32,128
CAM dev queue     1     1K       -        1  128
    CAM queue     3     1K       -        3  16
   ISOFS node  2499   235K       -     2628  512
  ISOFS mount    44     6K       -       87  2048
  ata_generic     2     2K       -      485  16,1048576,2097152
    ad_driver     1     1K       -        1  1024
      CAM SIM     1     1K       -        1  64
          STP    79    17K       -       79  16,1024,2048,1048576
   CAM periph     1     1K       -        1  256
     syncache     1     8K       -        1  256
      ata_dma     2     1K       -        2  1024
     tlv_stat     0     0K       -   149241  1024
nhack_info_entries     3     1K       -        3 16,32
JFE statistics     1     1K       -        1 512
          COS     1    40K       -        1  512
shared_bitvector     3     1K       -        3 32,4096
Bridge Domain     2     1K       -        2  16,1048576
   NFS daemon     2     9K       -        2  1048576
  NFS srvsock     1     1K       -        1  2048
     p1003.1b     1     1K       -        1  16
        jlist     1     1K       -        1  64
         cdev    22     3K       -       22  1024
      CAM XPT     6     1K       -        9  16,64,1048576
        sigio     1     1K       -      131  32
     filedesc   227    49K       -   487301  16,4096,16384,1048576
      kdtrace   399    66K       -   487086  128,262144
         kenv    58     6K       -       95  16,32,64,128,8388608
       kqueue    40    20K       -       88  32,4096,262144,2097152
    proc-args    83     4K       -   353340  16,32,64,128,256,512,1024,2048,4096,8192,16384
       zombie     1     1K       -   486682  256
       newblk     1     1K       -        1  262144
     inodedep     1   256K       -        1  262144
      pagedep     1    64K       -        1  262144
    UFS mount    15    32K       -       15  32768,4194304,8388608
      ithread    69     5K       -       69  16,64,2048
      UMAHash     1     2K       -        4  262144,1048576,2097152,4194304
      entropy  1024    48K       -     1024  64
       KTRACE   100     8K       -      100  256
       linker   637 14351K       -     1594  16,32,64,128,1024,2048,4096,8192,16384,524288,2097152,8388608
    VM pgdata     2    65K       -        2  128
        lockf    69     5K       -   125404  128
     atkbddev     2     1K       -        2  32
       isadev    22     2K       -       22  64
       ip6ndp     0     0K       -        2  512
    legacydrv     4     1K       -        4  16
         temp  1866   239K       -  1387664  16,32,64,128,256,512,1024,2048,4096,8192,16384,65536,262144,524288,1048576,2097152,4194304,8388608
      memdesc     1     4K       -        1  8388608
     nexusdev     3     1K       -        3  16
       devbuf  1189  7219K       -     1209  16,32,64,128,256,512,1024,2048,4096,8192,16384,32768,65536,262144,524288,1048576,2097152,4194304,8388608
         $PIR     4     1K       -        4  32
       DEVFS1   121    28K       -      123  32768
       DEVFS3   128    15K       -      129  1024
gresstatevarlog     1    88K       -        1 1024
         bmeb     9   311K       -        9  16,32,4096,4194304
       crypto     1     1K       -        1  1048576
  Export Host     2     2K       -        2  2097152
  inpcbpolicy   110     2K       -   130223  16
  ipsecpolicy   220    35K       -   260446  4096
ITEM            SIZE     LIMIT     USED    FREE  REQUESTS
UMA Kegs:        136,        0,      85,     11,       85
UMA Zones:       120,        0,      85,      5,       85
UMA Slabs:        64,        0,    1418,     57,   150840
UMA RCntSlabs:   104,        0,     499,     19,      499
UMA Hash:        128,        0,       4,     26,        5
16 Bucket:        76,        0,      33,     17,       33
32 Bucket:       140,        0,      42,     14,       42
64 Bucket:       268,        0,      45,     11,       45
128 Bucket:      524,        0,      77,      0,       77
VM OBJECT:       128,        0,    5867,    223,  8038963
MAP:             160,        0,       7,     41,        7
KMAP ENTRY:       68,    44352,      21,    147,   441707
MAP ENTRY:        68,        0,    5198,    626, 20456734
PV ENTRY:         24,  1193930,  170029,  13251, 319421694
DP fakepg:        72,        0,      12,     94,       12
mt_zone:          64,        0,     285,     69,      285
16:               16,        0,    6535,    164,  2938025
32:               32,        0,    1334,    135,  4055383
48:               48,        0,    2159,     25,  2052673
64:               64,        0,    1390,     26,   659860
80:               80,        0,     658,     62,   636044
96:               96,        0,    4822,     58,   154527
120:             120,        0,     433,     47,  5872481
128:             128,        0,     607,     53,   665172
160:             160,        0,     696,     24,   275895
176:             176,        0,      12,     32,       74
208:             208,        0,     401,     36,   767855
232:             232,        0,     371,     20,    38509
240:             240,        0,      21,     27,   351309
248:             248,        0,       0,      0,        0
256:             256,        0,    1445,     10,     1507
296:             296,        0,      95,     22,   152282
512:             512,        0,     231,     17,     1361
1024:           1024,        0,     194,     14,    18509
2048:           2048,        0,     309,    161,     5594
4096:           4096,        0,     667,     12,   498966
Files:            72,        0,    1019,     94, 10237296
MAC labels:       20,        0,    7094,    173,  5963572
PROC:            568,        0,     184,     26,   486865
THREAD:          528,        0,     215,      2,      221
KSEGRP:           92,        0,     215,     25,      221
UPCALL:           44,        0,       0,      0,        0
SLEEPQUEUE:       32,        0,     218,    121,      218
VMSPACE:         264,        0,      82,     23,   485318
mbuf_packet:     256,   180000,     787,    109, 23052928
mbuf:            256,   180000,       5,    509, 15946577
mbuf_cluster:   2048,    30000,     899,     99,  2394189
mbuf_jumbo_pagesize:  4096,        0,       0,      0,        0
mbuf_jumbo_9k:  9216,        0,       0,      0,        0
mbuf_jumbo_16k: 16384,        0,       0,      0,        0
g_bio:           132,        0,       0,    377,   239773
ata_request:     228,        0,       0,    102,    29556
ata_composite:   192,        0,       0,      0,        0
vtblk_request:    32,        0,       0,      0,        0
vtnet_tx_hdr:     16,        0,       0,      0,        0
GENCFG:           72,  1000004,     108,     51,      111
VNODE:           288,        0,    4883,     18,     5491
VNODEPOLL:        72,        0,       0,      0,        0
NAMEI:          1024,        0,       1,     19, 16564783
S VFS Cache:      68,        0,    4530,     62,     7094
L VFS Cache:     291,        0,     341,     62,      573
NFSMOUNT:        480,        0,       0,      0,        0
NFSNODE:         460,        0,       0,      0,        0
PIPE:            404,        0,      50,     13,   310234
AIO:              84,        0,       0,      0,        0
AIOP:             16,        0,       0,      0,        0
AIOCB:           128,        0,       0,      0,        0
AIOL:             64,        0,       0,      0,        0
AIOLIO:           40,        0,       0,      0,        0
KNOTE:            72,        0,     124,     88,  8966458
socket:          412,    30006,     538,     20,   269106
ipq:              52,      288,       0,      0,        0
udp_inpcb:       264,    30000,      30,     15,       67
tcp_inpcb:       264,    30000,      74,     16,   130157
tcpcb:           704,    30000,      73,      7,   130157
sackhole:         20,        0,       0,    169,        2
tcptw:            60,     6048,       1,    125,        2
syncache:        128,    15360,       0,     60,       21
tcpreass:         20,     2028,       0,      0,        0
ripcb:           264,    30000,       8,     22,        8
unpcb:           144,    30024,     277,     47,     6370
SWAPMETA:        276,   121576,       0,      0,        0
FFS inode:       132,        0,    2241,     21,     2614
FFS1 dinode:     128,        0,    2241,     39,     2614
FFS2 dinode:     256,        0,       0,      0,        0
cryptop:          60,        0,       0,      0,        0
cryptodesc:       56,        0,       0,      0,        0
279314761 cpu context switches
277148331 device interrupts
   969212 software interrupts
 56213729 traps
306192092 system calls
      103 kernel threads created
   483222  fork() calls
     3540 vfork() calls
        0 rfork() calls
        0 swap pager pageins
        0 swap pager pages paged in
        0 swap pager pageouts
        0 swap pager pages paged out
    45078 vnode pager pageins
    45106 vnode pager pages paged in
      878 vnode pager pageouts
     6135 vnode pager pages paged out
        0 page daemon wakeups
        0 pages examined by the page daemon
    15078 pages reactivated
 29293852 copy-on-write faults
      585 copy-on-write optimized faults
 16687125 zero fill pages zeroed
 16557687 zero fill pages prezeroed
      182 intransit blocking page faults
 54441105 total VM faults taken
        0 pages affected by kernel thread creation
 22451382 pages affected by  fork()
   189206 pages affected by vfork()
        0 pages affected by rfork()
 52821891 pages freed
        0 pages freed by daemon
 36954365 pages freed by exiting process
   183024 pages active
    27937 pages inactive
    74406 pages in VM cache
    20764 pages wired down
   461877 pages free
     4096 bytes per page
        0 swap pages used
        0 peak swap pages used
 62059781 total name lookups
           cache hits (94% pos + 5% neg) system 0% per-directory
           deletions 0%, falsehits 0%, toolong 0%
interrupt                          total       rate
irq0: clk                       43381497         99
irq1: atkbd0                           3          0
irq4: sio0                          1582          0
irq8: rtc                       55518474        127
irq11: em0 em1 em2              23931388         55
irq14: ata0                        29555          0
irq15: ata1                            1          0
Total\x08\x18                        122862500        283
vm.kmem_map_free: 641220608


root@r3> show system buffer no-forwarding

796/614/1410 mbufs in use (current/cache/total)
794/204/998/30000 mbuf clusters in use (current/cache/total/max)
791/105 mbuf+clusters out of packet secondary zone in use (current/cache)
0/0/0/0 4k (page size) jumbo clusters in use (current/cache/total/max)
0/0/0/0 9k jumbo clusters in use (current/cache/total/max)
0/0/0/0 16k jumbo clusters in use (current/cache/total/max)
1787K/561K/2348K bytes allocated to network (current/cache/total)
0/0/0 requests for mbufs denied (mbufs/clusters/mbuf+clusters)
0/0/0 requests for jumbo clusters denied (4k/9k/16k)
0/7/1024 sfbufs in use (current/peak/max)
0 requests for sfbufs denied
0 requests for sfbufs delayed
0 requests for I/O initiated by sendfile
0 calls to protocol drain routines
0 mbuf requests delayed
0 cluster requests delayed


root@r3> show system queues no-forwarding

output interface            bytes          max  packets      max    drops
lsi                             0        12500        0       41        0
dsc                             0            0        0        0        0
lo0                             0            0        0        0        0
fxp0                            0     12500000        0    41666        2
em1                             0     12500000        0    41666        3
gre                             0        12500        0       41        0
ipip                            0        12500        0       41        0
tap                             0            0        0        0        0
pime                            0        12500        0       41        0
pimd                            0        12500        0       41        0
em2                             0     12500000        0    41666        0
mtun                            0        12500        0       41        0
demux0                          0            0        0        0        0
cbp0                            0     12500000        0    41666        0
pip0                            0     12500000        0    41666        0
pp0                             0       125000        0      416        0
irb                             0     12500000        0    41666        0
vtep                            0     12500000        0    41666        0
lc-0/0/0                        0            0        0        0        0
pfh-0/0/0                       0            0        0        0        0
pfe-0/0/0                       0            0        0        0        0
ge-0/0/0                        0      1250000        0     4166        0
ge-0/0/1                        0      1250000        0     4166        0
ge-0/0/2                        0      1250000        0     4166        0
ge-0/0/3                        0      1250000        0     4166        0
ge-0/0/4                        0      1250000        0     4166        0
ge-0/0/5                        0      1250000        0     4166        0
ge-0/0/6                        0      1250000        0     4166        0
ge-0/0/7                        0      1250000        0     4166        0
ge-0/0/8                        0      1250000        0     4166        0
ge-0/0/9                        0      1250000        0     4166        0
ge-0/1/0                        0      1250000        0     4166        0
ge-0/1/1                        0      1250000        0     4166        0
ge-0/1/2                        0      1250000        0     4166        0
ge-0/1/3                        0      1250000        0     4166        0
ge-0/1/4                        0      1250000        0     4166        0
ge-0/1/5                        0      1250000        0     4166        0
ge-0/1/6                        0      1250000        0     4166        0
ge-0/1/7                        0      1250000        0     4166        0
ge-0/1/8                        0      1250000        0     4166        0
ge-0/1/9                        0      1250000        0     4166        0
xe-0/2/0                        0      1250000        0     4166        0
xe-0/2/1                        0      1250000        0     4166        0
xe-0/3/0                        0      1250000        0     4166        0
xe-0/3/1                        0      1250000        0     4166        0
input protocol              bytes          max  packets      max    drops
splfwdq                         0      1000000        0     1000        0
splnetq                         0      1000000        0     1000        0
arpintrq                        0         3000        0       50    64121
optionq                         0       200000        0      200        0
icmpq                           0        50000        0       50        0
frlmiq                          0            0        0        0        0
spppintrq                       0        25000        0     1000        0
atmctlpktq                      0            0        0        0        0
atmoamq                         0            0        0        0        0
tnpintrq                        0      1250000        0     4166        0
tagintrq                        0       200000        0      200        0
tagfragq                        0       200000        0      200        0


root@r3> show system statistics no-forwarding

Tcp:
         3779738 packets sent
                 500289 data packets (19206691 bytes)
                 0 data packets retransmitted (0 bytes)
                 0 resends initiated by MTU discovery
                 3188352 ack only packets (136580 packets delayed)
                 0 URG only packets
                 0 window probe packets
                 91052 window update packets
                 130108 control packets
         5336165 packets received
                 352026 acks(for 19192790 bytes)
                 3421293 duplicate acks
                 0 acks for unsent data
                 1758859  packets received in-sequence(1339681431 bytes)
                 2320126 completely duplicate packets(0 bytes)
                 0 old duplicate packets
                 0 packets with some duplicate data(0 bytes duped)
                 0 out-of-order packets(0 bytes)
                 0 packets of data after window(0 bytes)
                 0 window probes
                 77 window update packets
                 2 packets received after close
                 0 discarded for bad checksums
                 0 discarded for bad header offset fields
                 0 discarded because packet too short
         130073 connection requests
         21 connection accepts
         0 bad connection attempts
         0 listen queue overflows
         36 connections established (including accepts)
         130083 connections closed (including 4 drops)
                 0 connections updated cached RTT on close
                 0 connections updated cached RTT variance on close
                 0 connections updated cached ssthresh on close
         23 embryonic connections dropped
         352026 segments updated rtt(of 333662 attempts)
         0 retransmit timeouts
                 0 connections dropped by retransmit timeout
         0 persist timeouts
                 0 connections dropped by persist timeout
         1101751 keepalive timeouts
                 1101751 keepalive probes sent
                 0 connections dropped by keepalive
         155419 correct ACK header predictions
         1562604 correct data packet header predictions
         21 syncache entries added
                 0 retransmitted
                 0 dupsyn
                 0 dropped
                 21 completed
                 0 bucket overflow
                 0 cache overflow
                 0 reset
                 0 stale
                 0 aborted
                 0 badack
                 0 unreach
                 0 zone failures
         0 cookies sent
         0 cookies received
         1 SACK recovery episodes
         2 segment retransmits in SACK recovery episodes
         432 byte retransmits in SACK recovery episodes
         25 SACK options (SACK blocks) received
         0 SACK options (SACK blocks) sent
         0 SACK scoreboard overflow
         0 ACKs sent in response to in-window but not exact RSTs
         0 ACKs sent in response to in-window SYNs on established connections
         0 rcv packets dropped by TCP due to bad address
         0 out-of-sequence segment drops due to insufficient memory
         29 RST packets
         0 ICMP packets ignored by TCP
         0 send packets dropped by TCP due to auth errors
         0 rcv packets dropped by TCP due to auth errors
         0 outgoing segments dropped due to policing
udp:
         732692 datagrams received
         0 with incomplete header
         0 with bad data length field
         0 with bad checksum
         730617 dropped due to no socket
